Archive member included to satisfy reference by file (symbol)

/usr/lib/gcc/arm-none-eabi/10.3.1/../../../arm-none-eabi/lib/thumb/v7-m/nofp/libc_nano.a(lib_a-atexit.o)
                              /usr/lib/gcc/arm-none-eabi/10.3.1/../../../arm-none-eabi/lib/thumb/v7-m/nofp/crt0.o (atexit)
/usr/lib/gcc/arm-none-eabi/10.3.1/../../../arm-none-eabi/lib/thumb/v7-m/nofp/libc_nano.a(lib_a-errno.o)
                              build/main.o (__errno)
/usr/lib/gcc/arm-none-eabi/10.3.1/../../../arm-none-eabi/lib/thumb/v7-m/nofp/libc_nano.a(lib_a-exit.o)
                              /usr/lib/gcc/arm-none-eabi/10.3.1/../../../arm-none-eabi/lib/thumb/v7-m/nofp/crt0.o (exit)
/usr/lib/gcc/arm-none-eabi/10.3.1/../../../arm-none-eabi/lib/thumb/v7-m/nofp/libc_nano.a(lib_a-fini.o)
                              /usr/lib/gcc/arm-none-eabi/10.3.1/../../../arm-none-eabi/lib/thumb/v7-m/nofp/crt0.o (__libc_fini_array)
/usr/lib/gcc/arm-none-eabi/10.3.1/../../../arm-none-eabi/lib/thumb/v7-m/nofp/libc_nano.a(lib_a-impure.o)
                              /usr/lib/gcc/arm-none-eabi/10.3.1/../../../arm-none-eabi/lib/thumb/v7-m/nofp/libc_nano.a(lib_a-exit.o) (_global_impure_ptr)
/usr/lib/gcc/arm-none-eabi/10.3.1/../../../arm-none-eabi/lib/thumb/v7-m/nofp/libc_nano.a(lib_a-init.o)
                              /usr/lib/gcc/arm-none-eabi/10.3.1/../../../arm-none-eabi/lib/thumb/v7-m/nofp/crt0.o (__libc_init_array)
/usr/lib/gcc/arm-none-eabi/10.3.1/../../../arm-none-eabi/lib/thumb/v7-m/nofp/libc_nano.a(lib_a-malloc.o)
                              build/relay.o (malloc)
/usr/lib/gcc/arm-none-eabi/10.3.1/../../../arm-none-eabi/lib/thumb/v7-m/nofp/libc_nano.a(lib_a-memcpy.o)
                              build/config.o (memcpy)
/usr/lib/gcc/arm-none-eabi/10.3.1/../../../arm-none-eabi/lib/thumb/v7-m/nofp/libc_nano.a(lib_a-memset.o)
                              /usr/lib/gcc/arm-none-eabi/10.3.1/../../../arm-none-eabi/lib/thumb/v7-m/nofp/crt0.o (memset)
/usr/lib/gcc/arm-none-eabi/10.3.1/../../../arm-none-eabi/lib/thumb/v7-m/nofp/libc_nano.a(lib_a-nano-freer.o)
                              /usr/lib/gcc/arm-none-eabi/10.3.1/../../../arm-none-eabi/lib/thumb/v7-m/nofp/libc_nano.a(lib_a-malloc.o) (_free_r)
/usr/lib/gcc/arm-none-eabi/10.3.1/../../../arm-none-eabi/lib/thumb/v7-m/nofp/libc_nano.a(lib_a-nano-mallocr.o)
                              /usr/lib/gcc/arm-none-eabi/10.3.1/../../../arm-none-eabi/lib/thumb/v7-m/nofp/libc_nano.a(lib_a-malloc.o) (_malloc_r)
/usr/lib/gcc/arm-none-eabi/10.3.1/../../../arm-none-eabi/lib/thumb/v7-m/nofp/libc_nano.a(lib_a-nano-vfprintf_float.o)
                              (_printf_float)
/usr/lib/gcc/arm-none-eabi/10.3.1/../../../arm-none-eabi/lib/thumb/v7-m/nofp/libc_nano.a(lib_a-nano-vfprintf_i.o)
                              /usr/lib/gcc/arm-none-eabi/10.3.1/../../../arm-none-eabi/lib/thumb/v7-m/nofp/libc_nano.a(lib_a-nano-vfprintf_float.o) (_printf_common)
/usr/lib/gcc/arm-none-eabi/10.3.1/../../../arm-none-eabi/lib/thumb/v7-m/nofp/libc_nano.a(lib_a-printf.o)
                              build/sht_sensor.o (printf)
/usr/lib/gcc/arm-none-eabi/10.3.1/../../../arm-none-eabi/lib/thumb/v7-m/nofp/libc_nano.a(lib_a-puts.o)
                              build/input.o (puts)
/usr/lib/gcc/arm-none-eabi/10.3.1/../../../arm-none-eabi/lib/thumb/v7-m/nofp/libc_nano.a(lib_a-sbrkr.o)
                              /usr/lib/gcc/arm-none-eabi/10.3.1/../../../arm-none-eabi/lib/thumb/v7-m/nofp/libc_nano.a(lib_a-nano-mallocr.o) (_sbrk_r)
/usr/lib/gcc/arm-none-eabi/10.3.1/../../../arm-none-eabi/lib/thumb/v7-m/nofp/libc_nano.a(lib_a-strlen-stub.o)
                              /usr/lib/gcc/arm-none-eabi/10.3.1/../../../arm-none-eabi/lib/thumb/v7-m/nofp/libc_nano.a(lib_a-nano-vfprintf_float.o) (strlen)
/usr/lib/gcc/arm-none-eabi/10.3.1/../../../arm-none-eabi/lib/thumb/v7-m/nofp/libc_nano.a(lib_a-wbuf.o)
                              /usr/lib/gcc/arm-none-eabi/10.3.1/../../../arm-none-eabi/lib/thumb/v7-m/nofp/libc_nano.a(lib_a-puts.o) (__swbuf_r)
/usr/lib/gcc/arm-none-eabi/10.3.1/../../../arm-none-eabi/lib/thumb/v7-m/nofp/libc_nano.a(lib_a-wsetup.o)
                              /usr/lib/gcc/arm-none-eabi/10.3.1/../../../arm-none-eabi/lib/thumb/v7-m/nofp/libc_nano.a(lib_a-puts.o) (__swsetup_r)
/usr/lib/gcc/arm-none-eabi/10.3.1/../../../arm-none-eabi/lib/thumb/v7-m/nofp/libc_nano.a(lib_a-__atexit.o)
                              /usr/lib/gcc/arm-none-eabi/10.3.1/../../../arm-none-eabi/lib/thumb/v7-m/nofp/libc_nano.a(lib_a-atexit.o) (__register_exitproc)
/usr/lib/gcc/arm-none-eabi/10.3.1/../../../arm-none-eabi/lib/thumb/v7-m/nofp/libc_nano.a(lib_a-__call_atexit.o)
                              /usr/lib/gcc/arm-none-eabi/10.3.1/../../../arm-none-eabi/lib/thumb/v7-m/nofp/libc_nano.a(lib_a-__atexit.o) (__call_exitprocs)
/usr/lib/gcc/arm-none-eabi/10.3.1/../../../arm-none-eabi/lib/thumb/v7-m/nofp/libc_nano.a(lib_a-dtoa.o)
[...]
Memory Configuration

Name             Origin             Length             Attributes
RAM              0x0000000020000000 0x0000000000010000 xrw
FLASH            0x0000000008000000 0x0000000000040000 xr
*default*        0x0000000000000000 0xffffffffffffffff

Linker script and memory map

LOAD /usr/lib/gcc/arm-none-eabi/10.3.1/thumb/v7-m/nofp/crti.o
LOAD /usr/lib/gcc/arm-none-eabi/10.3.1/thumb/v7-m/nofp/crtbegin.o
LOAD /usr/lib/gcc/arm-none-eabi/10.3.1/../../../arm-none-eabi/lib/thumb/v7-m/nofp/crt0.o
LOAD build/main.o
LOAD build/gpio.o
LOAD build/relay.o
LOAD build/input.o
LOAD build/stm32f1xx_it.o
LOAD build/stm32f1xx_hal_msp.o
LOAD build/system_stm32f1xx.o
LOAD build/stm32f1xx_hal.o
LOAD build/stm32f1xx_hal_pcd.o
LOAD build/stm32f1xx_hal_pcd_ex.o
LOAD build/stm32f1xx_hal_adc.o
LOAD build/stm32f1xx_hal_adc_ex.o
LOAD build/stm32f1xx_hal_iwdg.o
LOAD build/stm32f1xx_hal_rtc.o
LOAD build/stm32f1xx_hal_rtc_ex.o
LOAD build/stm32f1xx_hal_spi.o
LOAD build/stm32f1xx_hal_tim.o
LOAD build/stm32f1xx_hal_tim_ex.o
LOAD build/stm32f1xx_hal_uart.o
LOAD build/stm32f1xx_hal_rcc.o
LOAD build/stm32f1xx_hal_rcc_ex.o
LOAD build/stm32f1xx_hal_gpio.o
LOAD build/stm32f1xx_hal_dma.o
LOAD build/stm32f1xx_hal_cortex.o
LOAD build/stm32f1xx_hal_pwr.o
LOAD build/stm32f1xx_hal_flash.o
LOAD build/stm32f1xx_hal_flash_ex.o
LOAD build/stm32f1xx_ll_usb.o
LOAD build/stm32f1xx_ll_usart.o
LOAD build/usbd_core.o
LOAD build/usbd_ctlreq.o
LOAD build/usbd_ioreq.o
LOAD build/usbd_cdc.o
LOAD build/fifo.o
LOAD build/modbus_crc.o
LOAD build/modbus_data.o
LOAD build/usart.o
LOAD build/sht_sensor.o
LOAD build/control_system.o
LOAD build/config.o
LOAD build/usbd_conf.o
LOAD build/usb_device.o
LOAD build/usbd_desc.o
LOAD build/usbd_cdc_if.o
LOAD build/startup_stm32f103xe.o
LOAD /usr/lib/gcc/arm-none-eabi/10.3.1/../../../arm-none-eabi/lib/thumb/v7-m/nofp/libc_nano.a
LOAD /usr/lib/gcc/arm-none-eabi/10.3.1/../../../arm-none-eabi/lib/thumb/v7-m/nofp/libm.a
LOAD /usr/lib/gcc/arm-none-eabi/10.3.1/../../../arm-none-eabi/lib/thumb/v7-m/nofp/libnosys.a
START GROUP
LOAD /usr/lib/gcc/arm-none-eabi/10.3.1/thumb/v7-m/nofp/libgcc.a
LOAD /usr/lib/gcc/arm-none-eabi/10.3.1/../../../arm-none-eabi/lib/thumb/v7-m/nofp/libc_nano.a
END GROUP
START GROUP
LOAD /usr/lib/gcc/arm-none-eabi/10.3.1/thumb/v7-m/nofp/libgcc.a
LOAD /usr/lib/gcc/arm-none-eabi/10.3.1/../../../arm-none-eabi/lib/thumb/v7-m/nofp/libc_nano.a
END GROUP
LOAD /usr/lib/gcc/arm-none-eabi/10.3.1/thumb/v7-m/nofp/crtend.o
LOAD /usr/lib/gcc/arm-none-eabi/10.3.1/thumb/v7-m/nofp/crtn.o
                0x0000000020010000                _estack = 0x20010000
                0x0000000000000200                _Min_Heap_Size = 0x200
                0x0000000000000400                _Min_Stack_Size = 0x400

.isr_vector     0x0000000008000000      0x1e4
                0x0000000008000000                . = ALIGN (0x4)
 *(.isr_vector)
 .isr_vector    0x0000000008000000      0x1e4 build/startup_stm32f103xe.o
                0x0000000008000000                g_pfnVectors
                0x00000000080001e4                . = ALIGN (0x4)

.text           0x00000000080001e8     0xc094
                0x00000000080001e8                . = ALIGN (0x4)
 *(.text)
 .text          0x00000000080001e8       0x88 /usr/lib/gcc/arm-none-eabi/10.3.1/thumb/v7-m/nofp/crtbegin.o
 .text          0x0000000008000270        0xc /usr/lib/gcc/arm-none-eabi/10.3.1/../../../arm-none-eabi/lib/thumb/v7-m/nofp/libc_nano.a(lib_a-errno.o)
                0x0000000008000270                __errno
 .text          0x000000000800027c       0x48 /usr/lib/gcc/arm-none-eabi/10.3.1/../../../arm-none-eabi/lib/thumb/v7-m/nofp/libc_nano.a(lib_a-init.o)
                0x000000000800027c                __libc_init_array
 .text          0x00000000080002c4       0x20 /usr/lib/gcc/arm-none-eabi/10.3.1/../../../arm-none-eabi/lib/thumb/v7-m/nofp/libc_nano.a(lib_a-malloc.o)
                0x00000000080002c4                malloc
                0x00000000080002d4                free
 .text          0x00000000080002e4       0xec /usr/lib/gcc/arm-none-eabi/10.3.1/../../../arm-none-eabi/lib/thumb/v7-m/nofp/libc_nano.a(lib_a-memcpy.o)
                0x00000000080002e4                memcpy
 .text          0x00000000080003d0       0xa4 /usr/lib/gcc/arm-none-eabi/10.3.1/../../../arm-none-eabi/lib/thumb/v7-m/nofp/libc_nano.a(lib_a-memset.o)
                0x00000000080003d0                memset
 .text          0x0000000008000474       0xcc /usr/lib/gcc/arm-none-eabi/10.3.1/../../../arm-none-eabi/lib/thumb/v7-m/nofp/libc_nano.a(lib_a-nano-freer.o)
                0x0000000008000474                _free_r
 .text          0x0000000008000540       0xb8 /usr/lib/gcc/arm-none-eabi/10.3.1/../../../arm-none-eabi/lib/thumb/v7-m/nofp/libc_nano.a(lib_a-nano-mallocr.o)
                0x0000000008000540                _malloc_r
 .text          0x00000000080005f8      0x6e4 /usr/lib/gcc/arm-none-eabi/10.3.1/../../../arm-none-eabi/lib/thumb/v7-m/nofp/libc_nano.a(lib_a-nano-vfprintf_float.o)
                0x00000000080005f8                __cvt
                0x00000000080006ec                __exponent
                0x0000000008000788                _printf_float
 .text          0x0000000008000cdc      0x3d8 /usr/lib/gcc/arm-none-eabi/10.3.1/../../../arm-none-eabi/lib/thumb/v7-m/nofp/libc_nano.a(lib_a-nano-vfprintf_i.o)
                0x0000000008000cdc                _printf_common
                0x0000000008000e08                _printf_i
 .text          0x00000000080010b4       0x60 /usr/lib/gcc/arm-none-eabi/10.3.1/../../../arm-none-eabi/lib/thumb/v7-m/nofp/libc_nano.a(lib_a-printf.o)
                0x00000000080010b4                _printf_r
                0x00000000080010b4                _iprintf_r
                0x00000000080010e0                printf
                0x00000000080010e0                iprintf
 .text          0x0000000008001114       0xe0 /usr/lib/gcc/arm-none-eabi/10.3.1/../../../arm-none-eabi/lib/thumb/v7-m/nofp/libc_nano.a(lib_a-puts.o)
                0x0000000008001114                _puts_r
                0x00000000080011e4                puts
 .text          0x00000000080011f4       0x24 /usr/lib/gcc/arm-none-eabi/10.3.1/../../../arm-none-eabi/lib/thumb/v7-m/nofp/libc_nano.a(lib_a-sbrkr.o)
                0x00000000080011f4                _sbrk_r
 .text          0x0000000008001218       0x5c /usr/lib/gcc/arm-none-eabi/10.3.1/../../../arm-none-eabi/lib/thumb/v7-m/nofp/libc_nano.a(lib_a-strlen-stub.o)
                0x0000000008001218                strlen
 .text          0x0000000008001274       0xc4 /usr/lib/gcc/arm-none-eabi/10.3.1/../../../arm-none-eabi/lib/thumb/v7-m/nofp/libc_nano.a(lib_a-wbuf.o)
                0x0000000008001274                __swbuf_r
                0x0000000008001324                __swbuf
 .text          0x0000000008001338      0x104 /usr/lib/gcc/arm-none-eabi/10.3.1/../../../arm-none-eabi/lib/thumb/v7-m/nofp/libc_nano.a(lib_a-wsetup.o)
                0x0000000008001338                __swsetup_r
 *fill*         0x000000000800143c        0x4 
 .text          0x0000000008001440     0x1034 /usr/lib/gcc/arm-none-eabi/10.3.1/../../../arm-none-eabi/lib/thumb/v7-m/nofp/libc_nano.a(lib_a-dtoa.o)
                0x000000000800156c                _dtoa_r
 .text          0x0000000008002474      0x1dc /usr/lib/gcc/arm-none-eabi/10.3.1/../../../arm-none-eabi/lib/thumb/v7-m/nofp/libc_nano.a(lib_a-fflush.o)
                0x0000000008002474                __sflush_r
                0x000000000800257c                _fflush_r
                0x00000000080025d0                fflush
 .text          0x0000000008002650      0x230 /usr/lib/gcc/arm-none-eabi/10.3.1/../../../arm-none-eabi/lib/thumb/v7-m/nofp/libc_nano.a(lib_a-findfp.o)
                0x0000000008002654                _cleanup_r
                0x0000000008002664                __sfmoreglue
                0x0000000008002694                __sfp
                0x000000000800282c                _cleanup
                0x0000000008002840                __sinit
                0x0000000008002848                __sfp_lock_acquire
                0x000000000800284c                __sfp_lock_release
                0x0000000008002850                __sinit_lock_acquire
                0x0000000008002854                __sinit_lock_release
                0x0000000008002858                __fp_lock_all
                0x000000000800286c                __fp_unlock_all
 .text          0x0000000008002880       0x88 /usr/lib/gcc/arm-none-eabi/10.3.1/../../../arm-none-eabi/lib/thumb/v7-m/nofp/libc_nano.a(lib_a-fwalk.o)
                0x0000000008002880                _fwalk
                0x00000000080028c0                _fwalk_reent
 .text          0x0000000008002908       0x14 /usr/lib/gcc/arm-none-eabi/10.3.1/../../../arm-none-eabi/lib/thumb/v7-m/nofp/libc_nano.a(lib_a-localeconv.o)
                0x0000000008002908                __localeconv_l
                0x000000000800290c                _localeconv_r
                0x0000000008002914                localeconv
 .text          0x000000000800291c      0x11c /usr/lib/gcc/arm-none-eabi/10.3.1/../../../arm-none-eabi/lib/thumb/v7-m/nofp/libc_nano.a(lib_a-makebuf.o)
                0x000000000800291c                __smakebuf_r
                0x00000000080029dc                __swhatbuf_r
 .text          0x0000000008002a38       0x90 /usr/lib/gcc/arm-none-eabi/10.3.1/../../../arm-none-eabi/lib/thumb/v7-m/nofp/libc_nano.a(lib_a-memchr-stub.o)
                0x0000000008002a38                memchr
 .text          0x0000000008002ac8        0x8 /usr/lib/gcc/arm-none-eabi/10.3.1/../../../arm-none-eabi/lib/thumb/v7-m/nofp/libc_nano.a(lib_a-mlock.o)
                0x0000000008002ac8                __malloc_lock
                0x0000000008002acc                __malloc_unlock
 .text          0x0000000008002ad0      0xabc /usr/lib/gcc/arm-none-eabi/10.3.1/../../../arm-none-eabi/lib/thumb/v7-m/nofp/libc_nano.a(lib_a-mprec.o)
                0x0000000008002ad0                _Balloc
                0x0000000008002b50                _Bfree
                0x0000000008002b98                __multadd
                0x0000000008002c34                __s2b
                0x0000000008002ce8                __hi0bits
                0x0000000008002d28                __lo0bits
                0x0000000008002d80                __i2b
                0x0000000008002dac                __multiply
                0x0000000008002f08                __pow5mult
                0x0000000008002fe8                __lshift
                0x00000000080030d0                __mcmp
                0x0000000008003110                __mdiff
                0x000000000800325c                __ulp
                0x00000000080032a0                __b2d
                0x0000000008003370                __d2b
                0x0000000008003434                __ratio
                0x0000000008003494                _mprec_log10
                0x00000000080034cc                __copybits
                0x000000000800352c                __any_on
 .text          0x000000000800358c       0x1c /usr/lib/gcc/arm-none-eabi/10.3.1/../../../arm-none-eabi/lib/thumb/v7-m/nofp/libc_nano.a(lib_a-nano-callocr.o)
                0x000000000800358c                _calloc_r
 .text          0x00000000080035a8      0x320 /usr/lib/gcc/arm-none-eabi/10.3.1/../../../arm-none-eabi/lib/thumb/v7-m/nofp/libc_nano.a(lib_a-nano-vfprintf.o)
                0x00000000080035d0                __sfputs_r
                0x0000000008003600                __sprint_r
                0x000000000800361c                _vfiprintf_r
                0x000000000800361c                _vfprintf_r
                0x00000000080038ac                vfiprintf
                0x00000000080038ac                vfprintf
 .text          0x00000000080038c8       0x90 /usr/lib/gcc/arm-none-eabi/10.3.1/../../../arm-none-eabi/lib/thumb/v7-m/nofp/libc_nano.a(lib_a-stdio.o)
                0x00000000080038c8                __sread
                0x00000000080038ec                __seofread
                0x00000000080038f0                __swrite
                0x0000000008003930                __sseek
                0x0000000008003950                __sclose
 .text          0x0000000008003958       0x2c /usr/lib/gcc/arm-none-eabi/10.3.1/../../../arm-none-eabi/lib/thumb/v7-m/nofp/libc_nano.a(lib_a-writer.o)
                0x0000000008003958                _write_r
 .text          0x0000000008003984       0x4c /usr/lib/gcc/arm-none-eabi/10.3.1/../../../arm-none-eabi/lib/thumb/v7-m/nofp/libc_nano.a(lib_a-assert.o)
                0x0000000008003984                __assert_func
                0x00000000080039c4                __assert
 .text          0x00000000080039d0       0x24 /usr/lib/gcc/arm-none-eabi/10.3.1/../../../arm-none-eabi/lib/thumb/v7-m/nofp/libc_nano.a(lib_a-closer.o)
                0x00000000080039d0                _close_r
 .text          0x00000000080039f4       0x44 /usr/lib/gcc/arm-none-eabi/10.3.1/../../../arm-none-eabi/lib/thumb/v7-m/nofp/libc_nano.a(lib_a-fprintf.o)
                0x00000000080039f4                _fprintf_r
                0x00000000080039f4                _fiprintf_r
                0x0000000008003a10                fprintf
                0x0000000008003a10                fiprintf
 .text          0x0000000008003a38       0x28 /usr/lib/gcc/arm-none-eabi/10.3.1/../../../arm-none-eabi/lib/thumb/v7-m/nofp/libc_nano.a(lib_a-fstatr.o)
                0x0000000008003a38                _fstat_r
 .text          0x0000000008003a60      0x2f0 /usr/lib/gcc/arm-none-eabi/10.3.1/../../../arm-none-eabi/lib/thumb/v7-m/nofp/libc_nano.a(lib_a-fvwrite.o)
                0x0000000008003a60                __sfvwrite_r
 .text          0x0000000008003d50       0x24 /usr/lib/gcc/arm-none-eabi/10.3.1/../../../arm-none-eabi/lib/thumb/v7-m/nofp/libc_nano.a(lib_a-isattyr.o)
                0x0000000008003d50                _isatty_r
 .text          0x0000000008003d74       0x2c /usr/lib/gcc/arm-none-eabi/10.3.1/../../../arm-none-eabi/lib/thumb/v7-m/nofp/libc_nano.a(lib_a-lseekr.o)
                0x0000000008003d74                _lseek_r
 .text          0x0000000008003da0       0x40 /usr/lib/gcc/arm-none-eabi/10.3.1/../../../arm-none-eabi/lib/thumb/v7-m/nofp/libc_nano.a(lib_a-mbtowc_r.o)
                0x0000000008003da0                _mbtowc_r
                0x0000000008003db4                __ascii_mbtowc
 .text          0x0000000008003de0       0xf8 /usr/lib/gcc/arm-none-eabi/10.3.1/../../../arm-none-eabi/lib/thumb/v7-m/nofp/libc_nano.a(lib_a-memmove.o)
                0x0000000008003de0                memmove
 .text          0x0000000008003ed8       0x50 /usr/lib/gcc/arm-none-eabi/10.3.1/../../../arm-none-eabi/lib/thumb/v7-m/nofp/libc_nano.a(lib_a-nano-reallocr.o)
                0x0000000008003ed8                _realloc_r
 .text          0x0000000008003f28       0x2c /usr/lib/gcc/arm-none-eabi/10.3.1/../../../arm-none-eabi/lib/thumb/v7-m/nofp/libc_nano.a(lib_a-readr.o)
                0x0000000008003f28                _read_r
 .text          0x0000000008003f54       0x30 /usr/lib/gcc/arm-none-eabi/10.3.1/../../../arm-none-eabi/lib/thumb/v7-m/nofp/libc_nano.a(lib_a-wctomb_r.o)
                0x0000000008003f54                _wctomb_r
                0x0000000008003f68                __ascii_wctomb
 .text          0x0000000008003f84       0x10 /usr/lib/gcc/arm-none-eabi/10.3.1/../../../arm-none-eabi/lib/thumb/v7-m/nofp/libc_nano.a(lib_a-abort.o)
                0x0000000008003f84                abort
 .text          0x0000000008003f94       0x14 /usr/lib/gcc/arm-none-eabi/10.3.1/../../../arm-none-eabi/lib/thumb/v7-m/nofp/libc_nano.a(lib_a-nano-msizer.o)
                0x0000000008003f94                _malloc_usable_size_r
 .text          0x0000000008003fa8      0x26c /usr/lib/gcc/arm-none-eabi/10.3.1/../../../arm-none-eabi/lib/thumb/v7-m/nofp/libc_nano.a(lib_a-signal.o)
                0x0000000008003fa8                _init_signal_r
                0x0000000008003fd4                _signal_r
                0x000000000800401c                _raise_r
                0x0000000008004070                __sigtramp_r
                0x00000000080040d4                raise
                0x000000000800412c                signal
                0x000000000800417c                _init_signal
                0x00000000080041b0                __sigtramp
 .text          0x0000000008004214       0x2c /usr/lib/gcc/arm-none-eabi/10.3.1/../../../arm-none-eabi/lib/thumb/v7-m/nofp/libc_nano.a(lib_a-signalr.o)
                0x0000000008004214                _kill_r
                0x000000000800423c                _getpid_r
 .text          0x0000000008004240       0x10 /usr/lib/gcc/arm-none-eabi/10.3.1/../../../arm-none-eabi/lib/thumb/v7-m/nofp/libnosys.a(close.o)
                0x0000000008004240                _close
 .text          0x0000000008004250       0x10 /usr/lib/gcc/arm-none-eabi/10.3.1/../../../arm-none-eabi/lib/thumb/v7-m/nofp/libnosys.a(fstat.o)
                0x0000000008004250                _fstat
 .text          0x0000000008004260       0x10 /usr/lib/gcc/arm-none-eabi/10.3.1/../../../arm-none-eabi/lib/thumb/v7-m/nofp/libnosys.a(getpid.o)
                0x0000000008004260                _getpid
 .text          0x0000000008004270       0x10 /usr/lib/gcc/arm-none-eabi/10.3.1/../../../arm-none-eabi/lib/thumb/v7-m/nofp/libnosys.a(isatty.o)
                0x0000000008004270                _isatty
 .text          0x0000000008004280       0x10 /usr/lib/gcc/arm-none-eabi/10.3.1/../../../arm-none-eabi/lib/thumb/v7-m/nofp/libnosys.a(kill.o)
                0x0000000008004280                _kill
 .text          0x0000000008004290       0x10 /usr/lib/gcc/arm-none-eabi/10.3.1/../../../arm-none-eabi/lib/thumb/v7-m/nofp/libnosys.a(lseek.o)
                0x0000000008004290                _lseek
 .text          0x00000000080042a0       0x10 /usr/lib/gcc/arm-none-eabi/10.3.1/../../../arm-none-eabi/lib/thumb/v7-m/nofp/libnosys.a(read.o)
                0x00000000080042a0                _read
 .text          0x00000000080042b0       0x1c /usr/lib/gcc/arm-none-eabi/10.3.1/../../../arm-none-eabi/lib/thumb/v7-m/nofp/libnosys.a(sbrk.o)
                0x00000000080042b0                _sbrk
 .text          0x00000000080042cc        0x4 /usr/lib/gcc/arm-none-eabi/10.3.1/../../../arm-none-eabi/lib/thumb/v7-m/nofp/libnosys.a(_exit.o)
                0x00000000080042cc                _exit
 .text          0x00000000080042d0      0x378 /usr/lib/gcc/arm-none-eabi/10.3.1/thumb/v7-m/nofp/libgcc.a(_arm_addsubdf3.o)
                0x00000000080042d0                __aeabi_drsub
                0x00000000080042d8                __aeabi_dsub
                0x00000000080042d8                __subdf3
                0x00000000080042dc                __adddf3
                0x00000000080042dc                __aeabi_dadd
                0x0000000008004554                __aeabi_ui2d
                0x0000000008004554                __floatunsidf
                0x0000000008004574                __floatsidf
                0x0000000008004574                __aeabi_i2d
                0x0000000008004598                __extendsfdf2
                0x0000000008004598                __aeabi_f2d
                0x00000000080045dc                __aeabi_ul2d
                0x00000000080045dc                __floatundidf
                0x00000000080045ec                __floatdidf
                0x00000000080045ec                __aeabi_l2d
 .text          0x0000000008004648      0x424 /usr/lib/gcc/arm-none-eabi/10.3.1/thumb/v7-m/nofp/libgcc.a(_arm_muldivdf3.o)
                0x0000000008004648                __aeabi_dmul
                0x0000000008004648                __muldf3
                0x000000000800489c                __aeabi_ddiv
                0x000000000800489c                __divdf3
 .text          0x0000000008004a6c      0x110 /usr/lib/gcc/arm-none-eabi/10.3.1/thumb/v7-m/nofp/libgcc.a(_arm_cmpdf2.o)
                0x0000000008004a6c                __gtdf2
                0x0000000008004a6c                __gedf2
                0x0000000008004a74                __ltdf2
                0x0000000008004a74                __ledf2
                0x0000000008004a7c                __cmpdf2
                0x0000000008004a7c                __eqdf2
                0x0000000008004a7c                __nedf2
                0x0000000008004af8                __aeabi_cdrcmple
                0x0000000008004b08                __aeabi_cdcmple
                0x0000000008004b08                __aeabi_cdcmpeq
                0x0000000008004b18                __aeabi_dcmpeq
                0x0000000008004b2c                __aeabi_dcmplt
                0x0000000008004b40                __aeabi_dcmple
                0x0000000008004b54                __aeabi_dcmpge
                0x0000000008004b68                __aeabi_dcmpgt
 .text          0x0000000008004b7c       0x2c /usr/lib/gcc/arm-none-eabi/10.3.1/thumb/v7-m/nofp/libgcc.a(_arm_unorddf2.o)
                0x0000000008004b7c                __aeabi_dcmpun
                0x0000000008004b7c                __unorddf2
 .text          0x0000000008004ba8       0x50 /usr/lib/gcc/arm-none-eabi/10.3.1/thumb/v7-m/nofp/libgcc.a(_arm_fixdfsi.o)
                0x0000000008004ba8                __fixdfsi
                0x0000000008004ba8                __aeabi_d2iz
 .text          0x0000000008004bf8       0x40 /usr/lib/gcc/arm-none-eabi/10.3.1/thumb/v7-m/nofp/libgcc.a(_arm_fixunsdfsi.o)
                0x0000000008004bf8                __fixunsdfsi
                0x0000000008004bf8                __aeabi_d2uiz
 .text          0x0000000008004c38       0xa0 /usr/lib/gcc/arm-none-eabi/10.3.1/thumb/v7-m/nofp/libgcc.a(_arm_truncdfsf2.o)
                0x0000000008004c38                __aeabi_d2f
                0x0000000008004c38                __truncdfsf2
 .text          0x0000000008004cd8      0x21c /usr/lib/gcc/arm-none-eabi/10.3.1/thumb/v7-m/nofp/libgcc.a(_arm_addsubsf3.o)
                0x0000000008004cd8                __aeabi_frsub
                0x0000000008004ce0                __subsf3
                0x0000000008004ce0                __aeabi_fsub
                0x0000000008004ce4                __aeabi_fadd
                0x0000000008004ce4                __addsf3
                0x0000000008004e44                __aeabi_ui2f
                0x0000000008004e44                __floatunsisf
                0x0000000008004e4c                __aeabi_i2f
                0x0000000008004e4c                __floatsisf
                0x0000000008004e68                __floatundisf
                0x0000000008004e68                __aeabi_ul2f
                0x0000000008004e78                __floatdisf
                0x0000000008004e78                __aeabi_l2f
 .text          0x0000000008004ef4      0x2a0 /usr/lib/gcc/arm-none-eabi/10.3.1/thumb/v7-m/nofp/libgcc.a(_arm_muldivsf3.o)
                0x0000000008004ef4                __mulsf3
                0x0000000008004ef4                __aeabi_fmul
                0x000000000800505c                __divsf3
                0x000000000800505c                __aeabi_fdiv
 .text          0x0000000008005194       0xec /usr/lib/gcc/arm-none-eabi/10.3.1/thumb/v7-m/nofp/libgcc.a(_arm_cmpsf2.o)
                0x0000000008005194                __gtsf2
                0x0000000008005194                __gesf2
                0x000000000800519c                __lesf2
                0x000000000800519c                __ltsf2
                0x00000000080051a4                __nesf2
                0x00000000080051a4                __eqsf2
                0x00000000080051a4                __cmpsf2
                0x0000000008005204                __aeabi_cfrcmple
                0x000000000800520c                __aeabi_cfcmple
                0x000000000800520c                __aeabi_cfcmpeq
                0x000000000800521c                __aeabi_fcmpeq
                0x0000000008005230                __aeabi_fcmplt
                0x0000000008005244                __aeabi_fcmple
                0x0000000008005258                __aeabi_fcmpge
                0x000000000800526c                __aeabi_fcmpgt
 .text          0x0000000008005280       0x40 /usr/lib/gcc/arm-none-eabi/10.3.1/thumb/v7-m/nofp/libgcc.a(_arm_fixunssfsi.o)
                0x0000000008005280                __aeabi_f2uiz
                0x0000000008005280                __fixunssfsi
 *(.text*)
 .text.SystemClock_Config
                0x00000000080052c0       0x7e build/main.o
                0x00000000080052c0                SystemClock_Config
 *fill*         0x000000000800533e        0x2 
 .text.main     0x0000000008005340       0x70 build/main.o
                0x0000000008005340                main
 .text.Error_Handler
                0x00000000080053b0        0x2 build/main.o
                0x00000000080053b0                Error_Handler
 .text._write   0x00000000080053b2       0x22 build/main.o
                0x00000000080053b2                _write
 .text.MX_GPIO_Init
                0x00000000080053d4       0xb0 build/gpio.o
                0x00000000080053d4                MX_GPIO_Init
 .text.RELAY_Init
                0x0000000008005484       0xe0 build/relay.o
                0x0000000008005484                RELAY_Init
 .text.RELAY1   0x0000000008005564       0x4c build/relay.o
                0x0000000008005564                RELAY1
 .text.RELAY2   0x00000000080055b0       0x48 build/relay.o
                0x00000000080055b0                RELAY2
 .text.RELAY3   0x00000000080055f8       0x5c build/relay.o
                0x00000000080055f8                RELAY3
 .text.RELAY4   0x0000000008005654       0x58 build/relay.o
                0x0000000008005654                RELAY4
 .text.RELAY5   0x00000000080056ac       0x58 build/relay.o
                0x00000000080056ac                RELAY5
 .text.RELAY6   0x0000000008005704       0x48 build/relay.o
                0x0000000008005704                RELAY6
 .text.RELAY7   0x000000000800574c       0x48 build/relay.o
                0x000000000800574c                RELAY7
 .text.RELAY8   0x0000000008005794       0x48 build/relay.o
                0x0000000008005794                RELAY8
 .text.RELAY9   0x00000000080057dc       0x48 build/relay.o
                0x00000000080057dc                RELAY9
 .text.RELAY10  0x0000000008005824       0x44 build/relay.o
                0x0000000008005824                RELAY10
 .text.RELAY11  0x0000000008005868       0x44 build/relay.o
                0x0000000008005868                RELAY11
 .text.RELAY12  0x00000000080058ac       0x44 build/relay.o
                0x00000000080058ac                RELAY12
 .text.RELAY13  0x00000000080058f0       0x44 build/relay.o
                0x00000000080058f0                RELAY13
 .text.RELAY_Manage
                0x0000000008005934       0x70 build/relay.o
                0x0000000008005934                RELAY_Manage
 .text.Input_Init
                0x00000000080059a4       0x94 build/input.o
                0x00000000080059a4                Input_Init
 .text.Input_Get
                0x0000000008005a38      0x2a4 build/input.o
                0x0000000008005a38                Input_Get
 .text.Input_Process
                0x0000000008005cdc       0xb0 build/input.o
                0x0000000008005cdc                Input_Process
 .text.Input_Manage
                0x0000000008005d8c       0x24 build/input.o
                0x0000000008005d8c                Input_Manage
 .text.NMI_Handler
                0x0000000008005db0        0x2 build/stm32f1xx_it.o
                0x0000000008005db0                NMI_Handler
 .text.HardFault_Handler
                0x0000000008005db2        0x2 build/stm32f1xx_it.o
                0x0000000008005db2                HardFault_Handler
 .text.MemManage_Handler
                0x0000000008005db4        0x2 build/stm32f1xx_it.o
                0x0000000008005db4                MemManage_Handler
 .text.BusFault_Handler
                0x0000000008005db6        0x2 build/stm32f1xx_it.o
                0x0000000008005db6                BusFault_Handler
 .text.UsageFault_Handler
                0x0000000008005db8        0x2 build/stm32f1xx_it.o
                0x0000000008005db8                UsageFault_Handler
 .text.SVC_Handler
                0x0000000008005dba        0x2 build/stm32f1xx_it.o
                0x0000000008005dba                SVC_Handler
 .text.DebugMon_Handler
                0x0000000008005dbc        0x2 build/stm32f1xx_it.o
                0x0000000008005dbc                DebugMon_Handler
 .text.PendSV_Handler
                0x0000000008005dbe        0x2 build/stm32f1xx_it.o
                0x0000000008005dbe                PendSV_Handler
 .text.SysTick_Handler
                0x0000000008005dc0       0x68 build/stm32f1xx_it.o
                0x0000000008005dc0                SysTick_Handler
 .text.USB_LP_CAN1_RX0_IRQHandler
                0x0000000008005e28       0x10 build/stm32f1xx_it.o
                0x0000000008005e28                USB_LP_CAN1_RX0_IRQHandler
 .text.USART1_IRQHandler
                0x0000000008005e38       0x3c build/stm32f1xx_it.o
                0x0000000008005e38                USART1_IRQHandler
 .text.USART2_IRQHandler
                0x0000000008005e74       0x3c build/stm32f1xx_it.o
                0x0000000008005e74                USART2_IRQHandler
 .text.DMA1_Channel5_IRQHandler
                0x0000000008005eb0       0x10 build/stm32f1xx_it.o
                0x0000000008005eb0                DMA1_Channel5_IRQHandler
 .text.DMA1_Channel6_IRQHandler
                0x0000000008005ec0       0x10 build/stm32f1xx_it.o
                0x0000000008005ec0                DMA1_Channel6_IRQHandler
 .text.HAL_MspInit
                0x0000000008005ed0       0x44 build/stm32f1xx_hal_msp.o
                0x0000000008005ed0                HAL_MspInit
 .text.HAL_UART_MspInit
                0x0000000008005f14       0xd4 build/stm32f1xx_hal_msp.o
                0x0000000008005f14                HAL_UART_MspInit
 .text.SystemInit
                0x0000000008005fe8       0x4c build/system_stm32f1xx.o
                0x0000000008005fe8                SystemInit
 .text.HAL_InitTick
                0x0000000008006034       0x4c build/stm32f1xx_hal.o
                0x0000000008006034                HAL_InitTick
 .text.HAL_Init
                0x0000000008006080       0x24 build/stm32f1xx_hal.o
                0x0000000008006080                HAL_Init
 .text.HAL_IncTick
                0x00000000080060a4       0x18 build/stm32f1xx_hal.o
                0x00000000080060a4                HAL_IncTick
 .text.HAL_GetTick
                0x00000000080060bc        0xc build/stm32f1xx_hal.o
                0x00000000080060bc                HAL_GetTick
 .text.HAL_Delay
                0x00000000080060c8       0x28 build/stm32f1xx_hal.o
                0x00000000080060c8                HAL_Delay
 .text.HAL_PCD_EP_DB_Receive
                0x00000000080060f0      0x11c build/stm32f1xx_hal_pcd.o
 .text.HAL_PCD_Init
                0x000000000800620c      0x118 build/stm32f1xx_hal_pcd.o
                0x000000000800620c                HAL_PCD_Init
 .text.HAL_PCD_Start
                0x0000000008006324       0x32 build/stm32f1xx_hal_pcd.o
                0x0000000008006324                HAL_PCD_Start
 .text.HAL_PCD_EP_DB_Transmit
                0x0000000008006356      0x420 build/stm32f1xx_hal_pcd.o
 .text.PCD_EP_ISR_Handler
                0x0000000008006776      0x438 build/stm32f1xx_hal_pcd.o
 .text.HAL_PCD_SetAddress
                0x0000000008006bae       0x28 build/stm32f1xx_hal_pcd.o
                0x0000000008006bae                HAL_PCD_SetAddress
 .text.HAL_PCD_IRQHandler
                0x0000000008006bd6      0x1d4 build/stm32f1xx_hal_pcd.o
                0x0000000008006bd6                HAL_PCD_IRQHandler
 .text.HAL_PCD_EP_Open
                0x0000000008006daa       0x84 build/stm32f1xx_hal_pcd.o
                0x0000000008006daa                HAL_PCD_EP_Open
 .text.HAL_PCD_EP_Close
                0x0000000008006e2e       0x64 build/stm32f1xx_hal_pcd.o
                0x0000000008006e2e                HAL_PCD_EP_Close
 .text.HAL_PCD_EP_Receive
                0x0000000008006e92       0x44 build/stm32f1xx_hal_pcd.o
                0x0000000008006e92                HAL_PCD_EP_Receive
 .text.HAL_PCD_EP_GetRxCount
                0x0000000008006ed6       0x12 build/stm32f1xx_hal_pcd.o
                0x0000000008006ed6                HAL_PCD_EP_GetRxCount
 .text.HAL_PCD_EP_Transmit
                0x0000000008006ee8       0x50 build/stm32f1xx_hal_pcd.o
                0x0000000008006ee8                HAL_PCD_EP_Transmit
 .text.HAL_PCD_EP_SetStall
                0x0000000008006f38       0x78 build/stm32f1xx_hal_pcd.o
                0x0000000008006f38                HAL_PCD_EP_SetStall
 .text.HAL_PCD_EP_ClrStall
                0x0000000008006fb0       0x76 build/stm32f1xx_hal_pcd.o
                0x0000000008006fb0                HAL_PCD_EP_ClrStall
 .text.HAL_PCDEx_PMAConfig
                0x0000000008007026       0x38 build/stm32f1xx_hal_pcd_ex.o
                0x0000000008007026                HAL_PCDEx_PMAConfig
 .text.UART_EndTxTransfer
                0x000000000800705e       0x12 build/stm32f1xx_hal_uart.o
 .text.UART_EndRxTransfer
                0x0000000008007070       0x32 build/stm32f1xx_hal_uart.o
 .text.UART_Transmit_IT
                0x00000000080070a2       0x60 build/stm32f1xx_hal_uart.o
 *fill*         0x0000000008007102        0x2 
 .text.UART_SetConfig
                0x0000000008007104       0x94 build/stm32f1xx_hal_uart.o
 .text.HAL_UART_Init
                0x0000000008007198       0x5e build/stm32f1xx_hal_uart.o
                0x0000000008007198                HAL_UART_Init
 .text.HAL_UART_Transmit_IT
                0x00000000080071f6       0x4e build/stm32f1xx_hal_uart.o
                0x00000000080071f6                HAL_UART_Transmit_IT
 .text.UART_EndTransmit_IT
                0x0000000008007244       0x1a build/stm32f1xx_hal_uart.o
 .text.HAL_UART_RxHalfCpltCallback
                0x000000000800725e        0x2 build/stm32f1xx_hal_uart.o
                0x000000000800725e                HAL_UART_RxHalfCpltCallback
 .text.UART_DMAError
                0x0000000008007260       0x58 build/stm32f1xx_hal_uart.o
 .text.UART_DMAAbortOnError
                0x00000000080072b8       0x10 build/stm32f1xx_hal_uart.o
 .text.HAL_UARTEx_RxEventCallback
                0x00000000080072c8        0x2 build/stm32f1xx_hal_uart.o
                0x00000000080072c8                HAL_UARTEx_RxEventCallback
 .text.UART_Receive_IT
                0x00000000080072ca       0xd4 build/stm32f1xx_hal_uart.o
 *fill*         0x000000000800739e        0x2 
 .text.HAL_UART_IRQHandler
                0x00000000080073a0      0x204 build/stm32f1xx_hal_uart.o
                0x00000000080073a0                HAL_UART_IRQHandler
 .text.UART_DMARxHalfCplt
                0x00000000080075a4       0x1a build/stm32f1xx_hal_uart.o
 .text.UART_DMAReceiveCplt
                0x00000000080075be       0x5e build/stm32f1xx_hal_uart.o
 .text.UART_Start_Receive_DMA
                0x000000000800761c       0x78 build/stm32f1xx_hal_uart.o
                0x000000000800761c                UART_Start_Receive_DMA
 .text.HAL_UART_Receive_DMA
                0x0000000008007694       0x38 build/stm32f1xx_hal_uart.o
                0x0000000008007694                HAL_UART_Receive_DMA
 .text.RCC_Delay
                0x00000000080076cc       0x2c build/stm32f1xx_hal_rcc.o
 .text.HAL_RCC_OscConfig
                0x00000000080076f8      0x410 build/stm32f1xx_hal_rcc.o
                0x00000000080076f8                HAL_RCC_OscConfig
 .text.HAL_RCC_GetSysClockFreq
                0x0000000008007b08       0x70 build/stm32f1xx_hal_rcc.o
                0x0000000008007b08                HAL_RCC_GetSysClockFreq
 .text.HAL_RCC_ClockConfig
                0x0000000008007b78      0x16c build/stm32f1xx_hal_rcc.o
                0x0000000008007b78                HAL_RCC_ClockConfig
 .text.HAL_RCC_GetHCLKFreq
                0x0000000008007ce4        0xc build/stm32f1xx_hal_rcc.o
                0x0000000008007ce4                HAL_RCC_GetHCLKFreq
 .text.HAL_RCC_GetPCLK1Freq
                0x0000000008007cf0       0x20 build/stm32f1xx_hal_rcc.o
                0x0000000008007cf0                HAL_RCC_GetPCLK1Freq
 .text.HAL_RCC_GetPCLK2Freq
                0x0000000008007d10       0x20 build/stm32f1xx_hal_rcc.o
                0x0000000008007d10                HAL_RCC_GetPCLK2Freq
 .text.HAL_RCCEx_PeriphCLKConfig
                0x0000000008007d30      0x118 build/stm32f1xx_hal_rcc_ex.o
                0x0000000008007d30                HAL_RCCEx_PeriphCLKConfig
 .text.HAL_GPIO_Init
                0x0000000008007e48      0x240 build/stm32f1xx_hal_gpio.o
                0x0000000008007e48                HAL_GPIO_Init
 .text.HAL_GPIO_ReadPin
                0x0000000008008088        0xe build/stm32f1xx_hal_gpio.o
                0x0000000008008088                HAL_GPIO_ReadPin
 .text.HAL_GPIO_WritePin
                0x0000000008008096        0xc build/stm32f1xx_hal_gpio.o
                0x0000000008008096                HAL_GPIO_WritePin
 .text.HAL_GPIO_TogglePin
                0x00000000080080a2       0x12 build/stm32f1xx_hal_gpio.o
                0x00000000080080a2                HAL_GPIO_TogglePin
 .text.DMA_SetConfig
                0x00000000080080b4       0x2c build/stm32f1xx_hal_dma.o
 .text.HAL_DMA_Init
                0x00000000080080e0       0x98 build/stm32f1xx_hal_dma.o
                0x00000000080080e0                HAL_DMA_Init
 .text.HAL_DMA_Start_IT
                0x0000000008008178       0x74 build/stm32f1xx_hal_dma.o
                0x0000000008008178                HAL_DMA_Start_IT
 .text.HAL_DMA_Abort
                0x00000000080081ec       0x44 build/stm32f1xx_hal_dma.o
                0x00000000080081ec                HAL_DMA_Abort
 .text.HAL_DMA_Abort_IT
                0x0000000008008230      0x168 build/stm32f1xx_hal_dma.o
                0x0000000008008230                HAL_DMA_Abort_IT
 .text.HAL_DMA_IRQHandler
                0x0000000008008398      0x2ec build/stm32f1xx_hal_dma.o
                0x0000000008008398                HAL_DMA_IRQHandler
 .text.HAL_NVIC_SetPriorityGrouping
                0x0000000008008684       0x24 build/stm32f1xx_hal_cortex.o
                0x0000000008008684                HAL_NVIC_SetPriorityGrouping
 .text.HAL_NVIC_SetPriority
                0x00000000080086a8       0x70 build/stm32f1xx_hal_cortex.o
                0x00000000080086a8                HAL_NVIC_SetPriority
 .text.HAL_NVIC_EnableIRQ
                0x0000000008008718       0x1c build/stm32f1xx_hal_cortex.o
                0x0000000008008718                HAL_NVIC_EnableIRQ
 .text.HAL_SYSTICK_Config
                0x0000000008008734       0x28 build/stm32f1xx_hal_cortex.o
                0x0000000008008734                HAL_SYSTICK_Config
 .text.FLASH_Program_HalfWord
                0x000000000800875c       0x1c build/stm32f1xx_hal_flash.o
 .text.FLASH_SetErrorCode
                0x0000000008008778       0x70 build/stm32f1xx_hal_flash.o
 .text.HAL_FLASH_Unlock
                0x00000000080087e8       0x34 build/stm32f1xx_hal_flash.o
                0x00000000080087e8                HAL_FLASH_Unlock
 .text.HAL_FLASH_Lock
                0x000000000800881c       0x14 build/stm32f1xx_hal_flash.o
                0x000000000800881c                HAL_FLASH_Lock
 .text.FLASH_WaitForLastOperation
                0x0000000008008830       0x68 build/stm32f1xx_hal_flash.o
                0x0000000008008830                FLASH_WaitForLastOperation
 .text.HAL_FLASH_Program
                0x0000000008008898       0xa0 build/stm32f1xx_hal_flash.o
                0x0000000008008898                HAL_FLASH_Program
 .text.FLASH_MassErase
                0x0000000008008938       0x24 build/stm32f1xx_hal_flash_ex.o
 .text.FLASH_PageErase
                0x000000000800895c       0x24 build/stm32f1xx_hal_flash_ex.o
                0x000000000800895c                FLASH_PageErase
 .text.HAL_FLASHEx_Erase
                0x0000000008008980       0xa4 build/stm32f1xx_hal_flash_ex.o
                0x0000000008008980                HAL_FLASHEx_Erase
 .text.USB_CoreInit
                0x0000000008008a24        0xe build/stm32f1xx_ll_usb.o
                0x0000000008008a24                USB_CoreInit
 .text.USB_EnableGlobalInt
                0x0000000008008a32       0x12 build/stm32f1xx_ll_usb.o
                0x0000000008008a32                USB_EnableGlobalInt
 .text.USB_DisableGlobalInt
                0x0000000008008a44       0x14 build/stm32f1xx_ll_usb.o
                0x0000000008008a44                USB_DisableGlobalInt
 .text.USB_SetCurrentMode
                0x0000000008008a58        0x4 build/stm32f1xx_ll_usb.o
                0x0000000008008a58                USB_SetCurrentMode
 .text.USB_DevInit
                0x0000000008008a5c       0x22 build/stm32f1xx_ll_usb.o
                0x0000000008008a5c                USB_DevInit
 .text.USB_ActivateEndpoint
                0x0000000008008a7e      0x378 build/stm32f1xx_ll_usb.o
                0x0000000008008a7e                USB_ActivateEndpoint
 .text.USB_DeactivateEndpoint
                0x0000000008008df6      0x1d6 build/stm32f1xx_ll_usb.o
                0x0000000008008df6                USB_DeactivateEndpoint
 .text.USB_EPSetStall
                0x0000000008008fcc       0x4a build/stm32f1xx_ll_usb.o
                0x0000000008008fcc                USB_EPSetStall
 .text.USB_EPClearStall
                0x0000000008009016       0xa2 build/stm32f1xx_ll_usb.o
                0x0000000008009016                USB_EPClearStall
 .text.USB_SetDevAddress
                0x00000000080090b8        0xc build/stm32f1xx_ll_usb.o
                0x00000000080090b8                USB_SetDevAddress
 .text.USB_DevConnect
                0x00000000080090c4        0x4 build/stm32f1xx_ll_usb.o
                0x00000000080090c4                USB_DevConnect
 .text.USB_DevDisconnect
                0x00000000080090c8        0x4 build/stm32f1xx_ll_usb.o
                0x00000000080090c8                USB_DevDisconnect
 .text.USB_ReadInterrupts
                0x00000000080090cc        0x8 build/stm32f1xx_ll_usb.o
                0x00000000080090cc                USB_ReadInterrupts
 .text.USB_EP0_OutStart
                0x00000000080090d4        0x4 build/stm32f1xx_ll_usb.o
                0x00000000080090d4                USB_EP0_OutStart
 .text.USB_WritePMA
                0x00000000080090d8       0x28 build/stm32f1xx_ll_usb.o
                0x00000000080090d8                USB_WritePMA
 .text.USB_EPStartXfer
                0x0000000008009100      0x8b2 build/stm32f1xx_ll_usb.o
                0x0000000008009100                USB_EPStartXfer
 .text.USB_ReadPMA
                0x00000000080099b2       0x30 build/stm32f1xx_ll_usb.o
                0x00000000080099b2                USB_ReadPMA
 .text.USBD_Init
                0x00000000080099e2       0x2e build/usbd_core.o
                0x00000000080099e2                USBD_Init
 .text.USBD_RegisterClass
                0x0000000008009a10        0xe build/usbd_core.o
                0x0000000008009a10                USBD_RegisterClass
 .text.USBD_Start
                0x0000000008009a1e        0xa build/usbd_core.o
                0x0000000008009a1e                USBD_Start
 .text.USBD_SetClassConfig
                0x0000000008009a28       0x18 build/usbd_core.o
                0x0000000008009a28                USBD_SetClassConfig
 .text.USBD_ClrClassConfig
                0x0000000008009a40        0xe build/usbd_core.o
                0x0000000008009a40                USBD_ClrClassConfig
 .text.USBD_LL_SetupStage
                0x0000000008009a4e       0x5a build/usbd_core.o
                0x0000000008009a4e                USBD_LL_SetupStage
 .text.USBD_LL_DataOutStage
                0x0000000008009aa8       0x8c build/usbd_core.o
                0x0000000008009aa8                USBD_LL_DataOutStage
 .text.USBD_LL_DataInStage
                0x0000000008009b34       0xd0 build/usbd_core.o
                0x0000000008009b34                USBD_LL_DataInStage
 .text.USBD_LL_Reset
                0x0000000008009c04       0x50 build/usbd_core.o
                0x0000000008009c04                USBD_LL_Reset
 .text.USBD_LL_SetSpeed
                0x0000000008009c54        0x6 build/usbd_core.o
                0x0000000008009c54                USBD_LL_SetSpeed
 .text.USBD_LL_Suspend
                0x0000000008009c5a       0x12 build/usbd_core.o
                0x0000000008009c5a                USBD_LL_Suspend
 .text.USBD_LL_Resume
                0x0000000008009c6c       0x16 build/usbd_core.o
                0x0000000008009c6c                USBD_LL_Resume
 .text.USBD_LL_SOF
                0x0000000008009c82       0x1c build/usbd_core.o
                0x0000000008009c82                USBD_LL_SOF
 .text.USBD_GetLen
                0x0000000008009c9e       0x14 build/usbd_ctlreq.o
 .text.USBD_SetFeature
                0x0000000008009cb2       0x14 build/usbd_ctlreq.o
 .text.USBD_ParseSetupRequest
                0x0000000008009cc6       0x28 build/usbd_ctlreq.o
                0x0000000008009cc6                USBD_ParseSetupRequest
 .text.USBD_CtlError
                0x0000000008009cee       0x14 build/usbd_ctlreq.o
                0x0000000008009cee                USBD_CtlError
 .text.USBD_GetDescriptor
                0x0000000008009d02      0x186 build/usbd_ctlreq.o
 .text.USBD_SetAddress
                0x0000000008009e88       0x4e build/usbd_ctlreq.o
 *fill*         0x0000000008009ed6        0x2 
 .text.USBD_SetConfig
                0x0000000008009ed8       0xb0 build/usbd_ctlreq.o
 .text.USBD_GetConfig
                0x0000000008009f88       0x3e build/usbd_ctlreq.o
 .text.USBD_GetStatus
                0x0000000008009fc6       0x38 build/usbd_ctlreq.o
 .text.USBD_ClrFeature
                0x0000000008009ffe       0x26 build/usbd_ctlreq.o
 .text.USBD_StdDevReq
                0x000000000800a024       0x68 build/usbd_ctlreq.o
                0x000000000800a024                USBD_StdDevReq
 .text.USBD_StdItfReq
                0x000000000800a08c       0x60 build/usbd_ctlreq.o
                0x000000000800a08c                USBD_StdItfReq
 .text.USBD_StdEPReq
                0x000000000800a0ec      0x1e2 build/usbd_ctlreq.o
                0x000000000800a0ec                USBD_StdEPReq
 .text.USBD_GetString
                0x000000000800a2ce       0x3a build/usbd_ctlreq.o
                0x000000000800a2ce                USBD_GetString
 .text.USBD_CtlSendData
                0x000000000800a308       0x1a build/usbd_ioreq.o
                0x000000000800a308                USBD_CtlSendData
 .text.USBD_CtlContinueSendData
                0x000000000800a322       0x10 build/usbd_ioreq.o
                0x000000000800a322                USBD_CtlContinueSendData
 .text.USBD_CtlPrepareRx
                0x000000000800a332       0x1e build/usbd_ioreq.o
                0x000000000800a332                USBD_CtlPrepareRx
 .text.USBD_CtlContinueRx
                0x000000000800a350       0x10 build/usbd_ioreq.o
                0x000000000800a350                USBD_CtlContinueRx
 .text.USBD_CtlSendStatus
                0x000000000800a360       0x16 build/usbd_ioreq.o
                0x000000000800a360                USBD_CtlSendStatus
 .text.USBD_CtlReceiveStatus
                0x000000000800a376       0x16 build/usbd_ioreq.o
                0x000000000800a376                USBD_CtlReceiveStatus
 .text.USBD_CDC_EP0_RxReady
                0x000000000800a38c       0x28 build/usbd_cdc.o
 .text.USBD_CDC_GetFSCfgDesc
                0x000000000800a3b4        0xc build/usbd_cdc.o
 .text.USBD_CDC_GetHSCfgDesc
                0x000000000800a3c0        0xc build/usbd_cdc.o
 .text.USBD_CDC_GetOtherSpeedCfgDesc
                0x000000000800a3cc        0xc build/usbd_cdc.o
 .text.USBD_CDC_GetDeviceQualifierDescriptor
                0x000000000800a3d8        0xc build/usbd_cdc.o
                0x000000000800a3d8                USBD_CDC_GetDeviceQualifierDescriptor
 .text.USBD_CDC_DataOut
                0x000000000800a3e4       0x2e build/usbd_cdc.o
 .text.USBD_CDC_DataIn
                0x000000000800a412       0x4e build/usbd_cdc.o
 .text.USBD_CDC_Setup
                0x000000000800a460       0xd6 build/usbd_cdc.o
 .text.USBD_CDC_DeInit
                0x000000000800a536       0x42 build/usbd_cdc.o
 .text.USBD_CDC_Init
                0x000000000800a578       0xaa build/usbd_cdc.o
 .text.USBD_CDC_RegisterInterface
                0x000000000800a622        0xe build/usbd_cdc.o
                0x000000000800a622                USBD_CDC_RegisterInterface
 .text.USBD_CDC_SetTxBuffer
                0x000000000800a630       0x10 build/usbd_cdc.o
                0x000000000800a630                USBD_CDC_SetTxBuffer
 .text.USBD_CDC_SetRxBuffer
                0x000000000800a640        0xc build/usbd_cdc.o
                0x000000000800a640                USBD_CDC_SetRxBuffer
 .text.USBD_CDC_TransmitPacket
                0x000000000800a64c       0x34 build/usbd_cdc.o
                0x000000000800a64c                USBD_CDC_TransmitPacket
 .text.USBD_CDC_ReceivePacket
                0x000000000800a680       0x30 build/usbd_cdc.o
                0x000000000800a680                USBD_CDC_ReceivePacket
 .text.FifoNext
                0x000000000800a6b0       0x10 build/fifo.o
 .text.FifoInit
                0x000000000800a6c0        0xc build/fifo.o
                0x000000000800a6c0                FifoInit
 .text.FifoPush
                0x000000000800a6cc       0x14 build/fifo.o
                0x000000000800a6cc                FifoPush
 .text.FifoPop  0x000000000800a6e0       0x14 build/fifo.o
                0x000000000800a6e0                FifoPop
 .text.IsFifoEmpty
                0x000000000800a6f4        0xe build/fifo.o
                0x000000000800a6f4                IsFifoEmpty
 .text.IsFifoFull
                0x000000000800a702       0x16 build/fifo.o
                0x000000000800a702                IsFifoFull
 .text.Modbus_Create_Crc16
                0x000000000800a718       0x38 build/modbus_crc.o
                0x000000000800a718                Modbus_Create_Crc16
 .text.Modbus_Check_Crc16
                0x000000000800a750       0x30 build/modbus_crc.o
                0x000000000800a750                Modbus_Check_Crc16
 .text.Modbus_Uart2_Process
                0x000000000800a780       0x80 build/modbus_data.o
                0x000000000800a780                Modbus_Uart2_Process
 .text.Modbus_Uart2_Write_Single_Reg
                0x000000000800a800       0x44 build/modbus_data.o
                0x000000000800a800                Modbus_Uart2_Write_Single_Reg
 .text.Modbus_Uart2_Read_Regs
                0x000000000800a844       0x44 build/modbus_data.o
                0x000000000800a844                Modbus_Uart2_Read_Regs
 .text.Modbus_Uart1_Data_Process
                0x000000000800a888      0x1b8 build/modbus_data.o
                0x000000000800a888                Modbus_Uart1_Data_Process
 .text.Modbus_Refesh_Regs
                0x000000000800aa40       0x6c build/modbus_data.o
                0x000000000800aa40                Modbus_Refesh_Regs
 .text.Uart1_Init
                0x000000000800aaac       0xfc build/usart.o
                0x000000000800aaac                Uart1_Init
 .text.Uart2_Init
                0x000000000800aba8       0xfc build/usart.o
                0x000000000800aba8                Uart2_Init
 .text.Uart2_Put_Char
                0x000000000800aca4       0x40 build/usart.o
                0x000000000800aca4                Uart2_Put_Char
 .text.Uart2_Send_Data
                0x000000000800ace4       0x26 build/usart.o
                0x000000000800ace4                Uart2_Send_Data
 *fill*         0x000000000800ad0a        0x2 
 .text.Uart1_Put_Char
                0x000000000800ad0c       0x40 build/usart.o
                0x000000000800ad0c                Uart1_Put_Char
 .text.Uart1_Send_Data
                0x000000000800ad4c       0x26 build/usart.o
                0x000000000800ad4c                Uart1_Send_Data
 *fill*         0x000000000800ad72        0x2 
 .text.HAL_UART_RxCpltCallback
                0x000000000800ad74      0x194 build/usart.o
                0x000000000800ad74                HAL_UART_RxCpltCallback
 .text.HAL_UART_ErrorCallback
                0x000000000800af08       0x3c build/usart.o
                0x000000000800af08                HAL_UART_ErrorCallback
 .text.HAL_UART_TxCpltCallback
                0x000000000800af44       0x64 build/usart.o
                0x000000000800af44                HAL_UART_TxCpltCallback
 .text.SHT_Init_Load
                0x000000000800afa8       0xe4 build/sht_sensor.o
                0x000000000800afa8                SHT_Init_Load
 .text.SHT_Read_Process
                0x000000000800b08c       0x8c build/sht_sensor.o
                0x000000000800b08c                SHT_Read_Process
 .text.SHT_Get_Calib_Value
                0x000000000800b118      0x380 build/sht_sensor.o
                0x000000000800b118                SHT_Get_Calib_Value
 .text.SHT_Measurement_Sum
                0x000000000800b498       0xa8 build/sht_sensor.o
                0x000000000800b498                SHT_Measurement_Sum
 .text.SHT_Calculator
                0x000000000800b540       0x28 build/sht_sensor.o
                0x000000000800b540                SHT_Calculator
 .text.SHT_Get_Value
                0x000000000800b568      0x13c build/sht_sensor.o
                0x000000000800b568                SHT_Get_Value
 .text.Ctrl_System_Moise
                0x000000000800b6a4       0xe4 build/control_system.o
                0x000000000800b6a4                Ctrl_System_Moise
 .text.Ctrl_System_Humidify
                0x000000000800b788       0xf0 build/control_system.o
                0x000000000800b788                Ctrl_System_Humidify
 .text.Ctrl_System_Turn_On_Daikin
                0x000000000800b878       0x90 build/control_system.o
                0x000000000800b878                Ctrl_System_Turn_On_Daikin
 .text.Ctrl_System_Turn_Off_Daikin
                0x000000000800b908       0x28 build/control_system.o
                0x000000000800b908                Ctrl_System_Turn_Off_Daikin
 .text.Ctrl_System_Daikin_Set_Temp
                0x000000000800b930       0x34 build/control_system.o
                0x000000000800b930                Ctrl_System_Daikin_Set_Temp
 .text.Ctrl_System_Valve_Air
                0x000000000800b964       0x4c build/control_system.o
                0x000000000800b964                Ctrl_System_Valve_Air
 .text.Ctrl_System_Thermistor
                0x000000000800b9b0       0x5c build/control_system.o
                0x000000000800b9b0                Ctrl_System_Thermistor
 .text.Ctrl_System_Cooler
                0x000000000800ba0c       0x38 build/control_system.o
                0x000000000800ba0c                Ctrl_System_Cooler
 .text.Ctrl_System_Waning_Temp_High
                0x000000000800ba44       0x34 build/control_system.o
                0x000000000800ba44                Ctrl_System_Waning_Temp_High
 .text.Ctrl_System_Heater
                0x000000000800ba78      0x110 build/control_system.o
                0x000000000800ba78                Ctrl_System_Heater
 .text.Ctrl_System_Light_Warning
                0x000000000800bb88       0x5c build/control_system.o
                0x000000000800bb88                Ctrl_System_Light_Warning
 .text.Ctrl_System_Turn_Off_All_Device
                0x000000000800bbe4       0x30 build/control_system.o
                0x000000000800bbe4                Ctrl_System_Turn_Off_All_Device
 .text.Ctrl_System_Init_Load
                0x000000000800bc14       0x18 build/control_system.o
                0x000000000800bc14                Ctrl_System_Init_Load
 .text.Ctrl_System_Device_Manage
                0x000000000800bc2c       0x30 build/control_system.o
                0x000000000800bc2c                Ctrl_System_Device_Manage
 .text.CFG_Save
                0x000000000800bc5c       0x6c build/config.o
                0x000000000800bc5c                CFG_Save
 .text.CFG_Load
                0x000000000800bcc8       0x94 build/config.o
                0x000000000800bcc8                CFG_Load
 .text.USBD_Get_USB_Status
                0x000000000800bd5c       0x14 build/usbd_conf.o
 .text.HAL_PCD_MspInit
                0x000000000800bd70       0x40 build/usbd_conf.o
                0x000000000800bd70                HAL_PCD_MspInit
 .text.HAL_PCD_SetupStageCallback
                0x000000000800bdb0       0x10 build/usbd_conf.o
                0x000000000800bdb0                HAL_PCD_SetupStageCallback
 .text.HAL_PCD_DataOutStageCallback
                0x000000000800bdc0       0x18 build/usbd_conf.o
                0x000000000800bdc0                HAL_PCD_DataOutStageCallback
 .text.HAL_PCD_DataInStageCallback
                0x000000000800bdd8       0x16 build/usbd_conf.o
                0x000000000800bdd8                HAL_PCD_DataInStageCallback
 .text.HAL_PCD_SOFCallback
                0x000000000800bdee        0xc build/usbd_conf.o
                0x000000000800bdee                HAL_PCD_SOFCallback
 .text.HAL_PCD_ResetCallback
                0x000000000800bdfa       0x24 build/usbd_conf.o
                0x000000000800bdfa                HAL_PCD_ResetCallback
 *fill*         0x000000000800be1e        0x2 
 .text.HAL_PCD_SuspendCallback
                0x000000000800be20       0x20 build/usbd_conf.o
                0x000000000800be20                HAL_PCD_SuspendCallback
 .text.HAL_PCD_ResumeCallback
                0x000000000800be40        0xc build/usbd_conf.o
                0x000000000800be40                HAL_PCD_ResumeCallback
 .text.USBD_LL_Init
                0x000000000800be4c       0x84 build/usbd_conf.o
                0x000000000800be4c                USBD_LL_Init
 .text.USBD_LL_Start
                0x000000000800bed0       0x10 build/usbd_conf.o
                0x000000000800bed0                USBD_LL_Start
 .text.USBD_LL_OpenEP
                0x000000000800bee0       0x16 build/usbd_conf.o
                0x000000000800bee0                USBD_LL_OpenEP
 .text.USBD_LL_CloseEP
                0x000000000800bef6       0x10 build/usbd_conf.o
                0x000000000800bef6                USBD_LL_CloseEP
 .text.USBD_LL_StallEP
                0x000000000800bf06       0x10 build/usbd_conf.o
                0x000000000800bf06                USBD_LL_StallEP
 .text.USBD_LL_ClearStallEP
                0x000000000800bf16       0x10 build/usbd_conf.o
                0x000000000800bf16                USBD_LL_ClearStallEP
 .text.USBD_LL_IsStallEP
                0x000000000800bf26       0x2e build/usbd_conf.o
                0x000000000800bf26                USBD_LL_IsStallEP
 .text.USBD_LL_SetUSBAddress
                0x000000000800bf54       0x10 build/usbd_conf.o
                0x000000000800bf54                USBD_LL_SetUSBAddress
 .text.USBD_LL_Transmit
                0x000000000800bf64       0x10 build/usbd_conf.o
                0x000000000800bf64                USBD_LL_Transmit
 .text.USBD_LL_PrepareReceive
                0x000000000800bf74       0x10 build/usbd_conf.o
                0x000000000800bf74                USBD_LL_PrepareReceive
 .text.USBD_LL_GetRxDataSize
                0x000000000800bf84        0xc build/usbd_conf.o
                0x000000000800bf84                USBD_LL_GetRxDataSize
 .text.USBD_static_malloc
                0x000000000800bf90        0x8 build/usbd_conf.o
                0x000000000800bf90                USBD_static_malloc
 .text.USBD_static_free
                0x000000000800bf98        0x2 build/usbd_conf.o
                0x000000000800bf98                USBD_static_free
 .text.HAL_PCDEx_SetConnectionState
                0x000000000800bf9a        0x2 build/usbd_conf.o
                0x000000000800bf9a                HAL_PCDEx_SetConnectionState
 .text.USB_GPIO_Init
                0x000000000800bf9c       0x54 build/usb_device.o
 .text.MX_USB_DEVICE_Init
                0x000000000800bff0       0x7c build/usb_device.o
                0x000000000800bff0                MX_USB_DEVICE_Init
 .text.USBD_FS_DeviceDescriptor
                0x000000000800c06c        0xc build/usbd_desc.o
                0x000000000800c06c                USBD_FS_DeviceDescriptor
 .text.USBD_FS_LangIDStrDescriptor
                0x000000000800c078        0xc build/usbd_desc.o
                0x000000000800c078                USBD_FS_LangIDStrDescriptor
 .text.IntToUnicode
                0x000000000800c084       0x46 build/usbd_desc.o
 *fill*         0x000000000800c0ca        0x2 
 .text.Get_SerialNum
                0x000000000800c0cc       0x38 build/usbd_desc.o
 .text.USBD_FS_SerialStrDescriptor
                0x000000000800c104       0x14 build/usbd_desc.o
                0x000000000800c104                USBD_FS_SerialStrDescriptor
 .text.USBD_FS_ProductStrDescriptor
                0x000000000800c118       0x24 build/usbd_desc.o
                0x000000000800c118                USBD_FS_ProductStrDescriptor
 .text.USBD_FS_ManufacturerStrDescriptor
                0x000000000800c13c       0x1c build/usbd_desc.o
                0x000000000800c13c                USBD_FS_ManufacturerStrDescriptor
 .text.USBD_FS_ConfigStrDescriptor
                0x000000000800c158       0x24 build/usbd_desc.o
                0x000000000800c158                USBD_FS_ConfigStrDescriptor
 .text.USBD_FS_InterfaceStrDescriptor
                0x000000000800c17c       0x24 build/usbd_desc.o
                0x000000000800c17c                USBD_FS_InterfaceStrDescriptor
 .text.CDC_DeInit_FS
                0x000000000800c1a0        0x4 build/usbd_cdc_if.o
 .text.CDC_Control_FS
                0x000000000800c1a4        0x4 build/usbd_cdc_if.o
 .text.CDC_Receive_FS
                0x000000000800c1a8       0x1c build/usbd_cdc_if.o
 .text.CDC_Init_FS
                0x000000000800c1c4       0x28 build/usbd_cdc_if.o
 .text.CDC_Transmit_FS
                0x000000000800c1ec       0x2c build/usbd_cdc_if.o
                0x000000000800c1ec                CDC_Transmit_FS
 .text.Reset_Handler
                0x000000000800c218       0x48 build/startup_stm32f103xe.o
                0x000000000800c218                Reset_Handler
 .text.Default_Handler
                0x000000000800c260        0x2 build/startup_stm32f103xe.o
                0x000000000800c260                RTC_Alarm_IRQHandler
                0x000000000800c260                EXTI2_IRQHandler
                0x000000000800c260                TIM8_TRG_COM_IRQHandler
                0x000000000800c260                TIM8_CC_IRQHandler
                0x000000000800c260                TIM1_CC_IRQHandler
                0x000000000800c260                TIM6_IRQHandler
                0x000000000800c260                PVD_IRQHandler
                0x000000000800c260                SDIO_IRQHandler
                0x000000000800c260                EXTI3_IRQHandler
                0x000000000800c260                EXTI0_IRQHandler
                0x000000000800c260                I2C2_EV_IRQHandler
                0x000000000800c260                ADC1_2_IRQHandler
                0x000000000800c260                SPI1_IRQHandler
                0x000000000800c260                TAMPER_IRQHandler
                0x000000000800c260                TIM8_UP_IRQHandler
                0x000000000800c260                DMA2_Channel2_IRQHandler
                0x000000000800c260                DMA1_Channel4_IRQHandler
                0x000000000800c260                USART3_IRQHandler
                0x000000000800c260                RTC_IRQHandler
                0x000000000800c260                DMA1_Channel7_IRQHandler
                0x000000000800c260                CAN1_RX1_IRQHandler
                0x000000000800c260                UART5_IRQHandler
                0x000000000800c260                ADC3_IRQHandler
                0x000000000800c260                TIM4_IRQHandler
                0x000000000800c260                DMA2_Channel1_IRQHandler
                0x000000000800c260                I2C1_EV_IRQHandler
                0x000000000800c260                UART4_IRQHandler
                0x000000000800c260                TIM3_IRQHandler
                0x000000000800c260                RCC_IRQHandler
                0x000000000800c260                TIM1_TRG_COM_IRQHandler
                0x000000000800c260                DMA1_Channel1_IRQHandler
                0x000000000800c260                Default_Handler
                0x000000000800c260                EXTI15_10_IRQHandler
                0x000000000800c260                TIM7_IRQHandler
                0x000000000800c260                TIM5_IRQHandler
                0x000000000800c260                EXTI9_5_IRQHandler
                0x000000000800c260                SPI2_IRQHandler
                0x000000000800c260                EXTI4_IRQHandler
                0x000000000800c260                USB_HP_CAN1_TX_IRQHandler
                0x000000000800c260                DMA1_Channel3_IRQHandler
                0x000000000800c260                FSMC_IRQHandler
                0x000000000800c260                TIM1_UP_IRQHandler
                0x000000000800c260                WWDG_IRQHandler
                0x000000000800c260                TIM2_IRQHandler
                0x000000000800c260                TIM1_BRK_IRQHandler
                0x000000000800c260                EXTI1_IRQHandler
                0x000000000800c260                DMA2_Channel4_5_IRQHandler
                0x000000000800c260                I2C2_ER_IRQHandler
                0x000000000800c260                DMA1_Channel2_IRQHandler
                0x000000000800c260                TIM8_BRK_IRQHandler
                0x000000000800c260                CAN1_SCE_IRQHandler
                0x000000000800c260                FLASH_IRQHandler
                0x000000000800c260                SPI3_IRQHandler
                0x000000000800c260                I2C1_ER_IRQHandler
                0x000000000800c260                USBWakeUp_IRQHandler
                0x000000000800c260                DMA2_Channel3_IRQHandler
 *(.glue_7)
 .glue_7        0x000000000800c262        0x0 linker stubs
 *(.glue_7t)
 .glue_7t       0x000000000800c262        0x0 linker stubs
 *(.eh_frame)
 *fill*         0x000000000800c262        0x2 
 .eh_frame      0x000000000800c264        0x0 /usr/lib/gcc/arm-none-eabi/10.3.1/thumb/v7-m/nofp/crtbegin.o
 *(.init)
 .init          0x000000000800c264        0x4 /usr/lib/gcc/arm-none-eabi/10.3.1/thumb/v7-m/nofp/crti.o
                0x000000000800c264                _init
 .init          0x000000000800c268        0x8 /usr/lib/gcc/arm-none-eabi/10.3.1/thumb/v7-m/nofp/crtn.o
 *(.fini)
 .fini          0x000000000800c270        0x4 /usr/lib/gcc/arm-none-eabi/10.3.1/thumb/v7-m/nofp/crti.o
                0x000000000800c270                _fini
 .fini          0x000000000800c274        0x8 /usr/lib/gcc/arm-none-eabi/10.3.1/thumb/v7-m/nofp/crtn.o
                0x000000000800c27c                . = ALIGN (0x4)
                0x000000000800c27c                _etext = .

.vfp11_veneer   0x000000000800c27c        0x0
 .vfp11_veneer  0x000000000800c27c        0x0 linker stubs

.v4_bx          0x000000000800c27c        0x0
 .v4_bx         0x000000000800c27c        0x0 linker stubs

.iplt           0x000000000800c27c        0x0
 .iplt          0x000000000800c27c        0x0 /usr/lib/gcc/arm-none-eabi/10.3.1/thumb/v7-m/nofp/crtbegin.o

.rodata         0x000000000800c280      0x758
                0x000000000800c280                . = ALIGN (0x4)
 *(.rodata)
 .rodata        0x000000000800c280        0x4 /usr/lib/gcc/arm-none-eabi/10.3.1/../../../arm-none-eabi/lib/thumb/v7-m/nofp/libc_nano.a(lib_a-impure.o)
                0x000000000800c280                _global_impure_ptr
 .rodata        0x000000000800c284       0x60 /usr/lib/gcc/arm-none-eabi/10.3.1/../../../arm-none-eabi/lib/thumb/v7-m/nofp/libc_nano.a(lib_a-findfp.o)
                0x000000000800c284                __sf_fake_stderr
                0x000000000800c2a4                __sf_fake_stdout
                0x000000000800c2c4                __sf_fake_stdin
 *fill*         0x000000000800c2e4        0x4 
 .rodata        0x000000000800c2e8      0x128 /usr/lib/gcc/arm-none-eabi/10.3.1/../../../arm-none-eabi/lib/thumb/v7-m/nofp/libc_nano.a(lib_a-mprec.o)
                0x000000000800c2f8                __mprec_tens
                0x000000000800c3c0                __mprec_tinytens
                0x000000000800c3e8                __mprec_bigtens
 .rodata        0x000000000800c410      0x101 /usr/lib/gcc/arm-none-eabi/10.3.1/../../../arm-none-eabi/lib/thumb/v7-m/nofp/libc_nano.a(lib_a-ctype_.o)
                0x000000000800c410                _ctype_
 *(.rodata*)
 *fill*         0x000000000800c511        0x3 
 .rodata.Input_Process.str1.4
                0x000000000800c514       0x17 build/input.o
 *fill*         0x000000000800c52b        0x1 
 .rodata.AHBPrescTable
                0x000000000800c52c       0x10 build/system_stm32f1xx.o
                0x000000000800c52c                AHBPrescTable
 .rodata.APBPrescTable
                0x000000000800c53c        0x8 build/system_stm32f1xx.o
                0x000000000800c53c                APBPrescTable
 .rodata.HAL_RCC_GetSysClockFreq.str1.4
                0x000000000800c544       0x11 build/stm32f1xx_hal_rcc.o
 *fill*         0x000000000800c555        0x3 
 .rodata.table_crc_hi
                0x000000000800c558      0x100 build/modbus_crc.o
 .rodata.table_crc_lo
                0x000000000800c658      0x100 build/modbus_crc.o
 .rodata.SHT_Init_Load.str1.4
                0x000000000800c758       0x47 build/sht_sensor.o
 *fill*         0x000000000800c79f        0x1 
 .rodata.SHT_Get_Calib_Value.str1.4
                0x000000000800c7a0       0xaa build/sht_sensor.o
 *fill*         0x000000000800c84a        0x2 
 .rodata.USBD_FS_ProductStrDescriptor.str1.4
                0x000000000800c84c       0x16 build/usbd_desc.o
 *fill*         0x000000000800c862        0x2 
 .rodata.USBD_FS_ManufacturerStrDescriptor.str1.4
                0x000000000800c864       0x13 build/usbd_desc.o
 *fill*         0x000000000800c877        0x1 
 .rodata.USBD_FS_ConfigStrDescriptor.str1.4
                0x000000000800c878        0xb build/usbd_desc.o
 *fill*         0x000000000800c883        0x1 
 .rodata.USBD_FS_InterfaceStrDescriptor.str1.4
                0x000000000800c884        0xe build/usbd_desc.o
 *fill*         0x000000000800c892        0x2 
 .rodata.str1.4
                0x000000000800c894       0x12 /usr/lib/gcc/arm-none-eabi/10.3.1/../../../arm-none-eabi/lib/thumb/v7-m/nofp/libc_nano.a(lib_a-nano-vfprintf_float.o)
 *fill*         0x000000000800c8a6        0x2 
 .rodata.str1.4
                0x000000000800c8a8       0x25 /usr/lib/gcc/arm-none-eabi/10.3.1/../../../arm-none-eabi/lib/thumb/v7-m/nofp/libc_nano.a(lib_a-nano-vfprintf_i.o)
 *fill*         0x000000000800c8cd        0x3 
 .rodata.str1.4
                0x000000000800c8d0       0x6d /usr/lib/gcc/arm-none-eabi/10.3.1/../../../arm-none-eabi/lib/thumb/v7-m/nofp/libc_nano.a(lib_a-dtoa.o)
                                         0x71 (size before relaxing)
 *fill*         0x000000000800c93d        0x3 
 .rodata.str1.4
                0x000000000800c940       0x33 /usr/lib/gcc/arm-none-eabi/10.3.1/../../../arm-none-eabi/lib/thumb/v7-m/nofp/libc_nano.a(lib_a-mprec.o)
                                         0x5d (size before relaxing)
 *fill*         0x000000000800c973        0x1 
 .rodata.str1.4
                0x000000000800c974       0x13 /usr/lib/gcc/arm-none-eabi/10.3.1/../../../arm-none-eabi/lib/thumb/v7-m/nofp/libc_nano.a(lib_a-nano-vfprintf.o)
 *fill*         0x000000000800c987        0x1 
 .rodata.str1.4
                0x000000000800c988       0x3f /usr/lib/gcc/arm-none-eabi/10.3.1/../../../arm-none-eabi/lib/thumb/v7-m/nofp/libc_nano.a(lib_a-assert.o)
                                         0x43 (size before relaxing)
 *fill*         0x000000000800c9c7        0x1 
 .rodata.str1.4
                0x000000000800c9c8        0xe /usr/lib/gcc/arm-none-eabi/10.3.1/../../../arm-none-eabi/lib/thumb/v7-m/nofp/libc_nano.a(lib_a-locale.o)
                                         0x12 (size before relaxing)
                0x000000000800c9d8                . = ALIGN (0x4)
 *fill*         0x000000000800c9d6        0x2 

.rel.dyn        0x000000000800c9d8        0x0
 .rel.iplt      0x000000000800c9d8        0x0 /usr/lib/gcc/arm-none-eabi/10.3.1/thumb/v7-m/nofp/crtbegin.o

.ARM.extab
 *(.ARM.extab* .gnu.linkonce.armextab.*)

.ARM            0x000000000800c9d8        0x0
                0x000000000800c9d8                __exidx_start = .
 *(.ARM.exidx*)
                0x000000000800c9d8                __exidx_end = .

.preinit_array  0x000000000800c9d8        0x0
                0x000000000800c9d8                PROVIDE (__preinit_array_start = .)
 *(.preinit_array*)
                0x000000000800c9d8                PROVIDE (__preinit_array_end = .)

.init_array     0x000000000800c9d8        0x4
                0x000000000800c9d8                PROVIDE (__init_array_start = .)
 *(SORT_BY_NAME(.init_array.*))
 *(.init_array*)
 .init_array    0x000000000800c9d8        0x4 /usr/lib/gcc/arm-none-eabi/10.3.1/thumb/v7-m/nofp/crtbegin.o
                0x000000000800c9dc                PROVIDE (__init_array_end = .)

.fini_array     0x000000000800c9dc        0x4
                0x000000000800c9dc                PROVIDE (__fini_array_start = .)
 *(SORT_BY_NAME(.fini_array.*))
 *(.fini_array*)
 .fini_array    0x000000000800c9dc        0x4 /usr/lib/gcc/arm-none-eabi/10.3.1/thumb/v7-m/nofp/crtbegin.o
                0x000000000800c9e0                PROVIDE (__fini_array_end = .)
                0x000000000800c9e0                _sidata = LOADADDR (.data)

.data           0x0000000020000000      0xb60 load address 0x000000000800c9e0
                0x0000000020000000                . = ALIGN (0x4)
                0x0000000020000000                _sdata = .
 *(.data)
 .data          0x0000000020000000       0x64 /usr/lib/gcc/arm-none-eabi/10.3.1/../../../arm-none-eabi/lib/thumb/v7-m/nofp/libc_nano.a(lib_a-impure.o)
                0x0000000020000000                _impure_ptr
 .data          0x0000000020000064      0x16c /usr/lib/gcc/arm-none-eabi/10.3.1/../../../arm-none-eabi/lib/thumb/v7-m/nofp/libc_nano.a(lib_a-locale.o)
                0x0000000020000064                __global_locale
 *(.data*)
 .data.SystemCoreClock
                0x00000000200001d0        0x4 build/system_stm32f1xx.o
                0x00000000200001d0                SystemCoreClock
 .data.uwTickFreq
                0x00000000200001d4        0x1 build/stm32f1xx_hal.o
                0x00000000200001d4                uwTickFreq
 *fill*         0x00000000200001d5        0x3 
 .data.uwTickPrio
                0x00000000200001d8        0x4 build/stm32f1xx_hal.o
                0x00000000200001d8                uwTickPrio
 .data.USBD_CDC
                0x00000000200001dc       0x38 build/usbd_cdc.o
                0x00000000200001dc                USBD_CDC
 .data.USBD_CDC_CfgFSDesc
                0x0000000020000214       0x43 build/usbd_cdc.o
                0x0000000020000214                USBD_CDC_CfgFSDesc
 *fill*         0x0000000020000257        0x1 
 .data.USBD_CDC_CfgHSDesc
                0x0000000020000258       0x43 build/usbd_cdc.o
                0x0000000020000258                USBD_CDC_CfgHSDesc
 *fill*         0x000000002000029b        0x1 
 .data.USBD_CDC_DeviceQualifierDesc
                0x000000002000029c        0xa build/usbd_cdc.o
 *fill*         0x00000000200002a6        0x2 
 .data.USBD_CDC_OtherSpeedCfgDesc
                0x00000000200002a8       0x43 build/usbd_cdc.o
                0x00000000200002a8                USBD_CDC_OtherSpeedCfgDesc
 *fill*         0x00000000200002eb        0x1 
 .data.dma_uart1_rx
                0x00000000200002ec      0x408 build/usart.o
                0x00000000200002ec                dma_uart1_rx
 .data.dma_uart2_rx
                0x00000000200006f4      0x408 build/usart.o
                0x00000000200006f4                dma_uart2_rx
 .data.idx      0x0000000020000afc        0x1 build/sht_sensor.o
                0x0000000020000afc                idx
 *fill*         0x0000000020000afd        0x3 
 .data.FS_Desc  0x0000000020000b00       0x1c build/usbd_desc.o
                0x0000000020000b00                FS_Desc
 .data.USBD_FS_DeviceDesc
                0x0000000020000b1c       0x12 build/usbd_desc.o
                0x0000000020000b1c                USBD_FS_DeviceDesc
 *fill*         0x0000000020000b2e        0x2 
 .data.USBD_LangIDDesc
                0x0000000020000b30        0x4 build/usbd_desc.o
                0x0000000020000b30                USBD_LangIDDesc
 .data.USBD_StringSerial
                0x0000000020000b34       0x1a build/usbd_desc.o
                0x0000000020000b34                USBD_StringSerial
 *fill*         0x0000000020000b4e        0x2 
 .data.USBD_Interface_fops_FS
                0x0000000020000b50       0x10 build/usbd_cdc_if.o
                0x0000000020000b50                USBD_Interface_fops_FS
                0x0000000020000b60                . = ALIGN (0x4)
                0x0000000020000b60                _edata = .

.tm_clone_table
                0x0000000020000b60        0x0 load address 0x000000000800d540
 .tm_clone_table
                0x0000000020000b60        0x0 /usr/lib/gcc/arm-none-eabi/10.3.1/thumb/v7-m/nofp/crtbegin.o
 .tm_clone_table
                0x0000000020000b60        0x0 /usr/lib/gcc/arm-none-eabi/10.3.1/thumb/v7-m/nofp/crtend.o

.igot.plt       0x0000000020000b60        0x0 load address 0x000000000800d540
 .igot.plt      0x0000000020000b60        0x0 /usr/lib/gcc/arm-none-eabi/10.3.1/thumb/v7-m/nofp/crtbegin.o
                0x0000000020000b60                . = ALIGN (0x4)

.bss            0x0000000020000b60     0x2414 load address 0x000000000800d540
                0x0000000020000b60                _sbss = .
                0x0000000020000b60                __bss_start__ = _sbss
 *(.bss)
 .bss           0x0000000020000b60       0x1c /usr/lib/gcc/arm-none-eabi/10.3.1/thumb/v7-m/nofp/crtbegin.o
 .bss           0x0000000020000b7c        0x8 /usr/lib/gcc/arm-none-eabi/10.3.1/../../../arm-none-eabi/lib/thumb/v7-m/nofp/libc_nano.a(lib_a-nano-mallocr.o)
                0x0000000020000b7c                __malloc_free_list
                0x0000000020000b80                __malloc_sbrk_start
 .bss           0x0000000020000b84        0x4 /usr/lib/gcc/arm-none-eabi/10.3.1/../../../arm-none-eabi/lib/thumb/v7-m/nofp/libc_nano.a(lib_a-reent.o)
                0x0000000020000b84                errno
 .bss           0x0000000020000b88        0x4 /usr/lib/gcc/arm-none-eabi/10.3.1/../../../arm-none-eabi/lib/thumb/v7-m/nofp/libnosys.a(sbrk.o)
 *(.bss*)
 .bss.blink_tick
                0x0000000020000b8c        0x4 build/relay.o
                0x0000000020000b8c                blink_tick
 .bss.relayFlag
                0x0000000020000b90        0x4 build/relay.o
                0x0000000020000b90                relayFlag
 .bss.input     0x0000000020000b94       0x48 build/input.o
                0x0000000020000b94                input
 .bss.uwTick    0x0000000020000bdc        0x4 build/stm32f1xx_hal.o
                0x0000000020000bdc                uwTick
 .bss.pFlash    0x0000000020000be0       0x20 build/stm32f1xx_hal_flash.o
                0x0000000020000be0                pFlash
 .bss.cfgidx.0  0x0000000020000c00        0x1 build/usbd_ctlreq.o
 *fill*         0x0000000020000c01        0x3 
 .bss.modbus_holding_buf
                0x0000000020000c04      0x190 build/modbus_data.o
                0x0000000020000c04                modbus_holding_buf
 .bss.modbus_input_buf
                0x0000000020000d94      0x190 build/modbus_data.o
                0x0000000020000d94                modbus_input_buf
 .bss.dma_rx1_buf
                0x0000000020000f24      0x100 build/usart.o
                0x0000000020000f24                dma_rx1_buf
 .bss.dma_rx2_buf
                0x0000000020001024      0x100 build/usart.o
                0x0000000020001024                dma_rx2_buf
 .bss.fifo_uart1_tx
                0x0000000020001124        0xc build/usart.o
                0x0000000020001124                fifo_uart1_tx
 .bss.fifo_uart2_tx
                0x0000000020001130        0xc build/usart.o
                0x0000000020001130                fifo_uart2_tx
 .bss.hdma_usart1_rx
                0x000000002000113c       0x44 build/usart.o
                0x000000002000113c                hdma_usart1_rx
 .bss.hdma_usart2_rx
                0x0000000020001180       0x44 build/usart.o
                0x0000000020001180                hdma_usart2_rx
 .bss.huart1    0x00000000200011c4       0x44 build/usart.o
                0x00000000200011c4                huart1
 .bss.huart2    0x0000000020001208       0x44 build/usart.o
                0x0000000020001208                huart2
 .bss.ring_buf_uart1_tx
                0x000000002000124c      0x400 build/usart.o
                0x000000002000124c                ring_buf_uart1_tx
 .bss.ring_buf_uart2_tx
                0x000000002000164c      0x400 build/usart.o
                0x000000002000164c                ring_buf_uart2_tx
 .bss.tx1_data  0x0000000020001a4c        0x1 build/usart.o
                0x0000000020001a4c                tx1_data
 .bss.tx2_data  0x0000000020001a4d        0x1 build/usart.o
                0x0000000020001a4d                tx2_data
 .bss.sht_cnt   0x0000000020001a4e        0x1 build/sht_sensor.o
                0x0000000020001a4e                sht_cnt
 .bss.sht_id    0x0000000020001a4f        0x1 build/sht_sensor.o
                0x0000000020001a4f                sht_id
 .bss.sht_list  0x0000000020001a50      0x258 build/sht_sensor.o
                0x0000000020001a50                sht_list
 .bss.sht_tick  0x0000000020001ca8        0x4 build/sht_sensor.o
                0x0000000020001ca8                sht_tick
 .bss.waitting  0x0000000020001cac        0x1 build/sht_sensor.o
                0x0000000020001cac                waitting
 *fill*         0x0000000020001cad        0x3 
 .bss.device    0x0000000020001cb0       0x50 build/control_system.o
                0x0000000020001cb0                device
 .bss.humidify_tick
                0x0000000020001d00        0x4 build/control_system.o
                0x0000000020001d00                humidify_tick
 .bss.moise_tick
                0x0000000020001d04        0x4 build/control_system.o
                0x0000000020001d04                moise_tick
 .bss.thermis_tick
                0x0000000020001d08        0x4 build/control_system.o
                0x0000000020001d08                thermis_tick
 .bss.Address   0x0000000020001d0c        0x4 build/config.o
                0x0000000020001d0c                Address
 .bss.EraseInitStruct
                0x0000000020001d10       0x10 build/config.o
 .bss.PAGEError
                0x0000000020001d20        0x4 build/config.o
                0x0000000020001d20                PAGEError
 .bss.sys_cfg   0x0000000020001d24       0xb0 build/config.o
                0x0000000020001d24                sys_cfg
 .bss.hpcd_USB_FS
                0x0000000020001dd4      0x2ec build/usbd_conf.o
                0x0000000020001dd4                hpcd_USB_FS
 .bss.mem.0     0x00000000200020c0      0x220 build/usbd_conf.o
 .bss.hUsbDeviceFS
                0x00000000200022e0      0x2c4 build/usb_device.o
                0x00000000200022e0                hUsbDeviceFS
 .bss.USBD_StrDesc
                0x00000000200025a4      0x200 build/usbd_desc.o
                0x00000000200025a4                USBD_StrDesc
 .bss.UserRxBufferFS
                0x00000000200027a4      0x3e8 build/usbd_cdc_if.o
                0x00000000200027a4                UserRxBufferFS
 .bss.UserTxBufferFS
                0x0000000020002b8c      0x3e8 build/usbd_cdc_if.o
                0x0000000020002b8c                UserTxBufferFS
 *(COMMON)
                0x0000000020002f74                . = ALIGN (0x4)
                0x0000000020002f74                _ebss = .
                0x0000000020002f74                __bss_end__ = _ebss

._user_heap_stack
                0x0000000020002f74      0x604 load address 0x000000000800d540
                0x0000000020002f78                . = ALIGN (0x8)
 *fill*         0x0000000020002f74        0x4 
                0x0000000020002f78                PROVIDE (end = .)
                [!provide]                        PROVIDE (_end = .)
                0x0000000020003178                . = (. + _Min_Heap_Size)
 *fill*         0x0000000020002f78      0x200 
                0x0000000020003578                . = (. + _Min_Stack_Size)
 *fill*         0x0000000020003178      0x400 
                0x0000000020003578                . = ALIGN (0x8)

/DISCARD/
 libc.a(*)
 libm.a(*)
 libgcc.a(*)

.ARM.attributes
                0x0000000000000000       0x29
 *(.ARM.attributes)
 .ARM.attributes
                0x0000000000000000       0x1d /usr/lib/gcc/arm-none-eabi/10.3.1/thumb/v7-m/nofp/crti.o
 .ARM.attributes
                0x000000000000001d       0x2d /usr/lib/gcc/arm-none-eabi/10.3.1/thumb/v7-m/nofp/crtbegin.o
 .ARM.attributes
                0x000000000000004a       0x2d build/main.o
 .ARM.attributes
                0x0000000000000077       0x2d build/gpio.o
 .ARM.attributes
                0x00000000000000a4       0x2d build/relay.o
 .ARM.attributes
                0x00000000000000d1       0x2d build/input.o
 .ARM.attributes
                0x00000000000000fe       0x2d build/stm32f1xx_it.o
 .ARM.attributes
                0x000000000000012b       0x2d build/stm32f1xx_hal_msp.o
 .ARM.attributes
                0x0000000000000158       0x2d build/system_stm32f1xx.o
 .ARM.attributes
                0x0000000000000185       0x2d build/stm32f1xx_hal.o
 .ARM.attributes
                0x00000000000001b2       0x2d build/stm32f1xx_hal_pcd.o
 .ARM.attributes
                0x00000000000001df       0x2d build/stm32f1xx_hal_pcd_ex.o
 .ARM.attributes
                0x000000000000020c       0x2d build/stm32f1xx_hal_uart.o
 .ARM.attributes
                0x0000000000000239       0x2d build/stm32f1xx_hal_rcc.o
 .ARM.attributes
                0x0000000000000266       0x2d build/stm32f1xx_hal_rcc_ex.o
 .ARM.attributes
                0x0000000000000293       0x2d build/stm32f1xx_hal_gpio.o
 .ARM.attributes
                0x00000000000002c0       0x2d build/stm32f1xx_hal_dma.o
 .ARM.attributes
                0x00000000000002ed       0x2d build/stm32f1xx_hal_cortex.o
 .ARM.attributes
                0x000000000000031a       0x2d build/stm32f1xx_hal_flash.o
 .ARM.attributes
                0x0000000000000347       0x2d build/stm32f1xx_hal_flash_ex.o
 .ARM.attributes
                0x0000000000000374       0x2d build/stm32f1xx_ll_usb.o
 .ARM.attributes
                0x00000000000003a1       0x2d build/usbd_core.o
 .ARM.attributes
                0x00000000000003ce       0x2d build/usbd_ctlreq.o
 .ARM.attributes
                0x00000000000003fb       0x2d build/usbd_ioreq.o
 .ARM.attributes
                0x0000000000000428       0x2d build/usbd_cdc.o
 .ARM.attributes
                0x0000000000000455       0x2d build/fifo.o
 .ARM.attributes
                0x0000000000000482       0x2d build/modbus_crc.o
 .ARM.attributes
                0x00000000000004af       0x2d build/modbus_data.o
 .ARM.attributes
                0x00000000000004dc       0x2d build/usart.o
 .ARM.attributes
                0x0000000000000509       0x2d build/sht_sensor.o
 .ARM.attributes
                0x0000000000000536       0x2d build/control_system.o
 .ARM.attributes
                0x0000000000000563       0x2d build/config.o
 .ARM.attributes
                0x0000000000000590       0x2d build/usbd_conf.o
 .ARM.attributes
                0x00000000000005bd       0x2d build/usb_device.o
 .ARM.attributes
                0x00000000000005ea       0x2d build/usbd_desc.o
 .ARM.attributes
                0x0000000000000617       0x2d build/usbd_cdc_if.o
 .ARM.attributes
                0x0000000000000644       0x21 build/startup_stm32f103xe.o
 .ARM.attributes
                0x0000000000000665       0x2d /usr/lib/gcc/arm-none-eabi/10.3.1/../../../arm-none-eabi/lib/thumb/v7-m/nofp/libc_nano.a(lib_a-errno.o)
 .ARM.attributes
                0x0000000000000692       0x2d /usr/lib/gcc/arm-none-eabi/10.3.1/../../../arm-none-eabi/lib/thumb/v7-m/nofp/libc_nano.a(lib_a-impure.o)
 .ARM.attributes
                0x00000000000006bf       0x2d /usr/lib/gcc/arm-none-eabi/10.3.1/../../../arm-none-eabi/lib/thumb/v7-m/nofp/libc_nano.a(lib_a-init.o)
 .ARM.attributes
                0x00000000000006ec       0x2d /usr/lib/gcc/arm-none-eabi/10.3.1/../../../arm-none-eabi/lib/thumb/v7-m/nofp/libc_nano.a(lib_a-malloc.o)
 .ARM.attributes
                0x0000000000000719       0x1b /usr/lib/gcc/arm-none-eabi/10.3.1/../../../arm-none-eabi/lib/thumb/v7-m/nofp/libc_nano.a(lib_a-memcpy.o)
 .ARM.attributes
                0x0000000000000734       0x2d /usr/lib/gcc/arm-none-eabi/10.3.1/../../../arm-none-eabi/lib/thumb/v7-m/nofp/libc_nano.a(lib_a-memset.o)
 .ARM.attributes
                0x0000000000000761       0x2d /usr/lib/gcc/arm-none-eabi/10.3.1/../../../arm-none-eabi/lib/thumb/v7-m/nofp/libc_nano.a(lib_a-nano-freer.o)
 .ARM.attributes
                0x000000000000078e       0x2d /usr/lib/gcc/arm-none-eabi/10.3.1/../../../arm-none-eabi/lib/thumb/v7-m/nofp/libc_nano.a(lib_a-nano-mallocr.o)
 .ARM.attributes
                0x00000000000007bb       0x2d /usr/lib/gcc/arm-none-eabi/10.3.1/../../../arm-none-eabi/lib/thumb/v7-m/nofp/libc_nano.a(lib_a-nano-vfprintf_float.o)
 .ARM.attributes
                0x00000000000007e8       0x2d /usr/lib/gcc/arm-none-eabi/10.3.1/../../../arm-none-eabi/lib/thumb/v7-m/nofp/libc_nano.a(lib_a-nano-vfprintf_i.o)
 .ARM.attributes
                0x0000000000000815       0x2d /usr/lib/gcc/arm-none-eabi/10.3.1/../../../arm-none-eabi/lib/thumb/v7-m/nofp/libc_nano.a(lib_a-printf.o)
 .ARM.attributes
                0x0000000000000842       0x2d /usr/lib/gcc/arm-none-eabi/10.3.1/../../../arm-none-eabi/lib/thumb/v7-m/nofp/libc_nano.a(lib_a-puts.o)
 .ARM.attributes
                0x000000000000086f       0x2d /usr/lib/gcc/arm-none-eabi/10.3.1/../../../arm-none-eabi/lib/thumb/v7-m/nofp/libc_nano.a(lib_a-sbrkr.o)
 .ARM.attributes
                0x000000000000089c       0x2d /usr/lib/gcc/arm-none-eabi/10.3.1/../../../arm-none-eabi/lib/thumb/v7-m/nofp/libc_nano.a(lib_a-strlen-stub.o)
 .ARM.attributes
                0x00000000000008c9       0x2d /usr/lib/gcc/arm-none-eabi/10.3.1/../../../arm-none-eabi/lib/thumb/v7-m/nofp/libc_nano.a(lib_a-wbuf.o)
 .ARM.attributes
                0x00000000000008f6       0x2d /usr/lib/gcc/arm-none-eabi/10.3.1/../../../arm-none-eabi/lib/thumb/v7-m/nofp/libc_nano.a(lib_a-wsetup.o)
 .ARM.attributes
                0x0000000000000923       0x2d /usr/lib/gcc/arm-none-eabi/10.3.1/../../../arm-none-eabi/lib/thumb/v7-m/nofp/libc_nano.a(lib_a-dtoa.o)
 .ARM.attributes
                0x0000000000000950       0x2d /usr/lib/gcc/arm-none-eabi/10.3.1/../../../arm-none-eabi/lib/thumb/v7-m/nofp/libc_nano.a(lib_a-fflush.o)
 .ARM.attributes
                0x000000000000097d       0x2d /usr/lib/gcc/arm-none-eabi/10.3.1/../../../arm-none-eabi/lib/thumb/v7-m/nofp/libc_nano.a(lib_a-findfp.o)
 .ARM.attributes
                0x00000000000009aa       0x2d /usr/lib/gcc/arm-none-eabi/10.3.1/../../../arm-none-eabi/lib/thumb/v7-m/nofp/libc_nano.a(lib_a-fwalk.o)
 .ARM.attributes
                0x00000000000009d7       0x2d /usr/lib/gcc/arm-none-eabi/10.3.1/../../../arm-none-eabi/lib/thumb/v7-m/nofp/libc_nano.a(lib_a-localeconv.o)
 .ARM.attributes
                0x0000000000000a04       0x2d /usr/lib/gcc/arm-none-eabi/10.3.1/../../../arm-none-eabi/lib/thumb/v7-m/nofp/libc_nano.a(lib_a-makebuf.o)
 .ARM.attributes
                0x0000000000000a31       0x2d /usr/lib/gcc/arm-none-eabi/10.3.1/../../../arm-none-eabi/lib/thumb/v7-m/nofp/libc_nano.a(lib_a-memchr-stub.o)
 .ARM.attributes
                0x0000000000000a5e       0x2d /usr/lib/gcc/arm-none-eabi/10.3.1/../../../arm-none-eabi/lib/thumb/v7-m/nofp/libc_nano.a(lib_a-mlock.o)
 .ARM.attributes
                0x0000000000000a8b       0x2d /usr/lib/gcc/arm-none-eabi/10.3.1/../../../arm-none-eabi/lib/thumb/v7-m/nofp/libc_nano.a(lib_a-mprec.o)
 .ARM.attributes
                0x0000000000000ab8       0x2d /usr/lib/gcc/arm-none-eabi/10.3.1/../../../arm-none-eabi/lib/thumb/v7-m/nofp/libc_nano.a(lib_a-nano-callocr.o)
 .ARM.attributes
                0x0000000000000ae5       0x2d /usr/lib/gcc/arm-none-eabi/10.3.1/../../../arm-none-eabi/lib/thumb/v7-m/nofp/libc_nano.a(lib_a-nano-vfprintf.o)
 .ARM.attributes
                0x0000000000000b12       0x2d /usr/lib/gcc/arm-none-eabi/10.3.1/../../../arm-none-eabi/lib/thumb/v7-m/nofp/libc_nano.a(lib_a-reent.o)
 .ARM.attributes
                0x0000000000000b3f       0x2d /usr/lib/gcc/arm-none-eabi/10.3.1/../../../arm-none-eabi/lib/thumb/v7-m/nofp/libc_nano.a(lib_a-stdio.o)
 .ARM.attributes
                0x0000000000000b6c       0x2d /usr/lib/gcc/arm-none-eabi/10.3.1/../../../arm-none-eabi/lib/thumb/v7-m/nofp/libc_nano.a(lib_a-writer.o)
 .ARM.attributes
                0x0000000000000b99       0x2d /usr/lib/gcc/arm-none-eabi/10.3.1/../../../arm-none-eabi/lib/thumb/v7-m/nofp/libc_nano.a(lib_a-assert.o)
 .ARM.attributes
                0x0000000000000bc6       0x2d /usr/lib/gcc/arm-none-eabi/10.3.1/../../../arm-none-eabi/lib/thumb/v7-m/nofp/libc_nano.a(lib_a-closer.o)
 .ARM.attributes
                0x0000000000000bf3       0x2d /usr/lib/gcc/arm-none-eabi/10.3.1/../../../arm-none-eabi/lib/thumb/v7-m/nofp/libc_nano.a(lib_a-fprintf.o)
 .ARM.attributes
                0x0000000000000c20       0x2d /usr/lib/gcc/arm-none-eabi/10.3.1/../../../arm-none-eabi/lib/thumb/v7-m/nofp/libc_nano.a(lib_a-fstatr.o)
 .ARM.attributes