Archive member included to satisfy reference by file (symbol)

e:/gnu arm embedded toolchain/10 2021.10/bin/../lib/gcc/arm-none-eabi/10.3.1/../../../../arm-none-eabi/lib/thumb/v7-m/nofp\libc_nano.a(lib_a-errno.o)
                              build/main.o (__errno)
e:/gnu arm embedded toolchain/10 2021.10/bin/../lib/gcc/arm-none-eabi/10.3.1/../../../../arm-none-eabi/lib/thumb/v7-m/nofp\libc_nano.a(lib_a-exit.o)
                              e:/gnu arm embedded toolchain/10 2021.10/bin/../lib/gcc/arm-none-eabi/10.3.1/../../../../arm-none-eabi/lib/thumb/v7-m/nofp/crt0.o (exit)
e:/gnu arm embedded toolchain/10 2021.10/bin/../lib/gcc/arm-none-eabi/10.3.1/../../../../arm-none-eabi/lib/thumb/v7-m/nofp\libc_nano.a(lib_a-impure.o)
                              e:/gnu arm embedded toolchain/10 2021.10/bin/../lib/gcc/arm-none-eabi/10.3.1/../../../../arm-none-eabi/lib/thumb/v7-m/nofp\libc_nano.a(lib_a-exit.o) (_global_impure_ptr)
e:/gnu arm embedded toolchain/10 2021.10/bin/../lib/gcc/arm-none-eabi/10.3.1/../../../../arm-none-eabi/lib/thumb/v7-m/nofp\libc_nano.a(lib_a-init.o)
                              e:/gnu arm embedded toolchain/10 2021.10/bin/../lib/gcc/arm-none-eabi/10.3.1/../../../../arm-none-eabi/lib/thumb/v7-m/nofp/crt0.o (__libc_init_array)
e:/gnu arm embedded toolchain/10 2021.10/bin/../lib/gcc/arm-none-eabi/10.3.1/../../../../arm-none-eabi/lib/thumb/v7-m/nofp\libc_nano.a(lib_a-memset.o)
                              e:/gnu arm embedded toolchain/10 2021.10/bin/../lib/gcc/arm-none-eabi/10.3.1/../../../../arm-none-eabi/lib/thumb/v7-m/nofp/crt0.o (memset)
e:/gnu arm embedded toolchain/10 2021.10/bin/../lib/gcc/arm-none-eabi/10.3.1/../../../../arm-none-eabi/lib/thumb/v7-m/nofp\libc_nano.a(lib_a-nano-vfprintf_float.o)
                              (_printf_float)
e:/gnu arm embedded toolchain/10 2021.10/bin/../lib/gcc/arm-none-eabi/10.3.1/../../../../arm-none-eabi/lib/thumb/v7-m/nofp\libc_nano.a(lib_a-nano-vfprintf_i.o)
                              e:/gnu arm embedded toolchain/10 2021.10/bin/../lib/gcc/arm-none-eabi/10.3.1/../../../../arm-none-eabi/lib/thumb/v7-m/nofp\libc_nano.a(lib_a-nano-vfprintf_float.o) (_printf_common)
e:/gnu arm embedded toolchain/10 2021.10/bin/../lib/gcc/arm-none-eabi/10.3.1/../../../../arm-none-eabi/lib/thumb/v7-m/nofp\libc_nano.a(lib_a-printf.o)
                              build/main.o (printf)
e:/gnu arm embedded toolchain/10 2021.10/bin/../lib/gcc/arm-none-eabi/10.3.1/../../../../arm-none-eabi/lib/thumb/v7-m/nofp\libc_nano.a(lib_a-puts.o)
                              build/modbus_data.o (puts)
e:/gnu arm embedded toolchain/10 2021.10/bin/../lib/gcc/arm-none-eabi/10.3.1/../../../../arm-none-eabi/lib/thumb/v7-m/nofp\libc_nano.a(lib_a-strlen.o)
                              e:/gnu arm embedded toolchain/10 2021.10/bin/../lib/gcc/arm-none-eabi/10.3.1/../../../../arm-none-eabi/lib/thumb/v7-m/nofp\libc_nano.a(lib_a-nano-vfprintf_float.o) (strlen)
e:/gnu arm embedded toolchain/10 2021.10/bin/../lib/gcc/arm-none-eabi/10.3.1/../../../../arm-none-eabi/lib/thumb/v7-m/nofp\libc_nano.a(lib_a-wbuf.o)
                              e:/gnu arm embedded toolchain/10 2021.10/bin/../lib/gcc/arm-none-eabi/10.3.1/../../../../arm-none-eabi/lib/thumb/v7-m/nofp\libc_nano.a(lib_a-puts.o) (__swbuf_r)
e:/gnu arm embedded toolchain/10 2021.10/bin/../lib/gcc/arm-none-eabi/10.3.1/../../../../arm-none-eabi/lib/thumb/v7-m/nofp\libc_nano.a(lib_a-wsetup.o)
                              e:/gnu arm embedded toolchain/10 2021.10/bin/../lib/gcc/arm-none-eabi/10.3.1/../../../../arm-none-eabi/lib/thumb/v7-m/nofp\libc_nano.a(lib_a-puts.o) (__swsetup_r)
e:/gnu arm embedded toolchain/10 2021.10/bin/../lib/gcc/arm-none-eabi/10.3.1/../../../../arm-none-eabi/lib/thumb/v7-m/nofp\libc_nano.a(lib_a-dtoa.o)
                              e:/gnu arm embedded toolchain/10 2021.10/bin/../lib/gcc/arm-none-eabi/10.3.1/../../../../arm-none-eabi/lib/thumb/v7-m/nofp\libc_nano.a(lib_a-nano-vfprintf_float.o) (_dtoa_r)
e:/gnu arm embedded toolchain/10 2021.10/bin/../lib/gcc/arm-none-eabi/10.3.1/../../../../arm-none-eabi/lib/thumb/v7-m/nofp\libc_nano.a(lib_a-fflush.o)
                              e:/gnu arm embedded toolchain/10 2021.10/bin/../lib/gcc/arm-none-eabi/10.3.1/../../../../arm-none-eabi/lib/thumb/v7-m/nofp\libc_nano.a(lib_a-wbuf.o) (_fflush_r)
e:/gnu arm embedded toolchain/10 2021.10/bin/../lib/gcc/arm-none-eabi/10.3.1/../../../../arm-none-eabi/lib/thumb/v7-m/nofp\libc_nano.a(lib_a-findfp.o)
                              e:/gnu arm embedded toolchain/10 2021.10/bin/../lib/gcc/arm-none-eabi/10.3.1/../../../../arm-none-eabi/lib/thumb/v7-m/nofp\libc_nano.a(lib_a-printf.o) (__sinit)
e:/gnu arm embedded toolchain/10 2021.10/bin/../lib/gcc/arm-none-eabi/10.3.1/../../../../arm-none-eabi/lib/thumb/v7-m/nofp\libc_nano.a(lib_a-fwalk.o)
                              e:/gnu arm embedded toolchain/10 2021.10/bin/../lib/gcc/arm-none-eabi/10.3.1/../../../../arm-none-eabi/lib/thumb/v7-m/nofp\libc_nano.a(lib_a-findfp.o) (_fwalk)
[...]
Memory Configuration

Name             Origin             Length             Attributes
RAM              0x20000000         0x00010000         xrw
FLASH            0x08000000         0x00040000         xr
*default*        0x00000000         0xffffffff

Linker script and memory map

LOAD e:/gnu arm embedded toolchain/10 2021.10/bin/../lib/gcc/arm-none-eabi/10.3.1/thumb/v7-m/nofp/crti.o
LOAD e:/gnu arm embedded toolchain/10 2021.10/bin/../lib/gcc/arm-none-eabi/10.3.1/thumb/v7-m/nofp/crtbegin.o
LOAD e:/gnu arm embedded toolchain/10 2021.10/bin/../lib/gcc/arm-none-eabi/10.3.1/../../../../arm-none-eabi/lib/thumb/v7-m/nofp/crt0.o
LOAD build/main.o
LOAD build/gpio.o
LOAD build/stm32f1xx_it.o
LOAD build/stm32f1xx_hal_msp.o
LOAD build/system_stm32f1xx.o
LOAD build/stm32f1xx_hal.o
LOAD build/stm32f1xx_hal_pcd.o
LOAD build/stm32f1xx_hal_pcd_ex.o
LOAD build/stm32f1xx_hal_adc.o
LOAD build/stm32f1xx_hal_adc_ex.o
LOAD build/stm32f1xx_hal_iwdg.o
LOAD build/stm32f1xx_hal_rtc.o
LOAD build/stm32f1xx_hal_rtc_ex.o
LOAD build/stm32f1xx_hal_spi.o
LOAD build/stm32f1xx_hal_tim.o
LOAD build/stm32f1xx_hal_tim_ex.o
LOAD build/stm32f1xx_hal_uart.o
LOAD build/stm32f1xx_hal_rcc.o
LOAD build/stm32f1xx_hal_rcc_ex.o
LOAD build/stm32f1xx_hal_gpio.o
LOAD build/stm32f1xx_hal_dma.o
LOAD build/stm32f1xx_hal_cortex.o
LOAD build/stm32f1xx_hal_pwr.o
LOAD build/stm32f1xx_hal_flash.o
LOAD build/stm32f1xx_hal_flash_ex.o
LOAD build/stm32f1xx_ll_usb.o
LOAD build/stm32f1xx_ll_usart.o
LOAD build/usbd_core.o
LOAD build/usbd_ctlreq.o
LOAD build/usbd_ioreq.o
LOAD build/usbd_cdc.o
LOAD build/fifo.o
LOAD build/modbus_crc.o
LOAD build/modbus_data.o
LOAD build/usart.o
LOAD build/usbd_conf.o
LOAD build/usb_device.o
LOAD build/usbd_desc.o
LOAD build/usbd_cdc_if.o
LOAD build/startup_stm32f103xe.o
LOAD e:/gnu arm embedded toolchain/10 2021.10/bin/../lib/gcc/arm-none-eabi/10.3.1/../../../../arm-none-eabi/lib/thumb/v7-m/nofp\libc_nano.a
LOAD e:/gnu arm embedded toolchain/10 2021.10/bin/../lib/gcc/arm-none-eabi/10.3.1/../../../../arm-none-eabi/lib/thumb/v7-m/nofp\libm.a
LOAD e:/gnu arm embedded toolchain/10 2021.10/bin/../lib/gcc/arm-none-eabi/10.3.1/../../../../arm-none-eabi/lib/thumb/v7-m/nofp\libnosys.a
START GROUP
LOAD e:/gnu arm embedded toolchain/10 2021.10/bin/../lib/gcc/arm-none-eabi/10.3.1/thumb/v7-m/nofp\libgcc.a
LOAD e:/gnu arm embedded toolchain/10 2021.10/bin/../lib/gcc/arm-none-eabi/10.3.1/../../../../arm-none-eabi/lib/thumb/v7-m/nofp\libc_nano.a
END GROUP
START GROUP
LOAD e:/gnu arm embedded toolchain/10 2021.10/bin/../lib/gcc/arm-none-eabi/10.3.1/thumb/v7-m/nofp\libgcc.a
LOAD e:/gnu arm embedded toolchain/10 2021.10/bin/../lib/gcc/arm-none-eabi/10.3.1/../../../../arm-none-eabi/lib/thumb/v7-m/nofp\libc_nano.a
END GROUP
LOAD e:/gnu arm embedded toolchain/10 2021.10/bin/../lib/gcc/arm-none-eabi/10.3.1/thumb/v7-m/nofp/crtend.o
LOAD e:/gnu arm embedded toolchain/10 2021.10/bin/../lib/gcc/arm-none-eabi/10.3.1/thumb/v7-m/nofp/crtn.o
                0x20010000                _estack = 0x20010000
                0x00000200                _Min_Heap_Size = 0x200
                0x00000400                _Min_Stack_Size = 0x400

.isr_vector     0x08000000      0x1e4
                0x08000000                . = ALIGN (0x4)
 *(.isr_vector)
 .isr_vector    0x08000000      0x1e4 build/startup_stm32f103xe.o
                0x08000000                g_pfnVectors
                0x080001e4                . = ALIGN (0x4)

.text           0x080001e8     0x8874
                0x080001e8                . = ALIGN (0x4)
 *(.text)
 .text          0x080001e8       0x40 e:/gnu arm embedded toolchain/10 2021.10/bin/../lib/gcc/arm-none-eabi/10.3.1/thumb/v7-m/nofp/crtbegin.o
 .text          0x08000228       0x10 e:/gnu arm embedded toolchain/10 2021.10/bin/../lib/gcc/arm-none-eabi/10.3.1/../../../../arm-none-eabi/lib/thumb/v7-m/nofp\libc_nano.a(lib_a-strlen.o)
                0x08000228                strlen
 .text          0x08000238      0x378 e:/gnu arm embedded toolchain/10 2021.10/bin/../lib/gcc/arm-none-eabi/10.3.1/thumb/v7-m/nofp\libgcc.a(_arm_addsubdf3.o)
                0x08000238                __aeabi_drsub
                0x08000240                __aeabi_dsub
                0x08000240                __subdf3
                0x08000244                __aeabi_dadd
                0x08000244                __adddf3
                0x080004bc                __floatunsidf
                0x080004bc                __aeabi_ui2d
                0x080004dc                __floatsidf
                0x080004dc                __aeabi_i2d
                0x08000500                __aeabi_f2d
                0x08000500                __extendsfdf2
                0x08000544                __floatundidf
                0x08000544                __aeabi_ul2d
                0x08000554                __floatdidf
                0x08000554                __aeabi_l2d
 .text          0x080005b0      0x424 e:/gnu arm embedded toolchain/10 2021.10/bin/../lib/gcc/arm-none-eabi/10.3.1/thumb/v7-m/nofp\libgcc.a(_arm_muldivdf3.o)
                0x080005b0                __aeabi_dmul
                0x080005b0                __muldf3
                0x08000804                __divdf3
                0x08000804                __aeabi_ddiv
 .text          0x080009d4      0x110 e:/gnu arm embedded toolchain/10 2021.10/bin/../lib/gcc/arm-none-eabi/10.3.1/thumb/v7-m/nofp\libgcc.a(_arm_cmpdf2.o)
                0x080009d4                __gtdf2
                0x080009d4                __gedf2
                0x080009dc                __ltdf2
                0x080009dc                __ledf2
                0x080009e4                __nedf2
                0x080009e4                __eqdf2
                0x080009e4                __cmpdf2
                0x08000a60                __aeabi_cdrcmple
                0x08000a70                __aeabi_cdcmpeq
                0x08000a70                __aeabi_cdcmple
                0x08000a80                __aeabi_dcmpeq
                0x08000a94                __aeabi_dcmplt
                0x08000aa8                __aeabi_dcmple
                0x08000abc                __aeabi_dcmpge
                0x08000ad0                __aeabi_dcmpgt
 .text          0x08000ae4       0x2c e:/gnu arm embedded toolchain/10 2021.10/bin/../lib/gcc/arm-none-eabi/10.3.1/thumb/v7-m/nofp\libgcc.a(_arm_unorddf2.o)
                0x08000ae4                __unorddf2
                0x08000ae4                __aeabi_dcmpun
 .text          0x08000b10       0x50 e:/gnu arm embedded toolchain/10 2021.10/bin/../lib/gcc/arm-none-eabi/10.3.1/thumb/v7-m/nofp\libgcc.a(_arm_fixdfsi.o)
                0x08000b10                __aeabi_d2iz
                0x08000b10                __fixdfsi
 *(.text*)
 .text.SystemClock_Config
                0x08000b60       0x7e build/main.o
                0x08000b60                SystemClock_Config
 *fill*         0x08000bde        0x2 
 .text.main     0x08000be0       0xa0 build/main.o
                0x08000be0                main
 .text.Error_Handler
                0x08000c80        0x2 build/main.o
                0x08000c80                Error_Handler
 .text._write   0x08000c82       0x22 build/main.o
                0x08000c82                _write
 .text.MX_GPIO_Init
                0x08000ca4       0xb0 build/gpio.o
                0x08000ca4                MX_GPIO_Init
 .text.NMI_Handler
                0x08000d54        0x2 build/stm32f1xx_it.o
                0x08000d54                NMI_Handler
 .text.HardFault_Handler
                0x08000d56        0x2 build/stm32f1xx_it.o
                0x08000d56                HardFault_Handler
 .text.MemManage_Handler
                0x08000d58        0x2 build/stm32f1xx_it.o
                0x08000d58                MemManage_Handler
 .text.BusFault_Handler
                0x08000d5a        0x2 build/stm32f1xx_it.o
                0x08000d5a                BusFault_Handler
 .text.UsageFault_Handler
                0x08000d5c        0x2 build/stm32f1xx_it.o
                0x08000d5c                UsageFault_Handler
 .text.SVC_Handler
                0x08000d5e        0x2 build/stm32f1xx_it.o
                0x08000d5e                SVC_Handler
 .text.DebugMon_Handler
                0x08000d60        0x2 build/stm32f1xx_it.o
                0x08000d60                DebugMon_Handler
 .text.PendSV_Handler
                0x08000d62        0x2 build/stm32f1xx_it.o
                0x08000d62                PendSV_Handler
 .text.SysTick_Handler
                0x08000d64       0x68 build/stm32f1xx_it.o
                0x08000d64                SysTick_Handler
 .text.USB_LP_CAN1_RX0_IRQHandler
                0x08000dcc       0x10 build/stm32f1xx_it.o
                0x08000dcc                USB_LP_CAN1_RX0_IRQHandler
 .text.USART1_IRQHandler
                0x08000ddc       0x3c build/stm32f1xx_it.o
                0x08000ddc                USART1_IRQHandler
 .text.USART2_IRQHandler
                0x08000e18       0x3c build/stm32f1xx_it.o
                0x08000e18                USART2_IRQHandler
 .text.DMA1_Channel5_IRQHandler
                0x08000e54       0x10 build/stm32f1xx_it.o
                0x08000e54                DMA1_Channel5_IRQHandler
 .text.DMA1_Channel6_IRQHandler
                0x08000e64       0x10 build/stm32f1xx_it.o
                0x08000e64                DMA1_Channel6_IRQHandler
 .text.HAL_MspInit
                0x08000e74       0x44 build/stm32f1xx_hal_msp.o
                0x08000e74                HAL_MspInit
 .text.SystemInit
                0x08000eb8       0x4c build/system_stm32f1xx.o
                0x08000eb8                SystemInit
 .text.HAL_InitTick
                0x08000f04       0x4c build/stm32f1xx_hal.o
                0x08000f04                HAL_InitTick
 .text.HAL_Init
                0x08000f50       0x24 build/stm32f1xx_hal.o
                0x08000f50                HAL_Init
 .text.HAL_IncTick
                0x08000f74       0x18 build/stm32f1xx_hal.o
                0x08000f74                HAL_IncTick
 .text.HAL_GetTick
                0x08000f8c        0xc build/stm32f1xx_hal.o
                0x08000f8c                HAL_GetTick
 .text.HAL_Delay
                0x08000f98       0x28 build/stm32f1xx_hal.o
                0x08000f98                HAL_Delay
 .text.HAL_PCD_EP_DB_Receive
                0x08000fc0      0x11c build/stm32f1xx_hal_pcd.o
 .text.HAL_PCD_Init
                0x080010dc      0x118 build/stm32f1xx_hal_pcd.o
                0x080010dc                HAL_PCD_Init
 .text.HAL_PCD_Start
                0x080011f4       0x32 build/stm32f1xx_hal_pcd.o
                0x080011f4                HAL_PCD_Start
 .text.HAL_PCD_EP_DB_Transmit
                0x08001226      0x420 build/stm32f1xx_hal_pcd.o
 .text.PCD_EP_ISR_Handler
                0x08001646      0x438 build/stm32f1xx_hal_pcd.o
 .text.HAL_PCD_SetAddress
                0x08001a7e       0x28 build/stm32f1xx_hal_pcd.o
                0x08001a7e                HAL_PCD_SetAddress
 .text.HAL_PCD_IRQHandler
                0x08001aa6      0x1d4 build/stm32f1xx_hal_pcd.o
                0x08001aa6                HAL_PCD_IRQHandler
 .text.HAL_PCD_EP_Open
                0x08001c7a       0x84 build/stm32f1xx_hal_pcd.o
                0x08001c7a                HAL_PCD_EP_Open
 .text.HAL_PCD_EP_Close
                0x08001cfe       0x64 build/stm32f1xx_hal_pcd.o
                0x08001cfe                HAL_PCD_EP_Close
 .text.HAL_PCD_EP_Receive
                0x08001d62       0x44 build/stm32f1xx_hal_pcd.o
                0x08001d62                HAL_PCD_EP_Receive
 .text.HAL_PCD_EP_GetRxCount
                0x08001da6       0x12 build/stm32f1xx_hal_pcd.o
                0x08001da6                HAL_PCD_EP_GetRxCount
 .text.HAL_PCD_EP_Transmit
                0x08001db8       0x50 build/stm32f1xx_hal_pcd.o
                0x08001db8                HAL_PCD_EP_Transmit
 .text.HAL_PCD_EP_SetStall
                0x08001e08       0x78 build/stm32f1xx_hal_pcd.o
                0x08001e08                HAL_PCD_EP_SetStall
 .text.HAL_PCD_EP_ClrStall
                0x08001e80       0x76 build/stm32f1xx_hal_pcd.o
                0x08001e80                HAL_PCD_EP_ClrStall
 .text.HAL_PCDEx_PMAConfig
                0x08001ef6       0x38 build/stm32f1xx_hal_pcd_ex.o
                0x08001ef6                HAL_PCDEx_PMAConfig
 .text.UART_EndTxTransfer
                0x08001f2e       0x12 build/stm32f1xx_hal_uart.o
 .text.UART_EndRxTransfer
                0x08001f40       0x32 build/stm32f1xx_hal_uart.o
 .text.UART_Transmit_IT
                0x08001f72       0x60 build/stm32f1xx_hal_uart.o
 *fill*         0x08001fd2        0x2 
 .text.UART_SetConfig
                0x08001fd4       0x94 build/stm32f1xx_hal_uart.o
 .text.HAL_UART_Init
                0x08002068       0x5e build/stm32f1xx_hal_uart.o
                0x08002068                HAL_UART_Init
 .text.HAL_UART_Transmit_IT
                0x080020c6       0x4e build/stm32f1xx_hal_uart.o
                0x080020c6                HAL_UART_Transmit_IT
 .text.UART_EndTransmit_IT
                0x08002114       0x1a build/stm32f1xx_hal_uart.o
 .text.HAL_UART_RxHalfCpltCallback
                0x0800212e        0x2 build/stm32f1xx_hal_uart.o
                0x0800212e                HAL_UART_RxHalfCpltCallback
 .text.UART_DMAError
                0x08002130       0x58 build/stm32f1xx_hal_uart.o
 .text.UART_DMAAbortOnError
                0x08002188       0x10 build/stm32f1xx_hal_uart.o
 .text.HAL_UARTEx_RxEventCallback
                0x08002198        0x2 build/stm32f1xx_hal_uart.o
                0x08002198                HAL_UARTEx_RxEventCallback
 .text.UART_Receive_IT
                0x0800219a       0xd4 build/stm32f1xx_hal_uart.o
 *fill*         0x0800226e        0x2 
 .text.HAL_UART_IRQHandler
                0x08002270      0x204 build/stm32f1xx_hal_uart.o
                0x08002270                HAL_UART_IRQHandler
 .text.UART_DMARxHalfCplt
                0x08002474       0x1a build/stm32f1xx_hal_uart.o
 .text.UART_DMAReceiveCplt
                0x0800248e       0x5e build/stm32f1xx_hal_uart.o
 .text.UART_Start_Receive_DMA
                0x080024ec       0x78 build/stm32f1xx_hal_uart.o
                0x080024ec                UART_Start_Receive_DMA
 .text.HAL_UART_Receive_DMA
                0x08002564       0x38 build/stm32f1xx_hal_uart.o
                0x08002564                HAL_UART_Receive_DMA
 .text.RCC_Delay
                0x0800259c       0x2c build/stm32f1xx_hal_rcc.o
 .text.HAL_RCC_OscConfig
                0x080025c8      0x410 build/stm32f1xx_hal_rcc.o
                0x080025c8                HAL_RCC_OscConfig
 .text.HAL_RCC_GetSysClockFreq
                0x080029d8       0x70 build/stm32f1xx_hal_rcc.o
                0x080029d8                HAL_RCC_GetSysClockFreq
 .text.HAL_RCC_ClockConfig
                0x08002a48      0x16c build/stm32f1xx_hal_rcc.o
                0x08002a48                HAL_RCC_ClockConfig
 .text.HAL_RCC_GetHCLKFreq
                0x08002bb4        0xc build/stm32f1xx_hal_rcc.o
                0x08002bb4                HAL_RCC_GetHCLKFreq
 .text.HAL_RCC_GetPCLK1Freq
                0x08002bc0       0x20 build/stm32f1xx_hal_rcc.o
                0x08002bc0                HAL_RCC_GetPCLK1Freq
 .text.HAL_RCC_GetPCLK2Freq
                0x08002be0       0x20 build/stm32f1xx_hal_rcc.o
                0x08002be0                HAL_RCC_GetPCLK2Freq
 .text.HAL_RCCEx_PeriphCLKConfig
                0x08002c00      0x118 build/stm32f1xx_hal_rcc_ex.o
                0x08002c00                HAL_RCCEx_PeriphCLKConfig
 .text.HAL_GPIO_Init
                0x08002d18      0x240 build/stm32f1xx_hal_gpio.o
                0x08002d18                HAL_GPIO_Init
 .text.HAL_GPIO_WritePin
                0x08002f58        0xc build/stm32f1xx_hal_gpio.o
                0x08002f58                HAL_GPIO_WritePin
 .text.DMA_SetConfig
                0x08002f64       0x2c build/stm32f1xx_hal_dma.o
 .text.HAL_DMA_Init
                0x08002f90       0x98 build/stm32f1xx_hal_dma.o
                0x08002f90                HAL_DMA_Init
 .text.HAL_DMA_Start_IT
                0x08003028       0x74 build/stm32f1xx_hal_dma.o
                0x08003028                HAL_DMA_Start_IT
 .text.HAL_DMA_Abort
                0x0800309c       0x44 build/stm32f1xx_hal_dma.o
                0x0800309c                HAL_DMA_Abort
 .text.HAL_DMA_Abort_IT
                0x080030e0      0x168 build/stm32f1xx_hal_dma.o
                0x080030e0                HAL_DMA_Abort_IT
 .text.HAL_DMA_IRQHandler
                0x08003248      0x2ec build/stm32f1xx_hal_dma.o
                0x08003248                HAL_DMA_IRQHandler
 .text.HAL_NVIC_SetPriorityGrouping
                0x08003534       0x24 build/stm32f1xx_hal_cortex.o
                0x08003534                HAL_NVIC_SetPriorityGrouping
 .text.HAL_NVIC_SetPriority
                0x08003558       0x70 build/stm32f1xx_hal_cortex.o
                0x08003558                HAL_NVIC_SetPriority
 .text.HAL_NVIC_EnableIRQ
                0x080035c8       0x1c build/stm32f1xx_hal_cortex.o
                0x080035c8                HAL_NVIC_EnableIRQ
 .text.HAL_SYSTICK_Config
                0x080035e4       0x28 build/stm32f1xx_hal_cortex.o
                0x080035e4                HAL_SYSTICK_Config
 .text.USB_CoreInit
                0x0800360c        0xe build/stm32f1xx_ll_usb.o
                0x0800360c                USB_CoreInit
 .text.USB_EnableGlobalInt
                0x0800361a       0x12 build/stm32f1xx_ll_usb.o
                0x0800361a                USB_EnableGlobalInt
 .text.USB_DisableGlobalInt
                0x0800362c       0x14 build/stm32f1xx_ll_usb.o
                0x0800362c                USB_DisableGlobalInt
 .text.USB_SetCurrentMode
                0x08003640        0x4 build/stm32f1xx_ll_usb.o
                0x08003640                USB_SetCurrentMode
 .text.USB_DevInit
                0x08003644       0x22 build/stm32f1xx_ll_usb.o
                0x08003644                USB_DevInit
 .text.USB_ActivateEndpoint
                0x08003666      0x378 build/stm32f1xx_ll_usb.o
                0x08003666                USB_ActivateEndpoint
 .text.USB_DeactivateEndpoint
                0x080039de      0x1d6 build/stm32f1xx_ll_usb.o
                0x080039de                USB_DeactivateEndpoint
 .text.USB_EPSetStall
                0x08003bb4       0x4a build/stm32f1xx_ll_usb.o
                0x08003bb4                USB_EPSetStall
 .text.USB_EPClearStall
                0x08003bfe       0xa2 build/stm32f1xx_ll_usb.o
                0x08003bfe                USB_EPClearStall
 .text.USB_SetDevAddress
                0x08003ca0        0xc build/stm32f1xx_ll_usb.o
                0x08003ca0                USB_SetDevAddress
 .text.USB_DevConnect
                0x08003cac        0x4 build/stm32f1xx_ll_usb.o
                0x08003cac                USB_DevConnect
 .text.USB_DevDisconnect
                0x08003cb0        0x4 build/stm32f1xx_ll_usb.o
                0x08003cb0                USB_DevDisconnect
 .text.USB_ReadInterrupts
                0x08003cb4        0x8 build/stm32f1xx_ll_usb.o
                0x08003cb4                USB_ReadInterrupts
 .text.USB_EP0_OutStart
                0x08003cbc        0x4 build/stm32f1xx_ll_usb.o
                0x08003cbc                USB_EP0_OutStart
 .text.USB_WritePMA
                0x08003cc0       0x28 build/stm32f1xx_ll_usb.o
                0x08003cc0                USB_WritePMA
 .text.USB_EPStartXfer
                0x08003ce8      0x8b2 build/stm32f1xx_ll_usb.o
                0x08003ce8                USB_EPStartXfer
 .text.USB_ReadPMA
                0x0800459a       0x30 build/stm32f1xx_ll_usb.o
                0x0800459a                USB_ReadPMA
 .text.USBD_Init
                0x080045ca       0x2e build/usbd_core.o
                0x080045ca                USBD_Init
 .text.USBD_RegisterClass
                0x080045f8        0xe build/usbd_core.o
                0x080045f8                USBD_RegisterClass
 .text.USBD_Start
                0x08004606        0xa build/usbd_core.o
                0x08004606                USBD_Start
 .text.USBD_SetClassConfig
                0x08004610       0x18 build/usbd_core.o
                0x08004610                USBD_SetClassConfig
 .text.USBD_ClrClassConfig
                0x08004628        0xe build/usbd_core.o
                0x08004628                USBD_ClrClassConfig
 .text.USBD_LL_SetupStage
                0x08004636       0x5a build/usbd_core.o
                0x08004636                USBD_LL_SetupStage
 .text.USBD_LL_DataOutStage
                0x08004690       0x8c build/usbd_core.o
                0x08004690                USBD_LL_DataOutStage
 .text.USBD_LL_DataInStage
                0x0800471c       0xd0 build/usbd_core.o
                0x0800471c                USBD_LL_DataInStage
 .text.USBD_LL_Reset
                0x080047ec       0x50 build/usbd_core.o
                0x080047ec                USBD_LL_Reset
 .text.USBD_LL_SetSpeed
                0x0800483c        0x6 build/usbd_core.o
                0x0800483c                USBD_LL_SetSpeed
 .text.USBD_LL_Suspend
                0x08004842       0x12 build/usbd_core.o
                0x08004842                USBD_LL_Suspend
 .text.USBD_LL_Resume
                0x08004854       0x16 build/usbd_core.o
                0x08004854                USBD_LL_Resume
 .text.USBD_LL_SOF
                0x0800486a       0x1c build/usbd_core.o
                0x0800486a                USBD_LL_SOF
 .text.USBD_GetLen
                0x08004886       0x14 build/usbd_ctlreq.o
 .text.USBD_SetFeature
                0x0800489a       0x14 build/usbd_ctlreq.o
 .text.USBD_ParseSetupRequest
                0x080048ae       0x28 build/usbd_ctlreq.o
                0x080048ae                USBD_ParseSetupRequest
 .text.USBD_CtlError
                0x080048d6       0x14 build/usbd_ctlreq.o
                0x080048d6                USBD_CtlError
 .text.USBD_GetDescriptor
                0x080048ea      0x186 build/usbd_ctlreq.o
 .text.USBD_SetAddress
                0x08004a70       0x4e build/usbd_ctlreq.o
 *fill*         0x08004abe        0x2 
 .text.USBD_SetConfig
                0x08004ac0       0xb0 build/usbd_ctlreq.o
 .text.USBD_GetConfig
                0x08004b70       0x3e build/usbd_ctlreq.o
 .text.USBD_GetStatus
                0x08004bae       0x38 build/usbd_ctlreq.o
 .text.USBD_ClrFeature
                0x08004be6       0x26 build/usbd_ctlreq.o
 .text.USBD_StdDevReq
                0x08004c0c       0x68 build/usbd_ctlreq.o
                0x08004c0c                USBD_StdDevReq
 .text.USBD_StdItfReq
                0x08004c74       0x60 build/usbd_ctlreq.o
                0x08004c74                USBD_StdItfReq
 .text.USBD_StdEPReq
                0x08004cd4      0x1e2 build/usbd_ctlreq.o
                0x08004cd4                USBD_StdEPReq
 .text.USBD_GetString
                0x08004eb6       0x3a build/usbd_ctlreq.o
                0x08004eb6                USBD_GetString
 .text.USBD_CtlSendData
                0x08004ef0       0x1a build/usbd_ioreq.o
                0x08004ef0                USBD_CtlSendData
 .text.USBD_CtlContinueSendData
                0x08004f0a       0x10 build/usbd_ioreq.o
                0x08004f0a                USBD_CtlContinueSendData
 .text.USBD_CtlPrepareRx
                0x08004f1a       0x1e build/usbd_ioreq.o
                0x08004f1a                USBD_CtlPrepareRx
 .text.USBD_CtlContinueRx
                0x08004f38       0x10 build/usbd_ioreq.o
                0x08004f38                USBD_CtlContinueRx
 .text.USBD_CtlSendStatus
                0x08004f48       0x16 build/usbd_ioreq.o
                0x08004f48                USBD_CtlSendStatus
 .text.USBD_CtlReceiveStatus
                0x08004f5e       0x16 build/usbd_ioreq.o
                0x08004f5e                USBD_CtlReceiveStatus
 .text.USBD_CDC_EP0_RxReady
                0x08004f74       0x28 build/usbd_cdc.o
 .text.USBD_CDC_GetFSCfgDesc
                0x08004f9c        0xc build/usbd_cdc.o
 .text.USBD_CDC_GetHSCfgDesc
                0x08004fa8        0xc build/usbd_cdc.o
 .text.USBD_CDC_GetOtherSpeedCfgDesc
                0x08004fb4        0xc build/usbd_cdc.o
 .text.USBD_CDC_GetDeviceQualifierDescriptor
                0x08004fc0        0xc build/usbd_cdc.o
                0x08004fc0                USBD_CDC_GetDeviceQualifierDescriptor
 .text.USBD_CDC_DataOut
                0x08004fcc       0x2e build/usbd_cdc.o
 .text.USBD_CDC_DataIn
                0x08004ffa       0x4e build/usbd_cdc.o
 .text.USBD_CDC_Setup
                0x08005048       0xd6 build/usbd_cdc.o
 .text.USBD_CDC_DeInit
                0x0800511e       0x42 build/usbd_cdc.o
 .text.USBD_CDC_Init
                0x08005160       0xaa build/usbd_cdc.o
 .text.USBD_CDC_RegisterInterface
                0x0800520a        0xe build/usbd_cdc.o
                0x0800520a                USBD_CDC_RegisterInterface
 .text.USBD_CDC_SetTxBuffer
                0x08005218       0x10 build/usbd_cdc.o
                0x08005218                USBD_CDC_SetTxBuffer
 .text.USBD_CDC_SetRxBuffer
                0x08005228        0xc build/usbd_cdc.o
                0x08005228                USBD_CDC_SetRxBuffer
 .text.USBD_CDC_TransmitPacket
                0x08005234       0x34 build/usbd_cdc.o
                0x08005234                USBD_CDC_TransmitPacket
 .text.USBD_CDC_ReceivePacket
                0x08005268       0x30 build/usbd_cdc.o
                0x08005268                USBD_CDC_ReceivePacket
 .text.FifoNext
                0x08005298       0x10 build/fifo.o
 .text.FifoInit
                0x080052a8        0xc build/fifo.o
                0x080052a8                FifoInit
 .text.FifoPush
                0x080052b4       0x14 build/fifo.o
                0x080052b4                FifoPush
 .text.FifoPop  0x080052c8       0x14 build/fifo.o
                0x080052c8                FifoPop
 .text.IsFifoEmpty
                0x080052dc        0xe build/fifo.o
                0x080052dc                IsFifoEmpty
 .text.IsFifoFull
                0x080052ea       0x16 build/fifo.o
                0x080052ea                IsFifoFull
 .text.Modbus_Create_Crc16
                0x08005300       0x38 build/modbus_crc.o
                0x08005300                Modbus_Create_Crc16
 .text.Modbus_Check_Crc16
                0x08005338       0x30 build/modbus_crc.o
                0x08005338                Modbus_Check_Crc16
 .text.Modbus_Master_DMA_Init
                0x08005368        0xa build/modbus_data.o
                0x08005368                Modbus_Master_DMA_Init
 *fill*         0x08005372        0x2 
 .text.Modbus_Master_DMA_Process
                0x08005374       0xa4 build/modbus_data.o
                0x08005374                Modbus_Master_DMA_Process
 .text.Modbus_Master_Read_HoldRegs
                0x08005418       0x98 build/modbus_data.o
                0x08005418                Modbus_Master_Read_HoldRegs
 .text.MX_USART2_UART_Init
                0x080054b0       0xf8 build/usart.o
                0x080054b0                MX_USART2_UART_Init
 .text.Uart2_Put_Char
                0x080055a8       0x40 build/usart.o
                0x080055a8                Uart2_Put_Char
 .text.Uart2_Send_Data
                0x080055e8       0x28 build/usart.o
                0x080055e8                Uart2_Send_Data
 .text.HAL_UART_RxCpltCallback
                0x08005610      0x194 build/usart.o
                0x08005610                HAL_UART_RxCpltCallback
 .text.HAL_UART_ErrorCallback
                0x080057a4       0x3c build/usart.o
                0x080057a4                HAL_UART_ErrorCallback
 .text.HAL_UART_TxCpltCallback
                0x080057e0       0x64 build/usart.o
                0x080057e0                HAL_UART_TxCpltCallback
 .text.HAL_UART_MspInit
                0x08005844       0xd4 build/usart.o
                0x08005844                HAL_UART_MspInit
 .text.USBD_Get_USB_Status
                0x08005918       0x14 build/usbd_conf.o
 .text.HAL_PCD_MspInit
                0x0800592c       0x40 build/usbd_conf.o
                0x0800592c                HAL_PCD_MspInit
 .text.HAL_PCD_SetupStageCallback
                0x0800596c       0x10 build/usbd_conf.o
                0x0800596c                HAL_PCD_SetupStageCallback
 .text.HAL_PCD_DataOutStageCallback
                0x0800597c       0x18 build/usbd_conf.o
                0x0800597c                HAL_PCD_DataOutStageCallback
 .text.HAL_PCD_DataInStageCallback
                0x08005994       0x16 build/usbd_conf.o
                0x08005994                HAL_PCD_DataInStageCallback
 .text.HAL_PCD_SOFCallback
                0x080059aa        0xc build/usbd_conf.o
                0x080059aa                HAL_PCD_SOFCallback
 .text.HAL_PCD_ResetCallback
                0x080059b6       0x24 build/usbd_conf.o
                0x080059b6                HAL_PCD_ResetCallback
 *fill*         0x080059da        0x2 
 .text.HAL_PCD_SuspendCallback
                0x080059dc       0x20 build/usbd_conf.o
                0x080059dc                HAL_PCD_SuspendCallback
 .text.HAL_PCD_ResumeCallback
                0x080059fc        0xc build/usbd_conf.o
                0x080059fc                HAL_PCD_ResumeCallback
 .text.USBD_LL_Init
                0x08005a08       0x84 build/usbd_conf.o
                0x08005a08                USBD_LL_Init
 .text.USBD_LL_Start
                0x08005a8c       0x10 build/usbd_conf.o
                0x08005a8c                USBD_LL_Start
 .text.USBD_LL_OpenEP
                0x08005a9c       0x16 build/usbd_conf.o
                0x08005a9c                USBD_LL_OpenEP
 .text.USBD_LL_CloseEP
                0x08005ab2       0x10 build/usbd_conf.o
                0x08005ab2                USBD_LL_CloseEP
 .text.USBD_LL_StallEP
                0x08005ac2       0x10 build/usbd_conf.o
                0x08005ac2                USBD_LL_StallEP
 .text.USBD_LL_ClearStallEP
                0x08005ad2       0x10 build/usbd_conf.o
                0x08005ad2                USBD_LL_ClearStallEP
 .text.USBD_LL_IsStallEP
                0x08005ae2       0x2e build/usbd_conf.o
                0x08005ae2                USBD_LL_IsStallEP
 .text.USBD_LL_SetUSBAddress
                0x08005b10       0x10 build/usbd_conf.o
                0x08005b10                USBD_LL_SetUSBAddress
 .text.USBD_LL_Transmit
                0x08005b20       0x10 build/usbd_conf.o
                0x08005b20                USBD_LL_Transmit
 .text.USBD_LL_PrepareReceive
                0x08005b30       0x10 build/usbd_conf.o
                0x08005b30                USBD_LL_PrepareReceive
 .text.USBD_LL_GetRxDataSize
                0x08005b40        0xc build/usbd_conf.o
                0x08005b40                USBD_LL_GetRxDataSize
 .text.USBD_static_malloc
                0x08005b4c        0x8 build/usbd_conf.o
                0x08005b4c                USBD_static_malloc
 .text.USBD_static_free
                0x08005b54        0x2 build/usbd_conf.o
                0x08005b54                USBD_static_free
 .text.HAL_PCDEx_SetConnectionState
                0x08005b56        0x2 build/usbd_conf.o
                0x08005b56                HAL_PCDEx_SetConnectionState
 .text.USB_GPIO_Init
                0x08005b58       0x54 build/usb_device.o
 .text.MX_USB_DEVICE_Init
                0x08005bac       0x7c build/usb_device.o
                0x08005bac                MX_USB_DEVICE_Init
 .text.USBD_FS_DeviceDescriptor
                0x08005c28        0xc build/usbd_desc.o
                0x08005c28                USBD_FS_DeviceDescriptor
 .text.USBD_FS_LangIDStrDescriptor
                0x08005c34        0xc build/usbd_desc.o
                0x08005c34                USBD_FS_LangIDStrDescriptor
 .text.IntToUnicode
                0x08005c40       0x46 build/usbd_desc.o
 *fill*         0x08005c86        0x2 
 .text.Get_SerialNum
                0x08005c88       0x38 build/usbd_desc.o
 .text.USBD_FS_SerialStrDescriptor
                0x08005cc0       0x14 build/usbd_desc.o
                0x08005cc0                USBD_FS_SerialStrDescriptor
 .text.USBD_FS_ProductStrDescriptor
                0x08005cd4       0x24 build/usbd_desc.o
                0x08005cd4                USBD_FS_ProductStrDescriptor
 .text.USBD_FS_ManufacturerStrDescriptor
                0x08005cf8       0x1c build/usbd_desc.o
                0x08005cf8                USBD_FS_ManufacturerStrDescriptor
 .text.USBD_FS_ConfigStrDescriptor
                0x08005d14       0x24 build/usbd_desc.o
                0x08005d14                USBD_FS_ConfigStrDescriptor
 .text.USBD_FS_InterfaceStrDescriptor
                0x08005d38       0x24 build/usbd_desc.o
                0x08005d38                USBD_FS_InterfaceStrDescriptor
 .text.CDC_DeInit_FS
                0x08005d5c        0x4 build/usbd_cdc_if.o
 .text.CDC_Control_FS
                0x08005d60        0x4 build/usbd_cdc_if.o
 .text.CDC_Receive_FS
                0x08005d64       0x1c build/usbd_cdc_if.o
 .text.CDC_Init_FS
                0x08005d80       0x28 build/usbd_cdc_if.o
 .text.CDC_Transmit_FS
                0x08005da8       0x2c build/usbd_cdc_if.o
                0x08005da8                CDC_Transmit_FS
 .text.Reset_Handler
                0x08005dd4       0x48 build/startup_stm32f103xe.o
                0x08005dd4                Reset_Handler
 .text.Default_Handler
                0x08005e1c        0x2 build/startup_stm32f103xe.o
                0x08005e1c                RTC_Alarm_IRQHandler
                0x08005e1c                EXTI2_IRQHandler
                0x08005e1c                TIM8_TRG_COM_IRQHandler
                0x08005e1c                TIM8_CC_IRQHandler
                0x08005e1c                TIM1_CC_IRQHandler
                0x08005e1c                TIM6_IRQHandler
                0x08005e1c                PVD_IRQHandler
                0x08005e1c                SDIO_IRQHandler
                0x08005e1c                EXTI3_IRQHandler
                0x08005e1c                EXTI0_IRQHandler
                0x08005e1c                I2C2_EV_IRQHandler
                0x08005e1c                ADC1_2_IRQHandler
                0x08005e1c                SPI1_IRQHandler
                0x08005e1c                TAMPER_IRQHandler
                0x08005e1c                TIM8_UP_IRQHandler
                0x08005e1c                DMA2_Channel2_IRQHandler
                0x08005e1c                DMA1_Channel4_IRQHandler
                0x08005e1c                USART3_IRQHandler
                0x08005e1c                RTC_IRQHandler
                0x08005e1c                DMA1_Channel7_IRQHandler
                0x08005e1c                CAN1_RX1_IRQHandler
                0x08005e1c                UART5_IRQHandler
                0x08005e1c                ADC3_IRQHandler
                0x08005e1c                TIM4_IRQHandler
                0x08005e1c                DMA2_Channel1_IRQHandler
                0x08005e1c                I2C1_EV_IRQHandler
                0x08005e1c                UART4_IRQHandler
                0x08005e1c                TIM3_IRQHandler
                0x08005e1c                RCC_IRQHandler
                0x08005e1c                TIM1_TRG_COM_IRQHandler
                0x08005e1c                DMA1_Channel1_IRQHandler
                0x08005e1c                Default_Handler
                0x08005e1c                EXTI15_10_IRQHandler
                0x08005e1c                TIM7_IRQHandler
                0x08005e1c                TIM5_IRQHandler
                0x08005e1c                EXTI9_5_IRQHandler
                0x08005e1c                SPI2_IRQHandler
                0x08005e1c                EXTI4_IRQHandler
                0x08005e1c                USB_HP_CAN1_TX_IRQHandler
                0x08005e1c                DMA1_Channel3_IRQHandler
                0x08005e1c                FSMC_IRQHandler
                0x08005e1c                TIM1_UP_IRQHandler
                0x08005e1c                WWDG_IRQHandler
                0x08005e1c                TIM2_IRQHandler
                0x08005e1c                TIM1_BRK_IRQHandler
                0x08005e1c                EXTI1_IRQHandler
                0x08005e1c                DMA2_Channel4_5_IRQHandler
                0x08005e1c                I2C2_ER_IRQHandler
                0x08005e1c                DMA1_Channel2_IRQHandler
                0x08005e1c                TIM8_BRK_IRQHandler
                0x08005e1c                CAN1_SCE_IRQHandler
                0x08005e1c                FLASH_IRQHandler
                0x08005e1c                SPI3_IRQHandler
                0x08005e1c                I2C1_ER_IRQHandler
                0x08005e1c                USBWakeUp_IRQHandler
                0x08005e1c                DMA2_Channel3_IRQHandler
 *fill*         0x08005e1e        0x2 
 .text.__errno  0x08005e20        0xc e:/gnu arm embedded toolchain/10 2021.10/bin/../lib/gcc/arm-none-eabi/10.3.1/../../../../arm-none-eabi/lib/thumb/v7-m/nofp\libc_nano.a(lib_a-errno.o)
                0x08005e20                __errno
 .text.__libc_init_array
                0x08005e2c       0x48 e:/gnu arm embedded toolchain/10 2021.10/bin/../lib/gcc/arm-none-eabi/10.3.1/../../../../arm-none-eabi/lib/thumb/v7-m/nofp\libc_nano.a(lib_a-init.o)
                0x08005e2c                __libc_init_array
 .text.memset   0x08005e74       0x10 e:/gnu arm embedded toolchain/10 2021.10/bin/../lib/gcc/arm-none-eabi/10.3.1/../../../../arm-none-eabi/lib/thumb/v7-m/nofp\libc_nano.a(lib_a-memset.o)
                0x08005e74                memset
 .text.__cvt    0x08005e84       0xbe e:/gnu arm embedded toolchain/10 2021.10/bin/../lib/gcc/arm-none-eabi/10.3.1/../../../../arm-none-eabi/lib/thumb/v7-m/nofp\libc_nano.a(lib_a-nano-vfprintf_float.o)
                0x08005e84                __cvt
 .text.__exponent
                0x08005f42       0x7c e:/gnu arm embedded toolchain/10 2021.10/bin/../lib/gcc/arm-none-eabi/10.3.1/../../../../arm-none-eabi/lib/thumb/v7-m/nofp\libc_nano.a(lib_a-nano-vfprintf_float.o)
                0x08005f42                __exponent
 *fill*         0x08005fbe        0x2 
 .text._printf_float
                0x08005fc0      0x458 e:/gnu arm embedded toolchain/10 2021.10/bin/../lib/gcc/arm-none-eabi/10.3.1/../../../../arm-none-eabi/lib/thumb/v7-m/nofp\libc_nano.a(lib_a-nano-vfprintf_float.o)
                0x08005fc0                _printf_float
 .text._printf_common
                0x08006418       0xde e:/gnu arm embedded toolchain/10 2021.10/bin/../lib/gcc/arm-none-eabi/10.3.1/../../../../arm-none-eabi/lib/thumb/v7-m/nofp\libc_nano.a(lib_a-nano-vfprintf_i.o)
                0x08006418                _printf_common
 *fill*         0x080064f6        0x2 
 .text._printf_i
                0x080064f8      0x24c e:/gnu arm embedded toolchain/10 2021.10/bin/../lib/gcc/arm-none-eabi/10.3.1/../../../../arm-none-eabi/lib/thumb/v7-m/nofp\libc_nano.a(lib_a-nano-vfprintf_i.o)
                0x080064f8                _printf_i
 .text.printf   0x08006744       0x30 e:/gnu arm embedded toolchain/10 2021.10/bin/../lib/gcc/arm-none-eabi/10.3.1/../../../../arm-none-eabi/lib/thumb/v7-m/nofp\libc_nano.a(lib_a-printf.o)
                0x08006744                iprintf
                0x08006744                printf
 .text._puts_r  0x08006774       0xdc e:/gnu arm embedded toolchain/10 2021.10/bin/../lib/gcc/arm-none-eabi/10.3.1/../../../../arm-none-eabi/lib/thumb/v7-m/nofp\libc_nano.a(lib_a-puts.o)
                0x08006774                _puts_r
 .text.puts     0x08006850       0x10 e:/gnu arm embedded toolchain/10 2021.10/bin/../lib/gcc/arm-none-eabi/10.3.1/../../../../arm-none-eabi/lib/thumb/v7-m/nofp\libc_nano.a(lib_a-puts.o)
                0x08006850                puts
 .text.__swbuf_r
                0x08006860       0xa4 e:/gnu arm embedded toolchain/10 2021.10/bin/../lib/gcc/arm-none-eabi/10.3.1/../../../../arm-none-eabi/lib/thumb/v7-m/nofp\libc_nano.a(lib_a-wbuf.o)
                0x08006860                __swbuf_r
 .text.__swsetup_r
                0x08006904       0xdc e:/gnu arm embedded toolchain/10 2021.10/bin/../lib/gcc/arm-none-eabi/10.3.1/../../../../arm-none-eabi/lib/thumb/v7-m/nofp\libc_nano.a(lib_a-wsetup.o)
                0x08006904                __swsetup_r
 .text.quorem   0x080069e0      0x118 e:/gnu arm embedded toolchain/10 2021.10/bin/../lib/gcc/arm-none-eabi/10.3.1/../../../../arm-none-eabi/lib/thumb/v7-m/nofp\libc_nano.a(lib_a-dtoa.o)
 .text._dtoa_r  0x08006af8      0xbdc e:/gnu arm embedded toolchain/10 2021.10/bin/../lib/gcc/arm-none-eabi/10.3.1/../../../../arm-none-eabi/lib/thumb/v7-m/nofp\libc_nano.a(lib_a-dtoa.o)
                0x08006af8                _dtoa_r
 .text.__sflush_r
                0x080076d4      0x104 e:/gnu arm embedded toolchain/10 2021.10/bin/../lib/gcc/arm-none-eabi/10.3.1/../../../../arm-none-eabi/lib/thumb/v7-m/nofp\libc_nano.a(lib_a-fflush.o)
                0x080076d4                __sflush_r
 .text._fflush_r
                0x080077d8       0x78 e:/gnu arm embedded toolchain/10 2021.10/bin/../lib/gcc/arm-none-eabi/10.3.1/../../../../arm-none-eabi/lib/thumb/v7-m/nofp\libc_nano.a(lib_a-fflush.o)
                0x080077d8                _fflush_r
 .text.std      0x08007850       0x48 e:/gnu arm embedded toolchain/10 2021.10/bin/../lib/gcc/arm-none-eabi/10.3.1/../../../../arm-none-eabi/lib/thumb/v7-m/nofp\libc_nano.a(lib_a-findfp.o)
 .text._cleanup_r
                0x08007898        0xc e:/gnu arm embedded toolchain/10 2021.10/bin/../lib/gcc/arm-none-eabi/10.3.1/../../../../arm-none-eabi/lib/thumb/v7-m/nofp\libc_nano.a(lib_a-findfp.o)
                0x08007898                _cleanup_r
 .text.__sfmoreglue
                0x080078a4       0x2c e:/gnu arm embedded toolchain/10 2021.10/bin/../lib/gcc/arm-none-eabi/10.3.1/../../../../arm-none-eabi/lib/thumb/v7-m/nofp\libc_nano.a(lib_a-findfp.o)
                0x080078a4                __sfmoreglue
 .text.__sfp_lock_acquire
                0x080078d0        0xc e:/gnu arm embedded toolchain/10 2021.10/bin/../lib/gcc/arm-none-eabi/10.3.1/../../../../arm-none-eabi/lib/thumb/v7-m/nofp\libc_nano.a(lib_a-findfp.o)
                0x080078d0                __sfp_lock_acquire
 .text.__sfp_lock_release
                0x080078dc        0xc e:/gnu arm embedded toolchain/10 2021.10/bin/../lib/gcc/arm-none-eabi/10.3.1/../../../../arm-none-eabi/lib/thumb/v7-m/nofp\libc_nano.a(lib_a-findfp.o)
                0x080078dc                __sfp_lock_release
 .text.__sinit_lock_acquire
                0x080078e8        0xc e:/gnu arm embedded toolchain/10 2021.10/bin/../lib/gcc/arm-none-eabi/10.3.1/../../../../arm-none-eabi/lib/thumb/v7-m/nofp\libc_nano.a(lib_a-findfp.o)
                0x080078e8                __sinit_lock_acquire
 .text.__sinit_lock_release
                0x080078f4        0xc e:/gnu arm embedded toolchain/10 2021.10/bin/../lib/gcc/arm-none-eabi/10.3.1/../../../../arm-none-eabi/lib/thumb/v7-m/nofp\libc_nano.a(lib_a-findfp.o)
                0x080078f4                __sinit_lock_release
 .text.__sinit  0x08007900       0x70 e:/gnu arm embedded toolchain/10 2021.10/bin/../lib/gcc/arm-none-eabi/10.3.1/../../../../arm-none-eabi/lib/thumb/v7-m/nofp\libc_nano.a(lib_a-findfp.o)
                0x08007900                __sinit
 .text.__sfp    0x08007970       0x8c e:/gnu arm embedded toolchain/10 2021.10/bin/../lib/gcc/arm-none-eabi/10.3.1/../../../../arm-none-eabi/lib/thumb/v7-m/nofp\libc_nano.a(lib_a-findfp.o)
                0x08007970                __sfp
 .text._fwalk_reent
                0x080079fc       0x3e e:/gnu arm embedded toolchain/10 2021.10/bin/../lib/gcc/arm-none-eabi/10.3.1/../../../../arm-none-eabi/lib/thumb/v7-m/nofp\libc_nano.a(lib_a-fwalk.o)
                0x080079fc                _fwalk_reent
 *fill*         0x08007a3a        0x2 
 .text._localeconv_r
                0x08007a3c        0x8 e:/gnu arm embedded toolchain/10 2021.10/bin/../lib/gcc/arm-none-eabi/10.3.1/../../../../arm-none-eabi/lib/thumb/v7-m/nofp\libc_nano.a(lib_a-localeconv.o)
                0x08007a3c                _localeconv_r
 .text.__retarget_lock_init_recursive
                0x08007a44        0x2 e:/gnu arm embedded toolchain/10 2021.10/bin/../lib/gcc/arm-none-eabi/10.3.1/../../../../arm-none-eabi/lib/thumb/v7-m/nofp\libc_nano.a(lib_a-lock.o)
                0x08007a44                __retarget_lock_init_recursive
 .text.__retarget_lock_acquire_recursive
                0x08007a46        0x2 e:/gnu arm embedded toolchain/10 2021.10/bin/../lib/gcc/arm-none-eabi/10.3.1/../../../../arm-none-eabi/lib/thumb/v7-m/nofp\libc_nano.a(lib_a-lock.o)
                0x08007a46                __retarget_lock_acquire_recursive
 .text.__retarget_lock_release_recursive
                0x08007a48        0x2 e:/gnu arm embedded toolchain/10 2021.10/bin/../lib/gcc/arm-none-eabi/10.3.1/../../../../arm-none-eabi/lib/thumb/v7-m/nofp\libc_nano.a(lib_a-lock.o)
                0x08007a48                __retarget_lock_release_recursive
 .text.__swhatbuf_r
                0x08007a4a       0x4a e:/gnu arm embedded toolchain/10 2021.10/bin/../lib/gcc/arm-none-eabi/10.3.1/../../../../arm-none-eabi/lib/thumb/v7-m/nofp\libc_nano.a(lib_a-makebuf.o)
                0x08007a4a                __swhatbuf_r
 .text.__smakebuf_r
                0x08007a94       0x80 e:/gnu arm embedded toolchain/10 2021.10/bin/../lib/gcc/arm-none-eabi/10.3.1/../../../../arm-none-eabi/lib/thumb/v7-m/nofp\libc_nano.a(lib_a-makebuf.o)
                0x08007a94                __smakebuf_r
 .text.malloc   0x08007b14       0x10 e:/gnu arm embedded toolchain/10 2021.10/bin/../lib/gcc/arm-none-eabi/10.3.1/../../../../arm-none-eabi/lib/thumb/v7-m/nofp\libc_nano.a(lib_a-malloc.o)
                0x08007b14                malloc
 .text.memchr   0x08007b24       0x1c e:/gnu arm embedded toolchain/10 2021.10/bin/../lib/gcc/arm-none-eabi/10.3.1/../../../../arm-none-eabi/lib/thumb/v7-m/nofp\libc_nano.a(lib_a-memchr-stub.o)
                0x08007b24                memchr
 .text.memcpy   0x08007b40       0x1c e:/gnu arm embedded toolchain/10 2021.10/bin/../lib/gcc/arm-none-eabi/10.3.1/../../../../arm-none-eabi/lib/thumb/v7-m/nofp\libc_nano.a(lib_a-memcpy-stub.o)
                0x08007b40                memcpy
 .text._Balloc  0x08007b5c       0x80 e:/gnu arm embedded toolchain/10 2021.10/bin/../lib/gcc/arm-none-eabi/10.3.1/../../../../arm-none-eabi/lib/thumb/v7-m/nofp\libc_nano.a(lib_a-mprec.o)
                0x08007b5c                _Balloc
 .text._Bfree   0x08007bdc       0x44 e:/gnu arm embedded toolchain/10 2021.10/bin/../lib/gcc/arm-none-eabi/10.3.1/../../../../arm-none-eabi/lib/thumb/v7-m/nofp\libc_nano.a(lib_a-mprec.o)
                0x08007bdc                _Bfree
 .text.__multadd
                0x08007c20       0x8c e:/gnu arm embedded toolchain/10 2021.10/bin/../lib/gcc/arm-none-eabi/10.3.1/../../../../arm-none-eabi/lib/thumb/v7-m/nofp\libc_nano.a(lib_a-mprec.o)
                0x08007c20                __multadd
 .text.__hi0bits
                0x08007cac       0x40 e:/gnu arm embedded toolchain/10 2021.10/bin/../lib/gcc/arm-none-eabi/10.3.1/../../../../arm-none-eabi/lib/thumb/v7-m/nofp\libc_nano.a(lib_a-mprec.o)
                0x08007cac                __hi0bits
 .text.__lo0bits
                0x08007cec       0x5a e:/gnu arm embedded toolchain/10 2021.10/bin/../lib/gcc/arm-none-eabi/10.3.1/../../../../arm-none-eabi/lib/thumb/v7-m/nofp\libc_nano.a(lib_a-mprec.o)
                0x08007cec                __lo0bits
 *fill*         0x08007d46        0x2 
 .text.__i2b    0x08007d48       0x2c e:/gnu arm embedded toolchain/10 2021.10/bin/../lib/gcc/arm-none-eabi/10.3.1/../../../../arm-none-eabi/lib/thumb/v7-m/nofp\libc_nano.a(lib_a-mprec.o)
                0x08007d48                __i2b
 .text.__multiply
                0x08007d74      0x150 e:/gnu arm embedded toolchain/10 2021.10/bin/../lib/gcc/arm-none-eabi/10.3.1/../../../../arm-none-eabi/lib/thumb/v7-m/nofp\libc_nano.a(lib_a-mprec.o)
                0x08007d74                __multiply
 .text.__pow5mult
                0x08007ec4       0xb4 e:/gnu arm embedded toolchain/10 2021.10/bin/../lib/gcc/arm-none-eabi/10.3.1/../../../../arm-none-eabi/lib/thumb/v7-m/nofp\libc_nano.a(lib_a-mprec.o)
                0x08007ec4                __pow5mult
 .text.__lshift
                0x08007f78       0xe0 e:/gnu arm embedded toolchain/10 2021.10/bin/../lib/gcc/arm-none-eabi/10.3.1/../../../../arm-none-eabi/lib/thumb/v7-m/nofp\libc_nano.a(lib_a-mprec.o)
                0x08007f78                __lshift
 .text.__mcmp   0x08008058       0x36 e:/gnu arm embedded toolchain/10 2021.10/bin/../lib/gcc/arm-none-eabi/10.3.1/../../../../arm-none-eabi/lib/thumb/v7-m/nofp\libc_nano.a(lib_a-mprec.o)
                0x08008058                __mcmp
 *fill*         0x0800808e        0x2 
 .text.__mdiff  0x08008090      0x118 e:/gnu arm embedded toolchain/10 2021.10/bin/../lib/gcc/arm-none-eabi/10.3.1/../../../../arm-none-eabi/lib/thumb/v7-m/nofp\libc_nano.a(lib_a-mprec.o)
                0x08008090                __mdiff
 .text.__d2b    0x080081a8       0xb8 e:/gnu arm embedded toolchain/10 2021.10/bin/../lib/gcc/arm-none-eabi/10.3.1/../../../../arm-none-eabi/lib/thumb/v7-m/nofp\libc_nano.a(lib_a-mprec.o)
                0x080081a8                __d2b
 .text._calloc_r
                0x08008260       0x28 e:/gnu arm embedded toolchain/10 2021.10/bin/../lib/gcc/arm-none-eabi/10.3.1/../../../../arm-none-eabi/lib/thumb/v7-m/nofp\libc_nano.a(lib_a-nano-callocr.o)
                0x08008260                _calloc_r
 .text._free_r  0x08008288       0x90 e:/gnu arm embedded toolchain/10 2021.10/bin/../lib/gcc/arm-none-eabi/10.3.1/../../../../arm-none-eabi/lib/thumb/v7-m/nofp\libc_nano.a(lib_a-nano-freer.o)
                0x08008288                _free_r
 .text.sbrk_aligned
                0x08008318       0x40 e:/gnu arm embedded toolchain/10 2021.10/bin/../lib/gcc/arm-none-eabi/10.3.1/../../../../arm-none-eabi/lib/thumb/v7-m/nofp\libc_nano.a(lib_a-nano-mallocr.o)
 .text._malloc_r
                0x08008358       0xe8 e:/gnu arm embedded toolchain/10 2021.10/bin/../lib/gcc/arm-none-eabi/10.3.1/../../../../arm-none-eabi/lib/thumb/v7-m/nofp\libc_nano.a(lib_a-nano-mallocr.o)
                0x08008358                _malloc_r
 .text.__sfputc_r
                0x08008440       0x2a e:/gnu arm embedded toolchain/10 2021.10/bin/../lib/gcc/arm-none-eabi/10.3.1/../../../../arm-none-eabi/lib/thumb/v7-m/nofp\libc_nano.a(lib_a-nano-vfprintf.o)
 .text.__sfputs_r
                0x0800846a       0x24 e:/gnu arm embedded toolchain/10 2021.10/bin/../lib/gcc/arm-none-eabi/10.3.1/../../../../arm-none-eabi/lib/thumb/v7-m/nofp\libc_nano.a(lib_a-nano-vfprintf.o)
                0x0800846a                __sfputs_r
 *fill*         0x0800848e        0x2 
 .text._vfprintf_r
                0x08008490      0x260 e:/gnu arm embedded toolchain/10 2021.10/bin/../lib/gcc/arm-none-eabi/10.3.1/../../../../arm-none-eabi/lib/thumb/v7-m/nofp\libc_nano.a(lib_a-nano-vfprintf.o)
                0x08008490                _vfprintf_r
                0x08008490                _vfiprintf_r
 .text._sbrk_r  0x080086f0       0x20 e:/gnu arm embedded toolchain/10 2021.10/bin/../lib/gcc/arm-none-eabi/10.3.1/../../../../arm-none-eabi/lib/thumb/v7-m/nofp\libc_nano.a(lib_a-sbrkr.o)
                0x080086f0                _sbrk_r
 .text.__sread  0x08008710       0x22 e:/gnu arm embedded toolchain/10 2021.10/bin/../lib/gcc/arm-none-eabi/10.3.1/../../../../arm-none-eabi/lib/thumb/v7-m/nofp\libc_nano.a(lib_a-stdio.o)
                0x08008710                __sread
 .text.__swrite
                0x08008732       0x38 e:/gnu arm embedded toolchain/10 2021.10/bin/../lib/gcc/arm-none-eabi/10.3.1/../../../../arm-none-eabi/lib/thumb/v7-m/nofp\libc_nano.a(lib_a-stdio.o)
                0x08008732                __swrite
 .text.__sseek  0x0800876a       0x24 e:/gnu arm embedded toolchain/10 2021.10/bin/../lib/gcc/arm-none-eabi/10.3.1/../../../../arm-none-eabi/lib/thumb/v7-m/nofp\libc_nano.a(lib_a-stdio.o)
                0x0800876a                __sseek
 .text.__sclose
                0x0800878e        0x8 e:/gnu arm embedded toolchain/10 2021.10/bin/../lib/gcc/arm-none-eabi/10.3.1/../../../../arm-none-eabi/lib/thumb/v7-m/nofp\libc_nano.a(lib_a-stdio.o)
                0x0800878e                __sclose
 *fill*         0x08008796        0x2 
 .text._write_r
                0x08008798       0x24 e:/gnu arm embedded toolchain/10 2021.10/bin/../lib/gcc/arm-none-eabi/10.3.1/../../../../arm-none-eabi/lib/thumb/v7-m/nofp\libc_nano.a(lib_a-writer.o)
                0x08008798                _write_r
 .text.__assert_func
                0x080087bc       0x3c e:/gnu arm embedded toolchain/10 2021.10/bin/../lib/gcc/arm-none-eabi/10.3.1/../../../../arm-none-eabi/lib/thumb/v7-m/nofp\libc_nano.a(lib_a-assert.o)
                0x080087bc                __assert_func
 .text._close_r
                0x080087f8       0x20 e:/gnu arm embedded toolchain/10 2021.10/bin/../lib/gcc/arm-none-eabi/10.3.1/../../../../arm-none-eabi/lib/thumb/v7-m/nofp\libc_nano.a(lib_a-closer.o)
                0x080087f8                _close_r
 .text.fprintf  0x08008818       0x24 e:/gnu arm embedded toolchain/10 2021.10/bin/../lib/gcc/arm-none-eabi/10.3.1/../../../../arm-none-eabi/lib/thumb/v7-m/nofp\libc_nano.a(lib_a-fprintf.o)
                0x08008818                fiprintf
                0x08008818                fprintf
 .text._fstat_r
                0x0800883c       0x24 e:/gnu arm embedded toolchain/10 2021.10/bin/../lib/gcc/arm-none-eabi/10.3.1/../../../../arm-none-eabi/lib/thumb/v7-m/nofp\libc_nano.a(lib_a-fstatr.o)
                0x0800883c                _fstat_r
 .text._isatty_r
                0x08008860       0x20 e:/gnu arm embedded toolchain/10 2021.10/bin/../lib/gcc/arm-none-eabi/10.3.1/../../../../arm-none-eabi/lib/thumb/v7-m/nofp\libc_nano.a(lib_a-isattyr.o)
                0x08008860                _isatty_r
 .text._lseek_r
                0x08008880       0x24 e:/gnu arm embedded toolchain/10 2021.10/bin/../lib/gcc/arm-none-eabi/10.3.1/../../../../arm-none-eabi/lib/thumb/v7-m/nofp\libc_nano.a(lib_a-lseekr.o)
                0x08008880                _lseek_r
 .text.__ascii_mbtowc
                0x080088a4       0x24 e:/gnu arm embedded toolchain/10 2021.10/bin/../lib/gcc/arm-none-eabi/10.3.1/../../../../arm-none-eabi/lib/thumb/v7-m/nofp\libc_nano.a(lib_a-mbtowc_r.o)
                0x080088a4                __ascii_mbtowc
 .text.__malloc_lock
                0x080088c8        0xc e:/gnu arm embedded toolchain/10 2021.10/bin/../lib/gcc/arm-none-eabi/10.3.1/../../../../arm-none-eabi/lib/thumb/v7-m/nofp\libc_nano.a(lib_a-mlock.o)
                0x080088c8                __malloc_lock
 .text.__malloc_unlock
                0x080088d4        0xc e:/gnu arm embedded toolchain/10 2021.10/bin/../lib/gcc/arm-none-eabi/10.3.1/../../../../arm-none-eabi/lib/thumb/v7-m/nofp\libc_nano.a(lib_a-mlock.o)
                0x080088d4                __malloc_unlock
 .text._read_r  0x080088e0       0x24 e:/gnu arm embedded toolchain/10 2021.10/bin/../lib/gcc/arm-none-eabi/10.3.1/../../../../arm-none-eabi/lib/thumb/v7-m/nofp\libc_nano.a(lib_a-readr.o)
                0x080088e0                _read_r
 .text.__ascii_wctomb
                0x08008904       0x1a e:/gnu arm embedded toolchain/10 2021.10/bin/../lib/gcc/arm-none-eabi/10.3.1/../../../../arm-none-eabi/lib/thumb/v7-m/nofp\libc_nano.a(lib_a-wctomb_r.o)
                0x08008904                __ascii_wctomb
 .text.abort    0x0800891e        0xe e:/gnu arm embedded toolchain/10 2021.10/bin/../lib/gcc/arm-none-eabi/10.3.1/../../../../arm-none-eabi/lib/thumb/v7-m/nofp\libc_nano.a(lib_a-abort.o)
                0x0800891e                abort
 .text._raise_r
                0x0800892c       0x50 e:/gnu arm embedded toolchain/10 2021.10/bin/../lib/gcc/arm-none-eabi/10.3.1/../../../../arm-none-eabi/lib/thumb/v7-m/nofp\libc_nano.a(lib_a-signal.o)
                0x0800892c                _raise_r
 .text.raise    0x0800897c       0x10 e:/gnu arm embedded toolchain/10 2021.10/bin/../lib/gcc/arm-none-eabi/10.3.1/../../../../arm-none-eabi/lib/thumb/v7-m/nofp\libc_nano.a(lib_a-signal.o)
                0x0800897c                raise
 .text._kill_r  0x0800898c       0x24 e:/gnu arm embedded toolchain/10 2021.10/bin/../lib/gcc/arm-none-eabi/10.3.1/../../../../arm-none-eabi/lib/thumb/v7-m/nofp\libc_nano.a(lib_a-signalr.o)
                0x0800898c                _kill_r
 .text._getpid_r
                0x080089b0        0x4 e:/gnu arm embedded toolchain/10 2021.10/bin/../lib/gcc/arm-none-eabi/10.3.1/../../../../arm-none-eabi/lib/thumb/v7-m/nofp\libc_nano.a(lib_a-signalr.o)
                0x080089b0                _getpid_r
 .text._close   0x080089b4       0x10 e:/gnu arm embedded toolchain/10 2021.10/bin/../lib/gcc/arm-none-eabi/10.3.1/../../../../arm-none-eabi/lib/thumb/v7-m/nofp\libnosys.a(close.o)
                0x080089b4                _close
 .text._fstat   0x080089c4       0x10 e:/gnu arm embedded toolchain/10 2021.10/bin/../lib/gcc/arm-none-eabi/10.3.1/../../../../arm-none-eabi/lib/thumb/v7-m/nofp\libnosys.a(fstat.o)
                0x080089c4                _fstat
 .text._getpid  0x080089d4       0x10 e:/gnu arm embedded toolchain/10 2021.10/bin/../lib/gcc/arm-none-eabi/10.3.1/../../../../arm-none-eabi/lib/thumb/v7-m/nofp\libnosys.a(getpid.o)
                0x080089d4                _getpid
 .text._isatty  0x080089e4       0x10 e:/gnu arm embedded toolchain/10 2021.10/bin/../lib/gcc/arm-none-eabi/10.3.1/../../../../arm-none-eabi/lib/thumb/v7-m/nofp\libnosys.a(isatty.o)
                0x080089e4                _isatty
 .text._kill    0x080089f4       0x10 e:/gnu arm embedded toolchain/10 2021.10/bin/../lib/gcc/arm-none-eabi/10.3.1/../../../../arm-none-eabi/lib/thumb/v7-m/nofp\libnosys.a(kill.o)
                0x080089f4                _kill
 .text._lseek   0x08008a04       0x10 e:/gnu arm embedded toolchain/10 2021.10/bin/../lib/gcc/arm-none-eabi/10.3.1/../../../../arm-none-eabi/lib/thumb/v7-m/nofp\libnosys.a(lseek.o)
                0x08008a04                _lseek
 .text._read    0x08008a14       0x10 e:/gnu arm embedded toolchain/10 2021.10/bin/../lib/gcc/arm-none-eabi/10.3.1/../../../../arm-none-eabi/lib/thumb/v7-m/nofp\libnosys.a(read.o)
                0x08008a14                _read
 .text._sbrk    0x08008a24       0x1c e:/gnu arm embedded toolchain/10 2021.10/bin/../lib/gcc/arm-none-eabi/10.3.1/../../../../arm-none-eabi/lib/thumb/v7-m/nofp\libnosys.a(sbrk.o)
                0x08008a24                _sbrk
 .text._exit    0x08008a40        0x4 e:/gnu arm embedded toolchain/10 2021.10/bin/../lib/gcc/arm-none-eabi/10.3.1/../../../../arm-none-eabi/lib/thumb/v7-m/nofp\libnosys.a(_exit.o)
                0x08008a40                _exit
 *(.glue_7)
 .glue_7        0x08008a44        0x0 linker stubs
 *(.glue_7t)
 .glue_7t       0x08008a44        0x0 linker stubs
 *(.eh_frame)
 .eh_frame      0x08008a44        0x0 e:/gnu arm embedded toolchain/10 2021.10/bin/../lib/gcc/arm-none-eabi/10.3.1/thumb/v7-m/nofp/crtbegin.o
 *(.init)
 .init          0x08008a44        0x4 e:/gnu arm embedded toolchain/10 2021.10/bin/../lib/gcc/arm-none-eabi/10.3.1/thumb/v7-m/nofp/crti.o
                0x08008a44                _init
 .init          0x08008a48        0x8 e:/gnu arm embedded toolchain/10 2021.10/bin/../lib/gcc/arm-none-eabi/10.3.1/thumb/v7-m/nofp/crtn.o
 *(.fini)
 .fini          0x08008a50        0x4 e:/gnu arm embedded toolchain/10 2021.10/bin/../lib/gcc/arm-none-eabi/10.3.1/thumb/v7-m/nofp/crti.o
                0x08008a50                _fini
 .fini          0x08008a54        0x8 e:/gnu arm embedded toolchain/10 2021.10/bin/../lib/gcc/arm-none-eabi/10.3.1/thumb/v7-m/nofp/crtn.o
                0x08008a5c                . = ALIGN (0x4)
                0x08008a5c                _etext = .

.vfp11_veneer   0x08008a5c        0x0
 .vfp11_veneer  0x08008a5c        0x0 linker stubs

.v4_bx          0x08008a5c        0x0
 .v4_bx         0x08008a5c        0x0 linker stubs

.iplt           0x08008a5c        0x0
 .iplt          0x08008a5c        0x0 e:/gnu arm embedded toolchain/10 2021.10/bin/../lib/gcc/arm-none-eabi/10.3.1/thumb/v7-m/nofp/crtbegin.o

.rodata         0x08008a60      0x6d4
                0x08008a60                . = ALIGN (0x4)
 *(.rodata)
 *(.rodata*)
 .rodata.main.str1.4
                0x08008a60       0x2a build/main.o
 *fill*         0x08008a8a        0x2 
 .rodata.AHBPrescTable
                0x08008a8c       0x10 build/system_stm32f1xx.o
                0x08008a8c                AHBPrescTable
 .rodata.APBPrescTable
                0x08008a9c        0x8 build/system_stm32f1xx.o
                0x08008a9c                APBPrescTable
 .rodata.HAL_RCC_GetSysClockFreq.str1.4
                0x08008aa4       0x11 build/stm32f1xx_hal_rcc.o
 *fill*         0x08008ab5        0x3 
 .rodata.table_crc_hi
                0x08008ab8      0x100 build/modbus_crc.o
 .rodata.table_crc_lo
                0x08008bb8      0x100 build/modbus_crc.o
 .rodata.Modbus_Master_DMA_Process.str1.4
                0x08008cb8       0x13 build/modbus_data.o
 *fill*         0x08008ccb        0x1 
 .rodata.USBD_FS_ProductStrDescriptor.str1.4
                0x08008ccc       0x16 build/usbd_desc.o
 *fill*         0x08008ce2        0x2 
 .rodata.USBD_FS_ManufacturerStrDescriptor.str1.4
                0x08008ce4       0x13 build/usbd_desc.o
 *fill*         0x08008cf7        0x1 
 .rodata.USBD_FS_ConfigStrDescriptor.str1.4
                0x08008cf8        0xb build/usbd_desc.o
 *fill*         0x08008d03        0x1 
 .rodata.USBD_FS_InterfaceStrDescriptor.str1.4
                0x08008d04        0xe build/usbd_desc.o
 *fill*         0x08008d12        0x2 
 .rodata._global_impure_ptr
                0x08008d14        0x4 e:/gnu arm embedded toolchain/10 2021.10/bin/../lib/gcc/arm-none-eabi/10.3.1/../../../../arm-none-eabi/lib/thumb/v7-m/nofp\libc_nano.a(lib_a-impure.o)
                0x08008d14                _global_impure_ptr
 .rodata._printf_float.str1.1
                0x08008d18       0x12 e:/gnu arm embedded toolchain/10 2021.10/bin/../lib/gcc/arm-none-eabi/10.3.1/../../../../arm-none-eabi/lib/thumb/v7-m/nofp\libc_nano.a(lib_a-nano-vfprintf_float.o)
 .rodata._printf_i.str1.1
                0x08008d2a       0x22 e:/gnu arm embedded toolchain/10 2021.10/bin/../lib/gcc/arm-none-eabi/10.3.1/../../../../arm-none-eabi/lib/thumb/v7-m/nofp\libc_nano.a(lib_a-nano-vfprintf_i.o)
 .rodata._dtoa_r.str1.1
                0x08008d4c       0xb3 e:/gnu arm embedded toolchain/10 2021.10/bin/../lib/gcc/arm-none-eabi/10.3.1/../../../../arm-none-eabi/lib/thumb/v7-m/nofp\libc_nano.a(lib_a-dtoa.o)
                                 0xb5 (size before relaxing)
 *fill*         0x08008dff        0x1 
 .rodata.__sf_fake_stderr
                0x08008e00       0x20 e:/gnu arm embedded toolchain/10 2021.10/bin/../lib/gcc/arm-none-eabi/10.3.1/../../../../arm-none-eabi/lib/thumb/v7-m/nofp\libc_nano.a(lib_a-findfp.o)
                0x08008e00                __sf_fake_stderr
 .rodata.__sf_fake_stdin
                0x08008e20       0x20 e:/gnu arm embedded toolchain/10 2021.10/bin/../lib/gcc/arm-none-eabi/10.3.1/../../../../arm-none-eabi/lib/thumb/v7-m/nofp\libc_nano.a(lib_a-findfp.o)
                0x08008e20                __sf_fake_stdin
 .rodata.__sf_fake_stdout
                0x08008e40       0x20 e:/gnu arm embedded toolchain/10 2021.10/bin/../lib/gcc/arm-none-eabi/10.3.1/../../../../arm-none-eabi/lib/thumb/v7-m/nofp\libc_nano.a(lib_a-findfp.o)
                0x08008e40                __sf_fake_stdout
 .rodata._Balloc.str1.1
                0x08008e60       0x7f e:/gnu arm embedded toolchain/10 2021.10/bin/../lib/gcc/arm-none-eabi/10.3.1/../../../../arm-none-eabi/lib/thumb/v7-m/nofp\libc_nano.a(lib_a-mprec.o)
                                 0x96 (size before relaxing)
 .rodata.__multadd.str1.1
                0x08008edf       0x11 e:/gnu arm embedded toolchain/10 2021.10/bin/../lib/gcc/arm-none-eabi/10.3.1/../../../../arm-none-eabi/lib/thumb/v7-m/nofp\libc_nano.a(lib_a-mprec.o)
 *fill*         0x08008edf        0x1 
 .rodata.__mprec_bigtens
                0x08008ee0       0x28 e:/gnu arm embedded toolchain/10 2021.10/bin/../lib/gcc/arm-none-eabi/10.3.1/../../../../arm-none-eabi/lib/thumb/v7-m/nofp\libc_nano.a(lib_a-mprec.o)
                0x08008ee0                __mprec_bigtens
 .rodata.__mprec_tens
                0x08008f08       0xc8 e:/gnu arm embedded toolchain/10 2021.10/bin/../lib/gcc/arm-none-eabi/10.3.1/../../../../arm-none-eabi/lib/thumb/v7-m/nofp\libc_nano.a(lib_a-mprec.o)
                0x08008f08                __mprec_tens
 .rodata.p05.0  0x08008fd0        0xc e:/gnu arm embedded toolchain/10 2021.10/bin/../lib/gcc/arm-none-eabi/10.3.1/../../../../arm-none-eabi/lib/thumb/v7-m/nofp\libc_nano.a(lib_a-mprec.o)
 .rodata._vfprintf_r.str1.1
                0x08008fdc       0x11 e:/gnu arm embedded toolchain/10 2021.10/bin/../lib/gcc/arm-none-eabi/10.3.1/../../../../arm-none-eabi/lib/thumb/v7-m/nofp\libc_nano.a(lib_a-nano-vfprintf.o)
 .rodata.__assert_func.str1.1
                0x08008fed       0x3c e:/gnu arm embedded toolchain/10 2021.10/bin/../lib/gcc/arm-none-eabi/10.3.1/../../../../arm-none-eabi/lib/thumb/v7-m/nofp\libc_nano.a(lib_a-assert.o)
                                 0x3d (size before relaxing)
 .rodata._setlocale_r.str1.1
                0x08009029        0x8 e:/gnu arm embedded toolchain/10 2021.10/bin/../lib/gcc/arm-none-eabi/10.3.1/../../../../arm-none-eabi/lib/thumb/v7-m/nofp\libc_nano.a(lib_a-locale.o)
                                  0x9 (size before relaxing)
 .rodata.str1.1
                0x08009031        0x2 e:/gnu arm embedded toolchain/10 2021.10/bin/../lib/gcc/arm-none-eabi/10.3.1/../../../../arm-none-eabi/lib/thumb/v7-m/nofp\libc_nano.a(lib_a-locale.o)
 .rodata._ctype_
                0x08009033      0x101 e:/gnu arm embedded toolchain/10 2021.10/bin/../lib/gcc/arm-none-eabi/10.3.1/../../../../arm-none-eabi/lib/thumb/v7-m/nofp\libc_nano.a(lib_a-ctype_.o)
                0x08009033                _ctype_
                0x08009134                . = ALIGN (0x4)

.rel.dyn        0x08009134        0x0
 .rel.iplt      0x08009134        0x0 e:/gnu arm embedded toolchain/10 2021.10/bin/../lib/gcc/arm-none-eabi/10.3.1/thumb/v7-m/nofp/crtbegin.o

.ARM.extab
 *(.ARM.extab* .gnu.linkonce.armextab.*)

.ARM            0x08009134        0x0
                0x08009134                __exidx_start = .
 *(.ARM.exidx*)
                0x08009134                __exidx_end = .

.preinit_array  0x08009134        0x0
                0x08009134                PROVIDE (__preinit_array_start = .)
 *(.preinit_array*)
                0x08009134                PROVIDE (__preinit_array_end = .)

.init_array     0x08009134        0x4
                0x08009134                PROVIDE (__init_array_start = .)
 *(SORT_BY_NAME(.init_array.*))
 *(.init_array*)
 .init_array    0x08009134        0x4 e:/gnu arm embedded toolchain/10 2021.10/bin/../lib/gcc/arm-none-eabi/10.3.1/thumb/v7-m/nofp/crtbegin.o
                0x08009138                PROVIDE (__init_array_end = .)

.fini_array     0x08009138        0x4
                [!provide]                PROVIDE (__fini_array_start = .)
 *(SORT_BY_NAME(.fini_array.*))
 *(.fini_array*)
 .fini_array    0x08009138        0x4 e:/gnu arm embedded toolchain/10 2021.10/bin/../lib/gcc/arm-none-eabi/10.3.1/thumb/v7-m/nofp/crtbegin.o
                [!provide]                PROVIDE (__fini_array_end = .)
                0x0800913c                _sidata = LOADADDR (.data)

.data           0x20000000      0xb5c load address 0x0800913c
                0x20000000                . = ALIGN (0x4)
                0x20000000                _sdata = .
 *(.data)
 *(.data*)
 .data.SystemCoreClock
                0x20000000        0x4 build/system_stm32f1xx.o
                0x20000000                SystemCoreClock
 .data.uwTickFreq
                0x20000004        0x1 build/stm32f1xx_hal.o
                0x20000004                uwTickFreq
 *fill*         0x20000005        0x3 
 .data.uwTickPrio
                0x20000008        0x4 build/stm32f1xx_hal.o
                0x20000008                uwTickPrio
 .data.USBD_CDC
                0x2000000c       0x38 build/usbd_cdc.o
                0x2000000c                USBD_CDC
 .data.USBD_CDC_CfgFSDesc
                0x20000044       0x43 build/usbd_cdc.o
                0x20000044                USBD_CDC_CfgFSDesc
 *fill*         0x20000087        0x1 
 .data.USBD_CDC_CfgHSDesc
                0x20000088       0x43 build/usbd_cdc.o
                0x20000088                USBD_CDC_CfgHSDesc
 *fill*         0x200000cb        0x1 
 .data.USBD_CDC_DeviceQualifierDesc
                0x200000cc        0xa build/usbd_cdc.o
 *fill*         0x200000d6        0x2 
 .data.USBD_CDC_OtherSpeedCfgDesc
                0x200000d8       0x43 build/usbd_cdc.o
                0x200000d8                USBD_CDC_OtherSpeedCfgDesc
 *fill*         0x2000011b        0x1 
 .data.dma_uart1_rx
                0x2000011c      0x408 build/usart.o
                0x2000011c                dma_uart1_rx
 .data.dma_uart2_rx
                0x20000524      0x408 build/usart.o
                0x20000524                dma_uart2_rx
 .data.FS_Desc  0x2000092c       0x1c build/usbd_desc.o
                0x2000092c                FS_Desc
 .data.USBD_FS_DeviceDesc
                0x20000948       0x12 build/usbd_desc.o
                0x20000948                USBD_FS_DeviceDesc
 *fill*         0x2000095a        0x2 
 .data.USBD_LangIDDesc
                0x2000095c        0x4 build/usbd_desc.o
                0x2000095c                USBD_LangIDDesc
 .data.USBD_StringSerial
                0x20000960       0x1a build/usbd_desc.o
                0x20000960                USBD_StringSerial
 *fill*         0x2000097a        0x2 
 .data.USBD_Interface_fops_FS
                0x2000097c       0x10 build/usbd_cdc_if.o
                0x2000097c                USBD_Interface_fops_FS
 .data._impure_ptr
                0x2000098c        0x4 e:/gnu arm embedded toolchain/10 2021.10/bin/../lib/gcc/arm-none-eabi/10.3.1/../../../../arm-none-eabi/lib/thumb/v7-m/nofp\libc_nano.a(lib_a-impure.o)
                0x2000098c                _impure_ptr
 .data.impure_data
                0x20000990       0x60 e:/gnu arm embedded toolchain/10 2021.10/bin/../lib/gcc/arm-none-eabi/10.3.1/../../../../arm-none-eabi/lib/thumb/v7-m/nofp\libc_nano.a(lib_a-impure.o)
 .data.__global_locale
                0x200009f0      0x16c e:/gnu arm embedded toolchain/10 2021.10/bin/../lib/gcc/arm-none-eabi/10.3.1/../../../../arm-none-eabi/lib/thumb/v7-m/nofp\libc_nano.a(lib_a-locale.o)
                0x200009f0                __global_locale
                0x20000b5c                . = ALIGN (0x4)
                0x20000b5c                _edata = .

.igot.plt       0x20000b5c        0x0 load address 0x08009c98
 .igot.plt      0x20000b5c        0x0 e:/gnu arm embedded toolchain/10 2021.10/bin/../lib/gcc/arm-none-eabi/10.3.1/thumb/v7-m/nofp/crtbegin.o
                0x20000b5c                . = ALIGN (0x4)

.bss            0x20000b5c     0x3218 load address 0x08009c98
                0x20000b5c                _sbss = .
                0x20000b5c                __bss_start__ = _sbss
 *(.bss)
 .bss           0x20000b5c       0x1c e:/gnu arm embedded toolchain/10 2021.10/bin/../lib/gcc/arm-none-eabi/10.3.1/thumb/v7-m/nofp/crtbegin.o
 *(.bss*)
 .bss.tick_     0x20000b78        0x4 build/main.o
                0x20000b78                tick_
 .bss.time_reqest_slave
                0x20000b7c        0x4 build/main.o
                0x20000b7c                time_reqest_slave
 .bss.uwTick    0x20000b80        0x4 build/stm32f1xx_hal.o
                0x20000b80                uwTick
 .bss.cfgidx.0  0x20000b84        0x1 build/usbd_ctlreq.o
 *fill*         0x20000b85        0x3 
 .bss.modbus_master_hold_buf
                0x20000b88     0x1900 build/modbus_data.o
                0x20000b88                modbus_master_hold_buf
 .bss.slave     0x20002488        0xc build/modbus_data.o
                0x20002488                slave
 .bss.dma_rx1_buf
                0x20002494      0x100 build/usart.o
                0x20002494                dma_rx1_buf
 .bss.dma_rx2_buf
                0x20002594      0x100 build/usart.o
                0x20002594                dma_rx2_buf
 .bss.fifo_uart1_tx
                0x20002694        0xc build/usart.o
                0x20002694                fifo_uart1_tx
 .bss.fifo_uart2_tx
                0x200026a0        0xc build/usart.o
                0x200026a0                fifo_uart2_tx
 .bss.hdma_usart1_rx
                0x200026ac       0x44 build/usart.o
                0x200026ac                hdma_usart1_rx
 .bss.hdma_usart2_rx
                0x200026f0       0x44 build/usart.o
                0x200026f0                hdma_usart2_rx
 .bss.huart1    0x20002734       0x44 build/usart.o
                0x20002734                huart1
 .bss.huart2    0x20002778       0x44 build/usart.o
                0x20002778                huart2
 .bss.ring_buf_uart2_tx
                0x200027bc      0x400 build/usart.o
                0x200027bc                ring_buf_uart2_tx
 .bss.tx1_data  0x20002bbc        0x1 build/usart.o
                0x20002bbc                tx1_data
 .bss.tx2_data  0x20002bbd        0x1 build/usart.o
                0x20002bbd                tx2_data
 *fill*         0x20002bbe        0x2 
 .bss.hpcd_USB_FS
                0x20002bc0      0x2ec build/usbd_conf.o
                0x20002bc0                hpcd_USB_FS
 .bss.mem.0     0x20002eac      0x220 build/usbd_conf.o
 .bss.hUsbDeviceFS
                0x200030cc      0x2c4 build/usb_device.o
                0x200030cc                hUsbDeviceFS
 .bss.USBD_StrDesc
                0x20003390      0x200 build/usbd_desc.o
                0x20003390                USBD_StrDesc
 .bss.UserRxBufferFS
                0x20003590      0x3e8 build/usbd_cdc_if.o
                0x20003590                UserRxBufferFS
 .bss.UserTxBufferFS
                0x20003978      0x3e8 build/usbd_cdc_if.o
                0x20003978                UserTxBufferFS
 .bss.__lock___malloc_recursive_mutex
                0x20003d60        0x1 e:/gnu arm embedded toolchain/10 2021.10/bin/../lib/gcc/arm-none-eabi/10.3.1/../../../../arm-none-eabi/lib/thumb/v7-m/nofp\libc_nano.a(lib_a-lock.o)
                0x20003d60                __lock___malloc_recursive_mutex
 .bss.__lock___sfp_recursive_mutex
                0x20003d61        0x1 e:/gnu arm embedded toolchain/10 2021.10/bin/../lib/gcc/arm-none-eabi/10.3.1/../../../../arm-none-eabi/lib/thumb/v7-m/nofp\libc_nano.a(lib_a-lock.o)
                0x20003d61                __lock___sfp_recursive_mutex
 .bss.__lock___sinit_recursive_mutex
                0x20003d62        0x1 e:/gnu arm embedded toolchain/10 2021.10/bin/../lib/gcc/arm-none-eabi/10.3.1/../../../../arm-none-eabi/lib/thumb/v7-m/nofp\libc_nano.a(lib_a-lock.o)
                0x20003d62                __lock___sinit_recursive_mutex
 *fill*         0x20003d63        0x1 
 .bss.__malloc_free_list
                0x20003d64        0x4 e:/gnu arm embedded toolchain/10 2021.10/bin/../lib/gcc/arm-none-eabi/10.3.1/../../../../arm-none-eabi/lib/thumb/v7-m/nofp\libc_nano.a(lib_a-nano-mallocr.o)
                0x20003d64                __malloc_free_list
 .bss.__malloc_sbrk_start
                0x20003d68        0x4 e:/gnu arm embedded toolchain/10 2021.10/bin/../lib/gcc/arm-none-eabi/10.3.1/../../../../arm-none-eabi/lib/thumb/v7-m/nofp\libc_nano.a(lib_a-nano-mallocr.o)
                0x20003d68                __malloc_sbrk_start
 .bss.errno     0x20003d6c        0x4 e:/gnu arm embedded toolchain/10 2021.10/bin/../lib/gcc/arm-none-eabi/10.3.1/../../../../arm-none-eabi/lib/thumb/v7-m/nofp\libc_nano.a(lib_a-reent.o)
                0x20003d6c                errno
 .bss.heap_end.0
                0x20003d70        0x4 e:/gnu arm embedded toolchain/10 2021.10/bin/../lib/gcc/arm-none-eabi/10.3.1/../../../../arm-none-eabi/lib/thumb/v7-m/nofp\libnosys.a(sbrk.o)
 *(COMMON)
                0x20003d74                . = ALIGN (0x4)
                0x20003d74                _ebss = .
                0x20003d74                __bss_end__ = _ebss

._user_heap_stack
                0x20003d74      0x604 load address 0x08009c98
                0x20003d78                . = ALIGN (0x8)
 *fill*         0x20003d74        0x4 
                0x20003d78                PROVIDE (end = .)
                [!provide]                PROVIDE (_end = .)
                0x20003f78                . = (. + _Min_Heap_Size)
 *fill*         0x20003d78      0x200 
                0x20004378                . = (. + _Min_Stack_Size)
 *fill*         0x20003f78      0x400 
                0x20004378                . = ALIGN (0x8)

/DISCARD/
 libc.a(*)
 libm.a(*)
 libgcc.a(*)

.ARM.attributes
                0x00000000       0x29
 *(.ARM.attributes)
 .ARM.attributes
                0x00000000       0x1d e:/gnu arm embedded toolchain/10 2021.10/bin/../lib/gcc/arm-none-eabi/10.3.1/thumb/v7-m/nofp/crti.o
 .ARM.attributes
                0x0000001d       0x2d e:/gnu arm embedded toolchain/10 2021.10/bin/../lib/gcc/arm-none-eabi/10.3.1/thumb/v7-m/nofp/crtbegin.o
 .ARM.attributes
                0x0000004a       0x2d build/main.o
 .ARM.attributes
                0x00000077       0x2d build/gpio.o
 .ARM.attributes
                0x000000a4       0x2d build/stm32f1xx_it.o
 .ARM.attributes
                0x000000d1       0x2d build/stm32f1xx_hal_msp.o
 .ARM.attributes
                0x000000fe       0x2d build/system_stm32f1xx.o
 .ARM.attributes
                0x0000012b       0x2d build/stm32f1xx_hal.o
 .ARM.attributes
                0x00000158       0x2d build/stm32f1xx_hal_pcd.o
 .ARM.attributes
                0x00000185       0x2d build/stm32f1xx_hal_pcd_ex.o
 .ARM.attributes
                0x000001b2       0x2d build/stm32f1xx_hal_uart.o
 .ARM.attributes
                0x000001df       0x2d build/stm32f1xx_hal_rcc.o
 .ARM.attributes
                0x0000020c       0x2d build/stm32f1xx_hal_rcc_ex.o
 .ARM.attributes
                0x00000239       0x2d build/stm32f1xx_hal_gpio.o
 .ARM.attributes
                0x00000266       0x2d build/stm32f1xx_hal_dma.o
 .ARM.attributes
                0x00000293       0x2d build/stm32f1xx_hal_cortex.o
 .ARM.attributes
                0x000002c0       0x2d build/stm32f1xx_ll_usb.o
 .ARM.attributes
                0x000002ed       0x2d build/usbd_core.o
 .ARM.attributes
                0x0000031a       0x2d build/usbd_ctlreq.o
 .ARM.attributes
                0x00000347       0x2d build/usbd_ioreq.o
 .ARM.attributes
                0x00000374       0x2d build/usbd_cdc.o
 .ARM.attributes
                0x000003a1       0x2d build/fifo.o
 .ARM.attributes
                0x000003ce       0x2d build/modbus_crc.o
 .ARM.attributes
                0x000003fb       0x2d build/modbus_data.o
 .ARM.attributes
                0x00000428       0x2d build/usart.o
 .ARM.attributes
                0x00000455       0x2d build/usbd_conf.o
 .ARM.attributes
                0x00000482       0x2d build/usb_device.o
 .ARM.attributes
                0x000004af       0x2d build/usbd_desc.o
 .ARM.attributes
                0x000004dc       0x2d build/usbd_cdc_if.o
 .ARM.attributes
                0x00000509       0x21 build/startup_stm32f103xe.o
 .ARM.attributes
                0x0000052a       0x2d e:/gnu arm embedded toolchain/10 2021.10/bin/../lib/gcc/arm-none-eabi/10.3.1/../../../../arm-none-eabi/lib/thumb/v7-m/nofp\libc_nano.a(lib_a-errno.o)
 .ARM.attributes
                0x00000557       0x2d e:/gnu arm embedded toolchain/10 2021.10/bin/../lib/gcc/arm-none-eabi/10.3.1/../../../../arm-none-eabi/lib/thumb/v7-m/nofp\libc_nano.a(lib_a-impure.o)
 .ARM.attributes
                0x00000584       0x2d e:/gnu arm embedded toolchain/10 2021.10/bin/../lib/gcc/arm-none-eabi/10.3.1/../../../../arm-none-eabi/lib/thumb/v7-m/nofp\libc_nano.a(lib_a-init.o)
 .ARM.attributes
                0x000005b1       0x2d e:/gnu arm embedded toolchain/10 2021.10/bin/../lib/gcc/arm-none-eabi/10.3.1/../../../../arm-none-eabi/lib/thumb/v7-m/nofp\libc_nano.a(lib_a-memset.o)
 .ARM.attributes
                0x000005de       0x2d e:/gnu arm embedded toolchain/10 2021.10/bin/../lib/gcc/arm-none-eabi/10.3.1/../../../../arm-none-eabi/lib/thumb/v7-m/nofp\libc_nano.a(lib_a-nano-vfprintf_float.o)
 .ARM.attributes
                0x0000060b       0x2d e:/gnu arm embedded toolchain/10 2021.10/bin/../lib/gcc/arm-none-eabi/10.3.1/../../../../arm-none-eabi/lib/thumb/v7-m/nofp\libc_nano.a(lib_a-nano-vfprintf_i.o)
 .ARM.attributes
                0x00000638       0x2d e:/gnu arm embedded toolchain/10 2021.10/bin/../lib/gcc/arm-none-eabi/10.3.1/../../../../arm-none-eabi/lib/thumb/v7-m/nofp\libc_nano.a(lib_a-printf.o)
 .ARM.attributes
                0x00000665       0x2d e:/gnu arm embedded toolchain/10 2021.10/bin/../lib/gcc/arm-none-eabi/10.3.1/../../../../arm-none-eabi/lib/thumb/v7-m/nofp\libc_nano.a(lib_a-puts.o)
 .ARM.attributes
                0x00000692       0x17 e:/gnu arm embedded toolchain/10 2021.10/bin/../lib/gcc/arm-none-eabi/10.3.1/../../../../arm-none-eabi/lib/thumb/v7-m/nofp\libc_nano.a(lib_a-strlen.o)
 .ARM.attributes
                0x000006a9       0x2d e:/gnu arm embedded toolchain/10 2021.10/bin/../lib/gcc/arm-none-eabi/10.3.1/../../../../arm-none-eabi/lib/thumb/v7-m/nofp\libc_nano.a(lib_a-wbuf.o)
 .ARM.attributes
                0x000006d6       0x2d e:/gnu arm embedded toolchain/10 2021.10/bin/../lib/gcc/arm-none-eabi/10.3.1/../../../../arm-none-eabi/lib/thumb/v7-m/nofp\libc_nano.a(lib_a-wsetup.o)
 .ARM.attributes
                0x00000703       0x2d e:/gnu arm embedded toolchain/10 2021.10/bin/../lib/gcc/arm-none-eabi/10.3.1/../../../../arm-none-eabi/lib/thumb/v7-m/nofp\libc_nano.a(lib_a-dtoa.o)
 .ARM.attributes
                0x00000730       0x2d e:/gnu arm embedded toolchain/10 2021.10/bin/../lib/gcc/arm-none-eabi/10.3.1/../../../../arm-none-eabi/lib/thumb/v7-m/nofp\libc_nano.a(lib_a-fflush.o)
 .ARM.attributes
                0x0000075d       0x2d e:/gnu arm embedded toolchain/10 2021.10/bin/../lib/gcc/arm-none-eabi/10.3.1/../../../../arm-none-eabi/lib/thumb/v7-m/nofp\libc_nano.a(lib_a-findfp.o)
 .ARM.attributes
                0x0000078a       0x2d e:/gnu arm embedded toolchain/10 2021.10/bin/../lib/gcc/arm-none-eabi/10.3.1/../../../../arm-none-eabi/lib/thumb/v7-m/nofp\libc_nano.a(lib_a-fwalk.o)
 .ARM.attributes
                0x000007b7       0x2d e:/gnu arm embedded toolchain/10 2021.10/bin/../lib/gcc/arm-none-eabi/10.3.1/../../../../arm-none-eabi/lib/thumb/v7-m/nofp\libc_nano.a(lib_a-localeconv.o)
 .ARM.attributes
                0x000007e4       0x2d e:/gnu arm embedded toolchain/10 2021.10/bin/../lib/gcc/arm-none-eabi/10.3.1/../../../../arm-none-eabi/lib/thumb/v7-m/nofp\libc_nano.a(lib_a-lock.o)
 .ARM.attributes
                0x00000811       0x2d e:/gnu arm embedded toolchain/10 2021.10/bin/../lib/gcc/arm-none-eabi/10.3.1/../../../../arm-none-eabi/lib/thumb/v7-m/nofp\libc_nano.a(lib_a-makebuf.o)
 .ARM.attributes
                0x0000083e       0x2d e:/gnu arm embedded toolchain/10 2021.10/bin/../lib/gcc/arm-none-eabi/10.3.1/../../../../arm-none-eabi/lib/thumb/v7-m/nofp\libc_nano.a(lib_a-malloc.o)
 .ARM.attributes
                0x0000086b       0x2d e:/gnu arm embedded toolchain/10 2021.10/bin/../lib/gcc/arm-none-eabi/10.3.1/../../../../arm-none-eabi/lib/thumb/v7-m/nofp\libc_nano.a(lib_a-memchr-stub.o)
 .ARM.attributes
                0x00000898       0x2d e:/gnu arm embedded toolchain/10 2021.10/bin/../lib/gcc/arm-none-eabi/10.3.1/../../../../arm-none-eabi/lib/thumb/v7-m/nofp\libc_nano.a(lib_a-memcpy-stub.o)
 .ARM.attributes
                0x000008c5       0x2d e:/gnu arm embedded toolchain/10 2021.10/bin/../lib/gcc/arm-none-eabi/10.3.1/../../../../arm-none-eabi/lib/thumb/v7-m/nofp\libc_nano.a(lib_a-mprec.o)
 .ARM.attributes
                0x000008f2       0x2d e:/gnu arm embedded toolchain/10 2021.10/bin/../lib/gcc/arm-none-eabi/10.3.1/../../../../arm-none-eabi/lib/thumb/v7-m/nofp\libc_nano.a(lib_a-nano-callocr.o)
 .ARM.attributes
                0x0000091f       0x2d e:/gnu arm embedded toolchain/10 2021.10/bin/../lib/gcc/arm-none-eabi/10.3.1/../../../../arm-none-eabi/lib/thumb/v7-m/nofp\libc_nano.a(lib_a-nano-freer.o)
 .ARM.attributes
                0x0000094c       0x2d e:/gnu arm embedded toolchain/10 2021.10/bin/../lib/gcc/arm-none-eabi/10.3.1/../../../../arm-none-eabi/lib/thumb/v7-m/nofp\libc_nano.a(lib_a-nano-mallocr.o)
 .ARM.attributes
                0x00000979       0x2d e:/gnu arm embedded toolchain/10 2021.10/bin/../lib/gcc/arm-none-eabi/10.3.1/../../../../arm-none-eabi/lib/thumb/v7-m/nofp\libc_nano.a(lib_a-nano-vfprintf.o)
 .ARM.attributes
                0x000009a6       0x2d e:/gnu arm embedded toolchain/10 2021.10/bin/../lib/gcc/arm-none-eabi/10.3.1/../../../../arm-none-eabi/lib/thumb/v7-m/nofp\libc_nano.a(lib_a-sbrkr.o)
 .ARM.attributes
                0x000009d3       0x2d e:/gnu arm embedded toolchain/10 2021.10/bin/../lib/gcc/arm-none-eabi/10.3.1/../../../../arm-none-eabi/lib/thumb/v7-m/nofp\libc_nano.a(lib_a-stdio.o)
 .ARM.attributes
                0x00000a00       0x2d e:/gnu arm embedded toolchain/10 2021.10/bin/../lib/gcc/arm-none-eabi/10.3.1/../../../../arm-none-eabi/lib/thumb/v7-m/nofp\libc_nano.a(lib_a-writer.o)
 .ARM.attributes
                0x00000a2d       0x2d e:/gnu arm embedded toolchain/10 2021.10/bin/../lib/gcc/arm-none-eabi/10.3.1/../../../../arm-none-eabi/lib/thumb/v7-m/nofp\libc_nano.a(lib_a-assert.o)
 .ARM.attributes
                0x00000a5a       0x2d e:/gnu arm embedded toolchain/10 2021.10/bin/../lib/gcc/arm-none-eabi/10.3.1/../../../../arm-none-eabi/lib/thumb/v7-m/nofp\libc_nano.a(lib_a-closer.o)
 .ARM.attributes
                0x00000a87       0x2d e:/gnu arm embedded toolchain/10 2021.10/bin/../lib/gcc/arm-none-eabi/10.3.1/../../../../arm-none-eabi/lib/thumb/v7-m/nofp\libc_nano.a(lib_a-fprintf.o)
 .ARM.attributes
                0x00000ab4       0x2d e:/gnu arm embedded toolchain/10 2021.10/bin/../lib/gcc/arm-none-eabi/10.3.1/../../../../arm-none-eabi/lib/thumb/v7-m/nofp\libc_nano.a(lib_a-fstatr.o)
 .ARM.attributes
                0x00000ae1       0x2d e:/gnu arm embedded toolchain/10 2021.10/bin/../lib/gcc/arm-none-eabi/10.3.1/../../../../arm-none-eabi/lib/thumb/v7-m/nofp\libc_nano.a(lib_a-isattyr.o)
 .ARM.attributes
                0x00000b0e       0x2d e:/gnu arm embedded toolchain/10 2021.10/bin/../lib/gcc/arm-none-eabi/10.3.1/../../../../arm-none-eabi/lib/thumb/v7-m/nofp\libc_nano.a(lib_a-locale.o)
 .ARM.attributes
                0x00000b3b       0x2d e:/gnu arm embedded toolchain/10 2021.10/bin/../lib/gcc/arm-none-eabi/10.3.1/../../../../arm-none-eabi/lib/thumb/v7-m/nofp\libc_nano.a(lib_a-lseekr.o)
 .ARM.attributes
                0x00000b68       0x2d e:/gnu arm embedded toolchain/10 2021.10/bin/../lib/gcc/arm-none-eabi/10.3.1/../../../../arm-none-eabi/lib/thumb/v7-m/nofp\libc_nano.a(lib_a-mbtowc_r.o)
 .ARM.attributes
                0x00000b95       0x2d e:/gnu arm embedded toolchain/10 2021.10/bin/../lib/gcc/arm-none-eabi/10.3.1/../../../../arm-none-eabi/lib/thumb/v7-m/nofp\libc_nano.a(lib_a-mlock.o)
 .ARM.attributes
                0x00000bc2       0x2d e:/gnu arm embedded toolchain/10 2021.10/bin/../lib/gcc/arm-none-eabi/10.3.1/../../../../arm-none-eabi/lib/thumb/v7-m/nofp\libc_nano.a(lib_a-readr.o)
 .ARM.attributes
                0x00000bef       0x2d e:/gnu arm embedded toolchain/10 2021.10/bin/../lib/gcc/arm-none-eabi/10.3.1/../../../../arm-none-eabi/lib/thumb/v7-m/nofp\libc_nano.a(lib_a-reent.o)
 .ARM.attributes
                0x00000c1c       0x2d e:/gnu arm embedded toolchain/10 2021.10/bin/../lib/gcc/arm-none-eabi/10.3.1/../../../../arm-none-eabi/lib/thumb/v7-m/nofp\libc_nano.a(lib_a-wctomb_r.o)
 .ARM.attributes
                0x00000c49       0x2d e:/gnu arm embedded toolchain/10 2021.10/bin/../lib/gcc/arm-none-eabi/10.3.1/../../../../arm-none-eabi/lib/thumb/v7-m/nofp\libc_nano.a(lib_a-abort.o)
 .ARM.attributes
                0x00000c76       0x2d e:/gnu arm embedded toolchain/10 2021.10/bin/../lib/gcc/arm-none-eabi/10.3.1/../../../../arm-none-eabi/lib/thumb/v7-m/nofp\libc_nano.a(lib_a-ctype_.o)
 .ARM.attributes
                0x00000ca3       0x2d e:/gnu arm embedded toolchain/10 2021.10/bin/../lib/gcc/arm-none-eabi/10.3.1/../../../../arm-none-eabi/lib/thumb/v7-m/nofp\libc_nano.a(lib_a-signal.o)
 .ARM.attributes
                0x00000cd0       0x2d e:/gnu arm embedded toolchain/10 2021.10/bin/../lib/gcc/arm-none-eabi/10.3.1/../../../../arm-none-eabi/lib/thumb/v7-m/nofp\libc_nano.a(lib_a-signalr.o)
 .ARM.attributes
                0x00000cfd       0x2d e:/gnu arm embedded toolchain/10 2021.10/bin/../lib/gcc/arm-none-eabi/10.3.1/../../../../arm-none-eabi/lib/thumb/v7-m/nofp\libnosys.a(close.o)
 .ARM.attributes
                0x00000d2a       0x2d e:/gnu arm embedded toolchain/10 2021.10/bin/../lib/gcc/arm-none-eabi/10.3.1/../../../../arm-none-eabi/lib/thumb/v7-m/nofp\libnosys.a(fstat.o)
 .ARM.attributes
                0x00000d57       0x2d e:/gnu arm embedded toolchain/10 2021.10/bin/../lib/gcc/arm-none-eabi/10.3.1/../../../../arm-none-eabi/lib/thumb/v7-m/nofp\libnosys.a(getpid.o)
 .ARM.attributes
                0x00000d84       0x2d e:/gnu arm embedded toolchain/10 2021.10/bin/../lib/gcc/arm-none-eabi/10.3.1/../../../../arm-none-eabi/lib/thumb/v7-m/nofp\libnosys.a(isatty.o)
 .ARM.attributes
                0x00000db1       0x2d e:/gnu arm embedded toolchain/10 2021.10/bin/../lib/gcc/arm-none-eabi/10.3.1/../../../../arm-none-eabi/lib/thumb/v7-m/nofp\libnosys.a(kill.o)
 .ARM.attributes
                0x00000dde       0x2d e:/gnu arm embedded toolchain/10 2021.10/bin/../lib/gcc/arm-none-eabi/10.3.1/../../../../arm-none-eabi/lib/thumb/v7-m/nofp\libnosys.a(lseek.o)
 .ARM.attributes
                0x00000e0b       0x2d e:/gnu arm embedded toolchain/10 2021.10/bin/../lib/gcc/arm-none-eabi/10.3.1/../../../../arm-none-eabi/lib/thumb/v7-m/nofp\libnosys.a(read.o)
 .ARM.attributes
                0x00000e38       0x2d e:/gnu arm embedded toolchain/10 2021.10/bin/../lib/gcc/arm-none-eabi/10.3.1/../../../../arm-none-eabi/lib/thumb/v7-m/nofp\libnosys.a(sbrk.o)
 .ARM.attributes
                0x00000e65       0x2d e:/gnu arm embedded toolchain/10 2021.10/bin/../lib/gcc/arm-none-eabi/10.3.1/../../../../arm-none-eabi/lib/thumb/v7-m/nofp\libnosys.a(_exit.o)
 .ARM.attributes
                0x00000e92       0x1d e:/gnu arm embedded toolchain/10 2021.10/bin/../lib/gcc/arm-none-eabi/10.3.1/thumb/v7-m/nofp\libgcc.a(_arm_addsubdf3.o)
 .ARM.attributes
                0x00000eaf       0x1d e:/gnu arm embedded toolchain/10 2021.10/bin/../lib/gcc/arm-none-eabi/10.3.1/thumb/v7-m/nofp\libgcc.a(_arm_muldivdf3.o)
 .ARM.attributes
                0x00000ecc       0x1d e:/gnu arm embedded toolchain/10 2021.10/bin/../lib/gcc/arm-none-eabi/10.3.1/thumb/v7-m/nofp\libgcc.a(_arm_cmpdf2.o)
 .ARM.attributes
                0x00000ee9       0x1d e:/gnu arm embedded toolchain/10 2021.10/bin/../lib/gcc/arm-none-eabi/10.3.1/thumb/v7-m/nofp\libgcc.a(_arm_unorddf2.o)
 .ARM.attributes
                0x00000f06       0x1d e:/gnu arm embedded toolchain/10 2021.10/bin/../lib/gcc/arm-none-eabi/10.3.1/thumb/v7-m/nofp\libgcc.a(_arm_fixdfsi.o)
 .ARM.attributes
                0x00000f23       0x1d e:/gnu arm embedded toolchain/10 2021.10/bin/../lib/gcc/arm-none-eabi/10.3.1/thumb/v7-m/nofp/crtn.o
OUTPUT(build/ph_environmental_cabinet_controller_io_fw.elf elf32-littlearm)
LOAD linker stubs
LOAD e:/gnu arm embedded toolchain/10 2021.10/bin/../lib/gcc/arm-none-eabi/10.3.1/../../../../arm-none-eabi/lib/thumb/v7-m/nofp\libc.a
LOAD e:/gnu arm embedded toolchain/10 2021.10/bin/../lib/gcc/arm-none-eabi/10.3.1/../../../../arm-none-eabi/lib/thumb/v7-m/nofp\libm.a
LOAD e:/gnu arm embedded toolchain/10 2021.10/bin/../lib/gcc/arm-none-eabi/10.3.1/thumb/v7-m/nofp\libgcc.a

.debug_info     0x00000000    0x14fc3
 .debug_info    0x00000000      0xbc0 build/main.o
 .debug_info    0x00000bc0      0x39f build/gpio.o
 .debug_info    0x00000f5f      0xe5a build/stm32f1xx_it.o
 .debug_info    0x00001db9      0x24d build/stm32f1xx_hal_msp.o
 .debug_info    0x00002006      0x458 build/system_stm32f1xx.o
 .debug_info    0x0000245e      0x8bb build/stm32f1xx_hal.o
 .debug_info    0x00002d19     0x1c82 build/stm32f1xx_hal_pcd.o
 .debug_info    0x0000499b      0x7c7 build/stm32f1xx_hal_pcd_ex.o
 .debug_info    0x00005162     0x1e12 build/stm32f1xx_hal_uart.o
 .debug_info    0x00006f74      0xaec build/stm32f1xx_hal_rcc.o
 .debug_info    0x00007a60      0x4ba build/stm32f1xx_hal_rcc_ex.o
 .debug_info    0x00007f1a      0x6d7 build/stm32f1xx_hal_gpio.o
 .debug_info    0x000085f1      0x8ba build/stm32f1xx_hal_dma.o
 .debug_info    0x00008eab      0xe93 build/stm32f1xx_hal_cortex.o
 .debug_info    0x00009d3e     0x1d8c build/stm32f1xx_ll_usb.o
 .debug_info    0x0000baca      0xe6d build/usbd_core.o
 .debug_info    0x0000c937     0x1143 build/usbd_ctlreq.o
 .debug_info    0x0000da7a      0x891 build/usbd_ioreq.o
 .debug_info    0x0000e30b     0x1511 build/usbd_cdc.o
 .debug_info    0x0000f81c      0x2dc build/fifo.o
 .debug_info    0x0000faf8      0x1f2 build/modbus_crc.o
 .debug_info    0x0000fcea      0x554 build/modbus_data.o
 .debug_info    0x0001023e     0x15d7 build/usart.o
 .debug_info    0x00011815     0x1de9 build/usbd_conf.o
 .debug_info    0x000135fe      0xa0b build/usb_device.o
 .debug_info    0x00014009      0x63d build/usbd_desc.o
 .debug_info    0x00014646      0x95b build/usbd_cdc_if.o
 .debug_info    0x00014fa1       0x22 build/startup_stm32f103xe.o

.debug_abbrev   0x00000000     0x3ac9
 .debug_abbrev  0x00000000      0x25c build/main.o
 .debug_abbrev  0x0000025c      0x13f build/gpio.o
 .debug_abbrev  0x0000039b      0x221 build/stm32f1xx_it.o
 .debug_abbrev  0x000005bc       0xe7 build/stm32f1xx_hal_msp.o
 .debug_abbrev  0x000006a3      0x140 build/system_stm32f1xx.o
 .debug_abbrev  0x000007e3      0x1f7 build/stm32f1xx_hal.o
 .debug_abbrev  0x000009da      0x2ea build/stm32f1xx_hal_pcd.o
 .debug_abbrev  0x00000cc4      0x184 build/stm32f1xx_hal_pcd_ex.o
 .debug_abbrev  0x00000e48      0x2ab build/stm32f1xx_hal_uart.o
 .debug_abbrev  0x000010f3      0x29a build/stm32f1xx_hal_rcc.o
 .debug_abbrev  0x0000138d      0x1d5 build/stm32f1xx_hal_rcc_ex.o