Archive member included to satisfy reference by file (symbol)

e:/gnu arm embedded toolchain/10 2021.10/bin/../lib/gcc/arm-none-eabi/10.3.1/../../../../arm-none-eabi/lib/thumb/v7-m/nofp\libc_nano.a(lib_a-errno.o)
                              build/main.o (__errno)
e:/gnu arm embedded toolchain/10 2021.10/bin/../lib/gcc/arm-none-eabi/10.3.1/../../../../arm-none-eabi/lib/thumb/v7-m/nofp\libc_nano.a(lib_a-exit.o)
                              e:/gnu arm embedded toolchain/10 2021.10/bin/../lib/gcc/arm-none-eabi/10.3.1/../../../../arm-none-eabi/lib/thumb/v7-m/nofp/crt0.o (exit)
e:/gnu arm embedded toolchain/10 2021.10/bin/../lib/gcc/arm-none-eabi/10.3.1/../../../../arm-none-eabi/lib/thumb/v7-m/nofp\libc_nano.a(lib_a-impure.o)
                              e:/gnu arm embedded toolchain/10 2021.10/bin/../lib/gcc/arm-none-eabi/10.3.1/../../../../arm-none-eabi/lib/thumb/v7-m/nofp\libc_nano.a(lib_a-exit.o) (_global_impure_ptr)
e:/gnu arm embedded toolchain/10 2021.10/bin/../lib/gcc/arm-none-eabi/10.3.1/../../../../arm-none-eabi/lib/thumb/v7-m/nofp\libc_nano.a(lib_a-init.o)
                              e:/gnu arm embedded toolchain/10 2021.10/bin/../lib/gcc/arm-none-eabi/10.3.1/../../../../arm-none-eabi/lib/thumb/v7-m/nofp/crt0.o (__libc_init_array)
e:/gnu arm embedded toolchain/10 2021.10/bin/../lib/gcc/arm-none-eabi/10.3.1/../../../../arm-none-eabi/lib/thumb/v7-m/nofp\libc_nano.a(lib_a-memcpy-stub.o)
                              build/mbfuncother.o (memcpy)
e:/gnu arm embedded toolchain/10 2021.10/bin/../lib/gcc/arm-none-eabi/10.3.1/../../../../arm-none-eabi/lib/thumb/v7-m/nofp\libc_nano.a(lib_a-memset.o)
                              e:/gnu arm embedded toolchain/10 2021.10/bin/../lib/gcc/arm-none-eabi/10.3.1/../../../../arm-none-eabi/lib/thumb/v7-m/nofp/crt0.o (memset)
e:/gnu arm embedded toolchain/10 2021.10/bin/../lib/gcc/arm-none-eabi/10.3.1/../../../../arm-none-eabi/lib/thumb/v7-m/nofp\libc_nano.a(lib_a-nano-vfprintf_float.o)
                              (_printf_float)
e:/gnu arm embedded toolchain/10 2021.10/bin/../lib/gcc/arm-none-eabi/10.3.1/../../../../arm-none-eabi/lib/thumb/v7-m/nofp\libc_nano.a(lib_a-nano-vfprintf_i.o)
                              e:/gnu arm embedded toolchain/10 2021.10/bin/../lib/gcc/arm-none-eabi/10.3.1/../../../../arm-none-eabi/lib/thumb/v7-m/nofp\libc_nano.a(lib_a-nano-vfprintf_float.o) (_printf_common)
e:/gnu arm embedded toolchain/10 2021.10/bin/../lib/gcc/arm-none-eabi/10.3.1/../../../../arm-none-eabi/lib/thumb/v7-m/nofp\libc_nano.a(lib_a-printf.o)
                              build/main.o (printf)
e:/gnu arm embedded toolchain/10 2021.10/bin/../lib/gcc/arm-none-eabi/10.3.1/../../../../arm-none-eabi/lib/thumb/v7-m/nofp\libc_nano.a(lib_a-puts.o)
                              build/user_mb_app.o (puts)
e:/gnu arm embedded toolchain/10 2021.10/bin/../lib/gcc/arm-none-eabi/10.3.1/../../../../arm-none-eabi/lib/thumb/v7-m/nofp\libc_nano.a(lib_a-strlen.o)
                              e:/gnu arm embedded toolchain/10 2021.10/bin/../lib/gcc/arm-none-eabi/10.3.1/../../../../arm-none-eabi/lib/thumb/v7-m/nofp\libc_nano.a(lib_a-nano-vfprintf_float.o) (strlen)
e:/gnu arm embedded toolchain/10 2021.10/bin/../lib/gcc/arm-none-eabi/10.3.1/../../../../arm-none-eabi/lib/thumb/v7-m/nofp\libc_nano.a(lib_a-wbuf.o)
                              e:/gnu arm embedded toolchain/10 2021.10/bin/../lib/gcc/arm-none-eabi/10.3.1/../../../../arm-none-eabi/lib/thumb/v7-m/nofp\libc_nano.a(lib_a-puts.o) (__swbuf_r)
e:/gnu arm embedded toolchain/10 2021.10/bin/../lib/gcc/arm-none-eabi/10.3.1/../../../../arm-none-eabi/lib/thumb/v7-m/nofp\libc_nano.a(lib_a-wsetup.o)
                              e:/gnu arm embedded toolchain/10 2021.10/bin/../lib/gcc/arm-none-eabi/10.3.1/../../../../arm-none-eabi/lib/thumb/v7-m/nofp\libc_nano.a(lib_a-puts.o) (__swsetup_r)
e:/gnu arm embedded toolchain/10 2021.10/bin/../lib/gcc/arm-none-eabi/10.3.1/../../../../arm-none-eabi/lib/thumb/v7-m/nofp\libc_nano.a(lib_a-dtoa.o)
                              e:/gnu arm embedded toolchain/10 2021.10/bin/../lib/gcc/arm-none-eabi/10.3.1/../../../../arm-none-eabi/lib/thumb/v7-m/nofp\libc_nano.a(lib_a-nano-vfprintf_float.o) (_dtoa_r)
e:/gnu arm embedded toolchain/10 2021.10/bin/../lib/gcc/arm-none-eabi/10.3.1/../../../../arm-none-eabi/lib/thumb/v7-m/nofp\libc_nano.a(lib_a-fflush.o)
                              e:/gnu arm embedded toolchain/10 2021.10/bin/../lib/gcc/arm-none-eabi/10.3.1/../../../../arm-none-eabi/lib/thumb/v7-m/nofp\libc_nano.a(lib_a-wbuf.o) (_fflush_r)
e:/gnu arm embedded toolchain/10 2021.10/bin/../lib/gcc/arm-none-eabi/10.3.1/../../../../arm-none-eabi/lib/thumb/v7-m/nofp\libc_nano.a(lib_a-findfp.o)
                              e:/gnu arm embedded toolchain/10 2021.10/bin/../lib/gcc/arm-none-eabi/10.3.1/../../../../arm-none-eabi/lib/thumb/v7-m/nofp\libc_nano.a(lib_a-printf.o) (__sinit)
[...]
Memory Configuration

Name             Origin             Length             Attributes
RAM              0x20000000         0x00010000         xrw
FLASH            0x08000000         0x00060000         xr
*default*        0x00000000         0xffffffff

Linker script and memory map

LOAD e:/gnu arm embedded toolchain/10 2021.10/bin/../lib/gcc/arm-none-eabi/10.3.1/thumb/v7-m/nofp/crti.o
LOAD e:/gnu arm embedded toolchain/10 2021.10/bin/../lib/gcc/arm-none-eabi/10.3.1/thumb/v7-m/nofp/crtbegin.o
LOAD e:/gnu arm embedded toolchain/10 2021.10/bin/../lib/gcc/arm-none-eabi/10.3.1/../../../../arm-none-eabi/lib/thumb/v7-m/nofp/crt0.o
LOAD build/main.o
LOAD build/stm32f1xx_it.o
LOAD build/stm32f1xx_hal_msp.o
LOAD build/usb_device.o
LOAD build/usbd_conf.o
LOAD build/usbd_desc.o
LOAD build/usbd_cdc_if.o
LOAD build/usart.o
LOAD build/ringbuf.o
LOAD build/syringe.o
LOAD build/timeout.o
LOAD build/tim.o
LOAD build/stm32f1xx_hal_gpio_ex.o
LOAD build/stm32f1xx_hal_tim.o
LOAD build/stm32f1xx_hal_tim_ex.o
LOAD build/stm32f1xx_hal.o
LOAD build/stm32f1xx_hal_rcc.o
LOAD build/stm32f1xx_hal_rcc_ex.o
LOAD build/stm32f1xx_hal_gpio.o
LOAD build/stm32f1xx_hal_dma.o
LOAD build/stm32f1xx_hal_cortex.o
LOAD build/stm32f1xx_hal_pwr.o
LOAD build/stm32f1xx_hal_flash.o
LOAD build/stm32f1xx_hal_flash_ex.o
LOAD build/stm32f1xx_hal_exti.o
LOAD build/stm32f1xx_hal_uart.o
LOAD build/stm32f1xx_hal_pcd.o
LOAD build/stm32f1xx_hal_pcd_ex.o
LOAD build/stm32f1xx_ll_usb.o
LOAD build/usbd_core.o
LOAD build/usbd_ctlreq.o
LOAD build/usbd_ioreq.o
LOAD build/usbd_cdc.o
LOAD build/system_stm32f1xx.o
LOAD build/mbfunccoils.o
LOAD build/mbfuncdiag.o
LOAD build/mbfuncdisc.o
LOAD build/mbfuncholding.o
LOAD build/mbfuncinput.o
LOAD build/mbfuncother.o
LOAD build/mbutils.o
LOAD build/mbcrc.o
LOAD build/mbrtu.o
LOAD build/mb.o
LOAD build/user_mb_app.o
LOAD build/portcritical.o
LOAD build/portevent.o
LOAD build/portserial.o
LOAD build/porttimer.o
LOAD build/mb_m.o
LOAD build/mbrtu_m.o
LOAD build/user_mb_app_m.o
LOAD build/mbfunccoils_m.o
LOAD build/mbfuncdisc_m.o
LOAD build/mbfuncholding_m.o
LOAD build/mbfuncinput_m.o
LOAD build/portevent_m.o
LOAD build/portserial_m.o
LOAD build/porttimer_m.o
LOAD build/stm32f1xx_hal_iwdg.o
LOAD build/startup_stm32f103xe.o
LOAD e:/gnu arm embedded toolchain/10 2021.10/bin/../lib/gcc/arm-none-eabi/10.3.1/../../../../arm-none-eabi/lib/thumb/v7-m/nofp\libc_nano.a
LOAD e:/gnu arm embedded toolchain/10 2021.10/bin/../lib/gcc/arm-none-eabi/10.3.1/../../../../arm-none-eabi/lib/thumb/v7-m/nofp\libm.a
LOAD e:/gnu arm embedded toolchain/10 2021.10/bin/../lib/gcc/arm-none-eabi/10.3.1/../../../../arm-none-eabi/lib/thumb/v7-m/nofp\libnosys.a
START GROUP
LOAD e:/gnu arm embedded toolchain/10 2021.10/bin/../lib/gcc/arm-none-eabi/10.3.1/thumb/v7-m/nofp\libgcc.a
LOAD e:/gnu arm embedded toolchain/10 2021.10/bin/../lib/gcc/arm-none-eabi/10.3.1/../../../../arm-none-eabi/lib/thumb/v7-m/nofp\libc_nano.a
END GROUP
START GROUP
LOAD e:/gnu arm embedded toolchain/10 2021.10/bin/../lib/gcc/arm-none-eabi/10.3.1/thumb/v7-m/nofp\libgcc.a
LOAD e:/gnu arm embedded toolchain/10 2021.10/bin/../lib/gcc/arm-none-eabi/10.3.1/../../../../arm-none-eabi/lib/thumb/v7-m/nofp\libc_nano.a
END GROUP
LOAD e:/gnu arm embedded toolchain/10 2021.10/bin/../lib/gcc/arm-none-eabi/10.3.1/thumb/v7-m/nofp/crtend.o
LOAD e:/gnu arm embedded toolchain/10 2021.10/bin/../lib/gcc/arm-none-eabi/10.3.1/thumb/v7-m/nofp/crtn.o
                0x20010000                _estack = (ORIGIN (RAM) + LENGTH (RAM))
                0x00000200                _Min_Heap_Size = 0x200
                0x00000400                _Min_Stack_Size = 0x400

.isr_vector     0x08000000      0x1e4
                0x08000000                . = ALIGN (0x4)
 *(.isr_vector)
 .isr_vector    0x08000000      0x1e4 build/startup_stm32f103xe.o
                0x08000000                g_pfnVectors
                0x080001e4                . = ALIGN (0x4)

.text           0x080001e8     0x9078
                0x080001e8                . = ALIGN (0x4)
 *(.text)
 .text          0x080001e8       0x40 e:/gnu arm embedded toolchain/10 2021.10/bin/../lib/gcc/arm-none-eabi/10.3.1/thumb/v7-m/nofp/crtbegin.o
 .text          0x08000228       0x10 e:/gnu arm embedded toolchain/10 2021.10/bin/../lib/gcc/arm-none-eabi/10.3.1/../../../../arm-none-eabi/lib/thumb/v7-m/nofp\libc_nano.a(lib_a-strlen.o)
                0x08000228                strlen
 .text          0x08000238      0x378 e:/gnu arm embedded toolchain/10 2021.10/bin/../lib/gcc/arm-none-eabi/10.3.1/thumb/v7-m/nofp\libgcc.a(_arm_addsubdf3.o)
                0x08000238                __aeabi_drsub
                0x08000240                __aeabi_dsub
                0x08000240                __subdf3
                0x08000244                __aeabi_dadd
                0x08000244                __adddf3
                0x080004bc                __floatunsidf
                0x080004bc                __aeabi_ui2d
                0x080004dc                __floatsidf
                0x080004dc                __aeabi_i2d
                0x08000500                __aeabi_f2d
                0x08000500                __extendsfdf2
                0x08000544                __floatundidf
                0x08000544                __aeabi_ul2d
                0x08000554                __floatdidf
                0x08000554                __aeabi_l2d
 .text          0x080005b0      0x424 e:/gnu arm embedded toolchain/10 2021.10/bin/../lib/gcc/arm-none-eabi/10.3.1/thumb/v7-m/nofp\libgcc.a(_arm_muldivdf3.o)
                0x080005b0                __aeabi_dmul
                0x080005b0                __muldf3
                0x08000804                __divdf3
                0x08000804                __aeabi_ddiv
 .text          0x080009d4      0x110 e:/gnu arm embedded toolchain/10 2021.10/bin/../lib/gcc/arm-none-eabi/10.3.1/thumb/v7-m/nofp\libgcc.a(_arm_cmpdf2.o)
                0x080009d4                __gtdf2
                0x080009d4                __gedf2
                0x080009dc                __ltdf2
                0x080009dc                __ledf2
                0x080009e4                __nedf2
                0x080009e4                __eqdf2
                0x080009e4                __cmpdf2
                0x08000a60                __aeabi_cdrcmple
                0x08000a70                __aeabi_cdcmpeq
                0x08000a70                __aeabi_cdcmple
                0x08000a80                __aeabi_dcmpeq
                0x08000a94                __aeabi_dcmplt
                0x08000aa8                __aeabi_dcmple
                0x08000abc                __aeabi_dcmpge
                0x08000ad0                __aeabi_dcmpgt
 .text          0x08000ae4       0x2c e:/gnu arm embedded toolchain/10 2021.10/bin/../lib/gcc/arm-none-eabi/10.3.1/thumb/v7-m/nofp\libgcc.a(_arm_unorddf2.o)
                0x08000ae4                __unorddf2
                0x08000ae4                __aeabi_dcmpun
 .text          0x08000b10       0x50 e:/gnu arm embedded toolchain/10 2021.10/bin/../lib/gcc/arm-none-eabi/10.3.1/thumb/v7-m/nofp\libgcc.a(_arm_fixdfsi.o)
                0x08000b10                __aeabi_d2iz
                0x08000b10                __fixdfsi
 *(.text*)
 .text.MX_GPIO_Init
                0x08000b60       0x30 build/main.o
 .text._write   0x08000b90       0x22 build/main.o
                0x08000b90                _write
 .text.Error_Handler
                0x08000bb2        0x4 build/main.o
                0x08000bb2                Error_Handler
 .text.SystemClock_Config
                0x08000bb6       0x88 build/main.o
                0x08000bb6                SystemClock_Config
 *fill*         0x08000c3e        0x2 
 .text.main     0x08000c40       0x80 build/main.o
                0x08000c40                main
 .text.NMI_Handler
                0x08000cc0        0x2 build/stm32f1xx_it.o
                0x08000cc0                NMI_Handler
 .text.HardFault_Handler
                0x08000cc2        0x2 build/stm32f1xx_it.o
                0x08000cc2                HardFault_Handler
 .text.MemManage_Handler
                0x08000cc4        0x2 build/stm32f1xx_it.o
                0x08000cc4                MemManage_Handler
 .text.BusFault_Handler
                0x08000cc6        0x2 build/stm32f1xx_it.o
                0x08000cc6                BusFault_Handler
 .text.UsageFault_Handler
                0x08000cc8        0x2 build/stm32f1xx_it.o
                0x08000cc8                UsageFault_Handler
 .text.SVC_Handler
                0x08000cca        0x2 build/stm32f1xx_it.o
                0x08000cca                SVC_Handler
 .text.DebugMon_Handler
                0x08000ccc        0x2 build/stm32f1xx_it.o
                0x08000ccc                DebugMon_Handler
 .text.PendSV_Handler
                0x08000cce        0x2 build/stm32f1xx_it.o
                0x08000cce                PendSV_Handler
 .text.SysTick_Handler
                0x08000cd0        0x8 build/stm32f1xx_it.o
                0x08000cd0                SysTick_Handler
 .text.TIM3_IRQHandler
                0x08000cd8       0x10 build/stm32f1xx_it.o
                0x08000cd8                TIM3_IRQHandler
 .text.USART2_IRQHandler
                0x08000ce8       0x10 build/stm32f1xx_it.o
                0x08000ce8                USART2_IRQHandler
 .text.USB_LP_CAN1_RX0_IRQHandler
                0x08000cf8       0x10 build/stm32f1xx_it.o
                0x08000cf8                USB_LP_CAN1_RX0_IRQHandler
 .text.HAL_MspInit
                0x08000d08       0x44 build/stm32f1xx_hal_msp.o
                0x08000d08                HAL_MspInit
 .text.HAL_TIM_Base_MspInit
                0x08000d4c       0x40 build/stm32f1xx_hal_msp.o
                0x08000d4c                HAL_TIM_Base_MspInit
 .text.HAL_UART_MspInit
                0x08000d8c       0x88 build/stm32f1xx_hal_msp.o
                0x08000d8c                HAL_UART_MspInit
 .text.USB_GPIO_Init
                0x08000e14       0x54 build/usb_device.o
 .text.MX_USB_DEVICE_Init
                0x08000e68       0x7c build/usb_device.o
                0x08000e68                MX_USB_DEVICE_Init
 .text.USBD_Get_USB_Status
                0x08000ee4       0x14 build/usbd_conf.o
 .text.HAL_PCD_MspInit
                0x08000ef8       0x40 build/usbd_conf.o
                0x08000ef8                HAL_PCD_MspInit
 .text.HAL_PCD_SetupStageCallback
                0x08000f38       0x10 build/usbd_conf.o
                0x08000f38                HAL_PCD_SetupStageCallback
 .text.HAL_PCD_DataOutStageCallback
                0x08000f48       0x18 build/usbd_conf.o
                0x08000f48                HAL_PCD_DataOutStageCallback
 .text.HAL_PCD_DataInStageCallback
                0x08000f60       0x16 build/usbd_conf.o
                0x08000f60                HAL_PCD_DataInStageCallback
 .text.HAL_PCD_SOFCallback
                0x08000f76        0xc build/usbd_conf.o
                0x08000f76                HAL_PCD_SOFCallback
 .text.HAL_PCD_ResetCallback
                0x08000f82       0x24 build/usbd_conf.o
                0x08000f82                HAL_PCD_ResetCallback
 *fill*         0x08000fa6        0x2 
 .text.HAL_PCD_SuspendCallback
                0x08000fa8       0x20 build/usbd_conf.o
                0x08000fa8                HAL_PCD_SuspendCallback
 .text.HAL_PCD_ResumeCallback
                0x08000fc8        0xc build/usbd_conf.o
                0x08000fc8                HAL_PCD_ResumeCallback
 .text.USBD_LL_Init
                0x08000fd4       0x84 build/usbd_conf.o
                0x08000fd4                USBD_LL_Init
 .text.USBD_LL_Start
                0x08001058       0x10 build/usbd_conf.o
                0x08001058                USBD_LL_Start
 .text.USBD_LL_OpenEP
                0x08001068       0x16 build/usbd_conf.o
                0x08001068                USBD_LL_OpenEP
 .text.USBD_LL_CloseEP
                0x0800107e       0x10 build/usbd_conf.o
                0x0800107e                USBD_LL_CloseEP
 .text.USBD_LL_StallEP
                0x0800108e       0x10 build/usbd_conf.o
                0x0800108e                USBD_LL_StallEP
 .text.USBD_LL_ClearStallEP
                0x0800109e       0x10 build/usbd_conf.o
                0x0800109e                USBD_LL_ClearStallEP
 .text.USBD_LL_IsStallEP
                0x080010ae       0x2e build/usbd_conf.o
                0x080010ae                USBD_LL_IsStallEP
 .text.USBD_LL_SetUSBAddress
                0x080010dc       0x10 build/usbd_conf.o
                0x080010dc                USBD_LL_SetUSBAddress
 .text.USBD_LL_Transmit
                0x080010ec       0x10 build/usbd_conf.o
                0x080010ec                USBD_LL_Transmit
 .text.USBD_LL_PrepareReceive
                0x080010fc       0x10 build/usbd_conf.o
                0x080010fc                USBD_LL_PrepareReceive
 .text.USBD_LL_GetRxDataSize
                0x0800110c        0xc build/usbd_conf.o
                0x0800110c                USBD_LL_GetRxDataSize
 .text.USBD_static_malloc
                0x08001118        0x8 build/usbd_conf.o
                0x08001118                USBD_static_malloc
 .text.USBD_static_free
                0x08001120        0x2 build/usbd_conf.o
                0x08001120                USBD_static_free
 .text.HAL_PCDEx_SetConnectionState
                0x08001122        0x2 build/usbd_conf.o
                0x08001122                HAL_PCDEx_SetConnectionState
 .text.USBD_FS_DeviceDescriptor
                0x08001124        0xc build/usbd_desc.o
                0x08001124                USBD_FS_DeviceDescriptor
 .text.USBD_FS_LangIDStrDescriptor
                0x08001130        0xc build/usbd_desc.o
                0x08001130                USBD_FS_LangIDStrDescriptor
 .text.IntToUnicode
                0x0800113c       0x46 build/usbd_desc.o
 *fill*         0x08001182        0x2 
 .text.Get_SerialNum
                0x08001184       0x38 build/usbd_desc.o
 .text.USBD_FS_SerialStrDescriptor
                0x080011bc       0x14 build/usbd_desc.o
                0x080011bc                USBD_FS_SerialStrDescriptor
 .text.USBD_FS_ProductStrDescriptor
                0x080011d0       0x24 build/usbd_desc.o
                0x080011d0                USBD_FS_ProductStrDescriptor
 .text.USBD_FS_ManufacturerStrDescriptor
                0x080011f4       0x1c build/usbd_desc.o
                0x080011f4                USBD_FS_ManufacturerStrDescriptor
 .text.USBD_FS_ConfigStrDescriptor
                0x08001210       0x24 build/usbd_desc.o
                0x08001210                USBD_FS_ConfigStrDescriptor
 .text.USBD_FS_InterfaceStrDescriptor
                0x08001234       0x24 build/usbd_desc.o
                0x08001234                USBD_FS_InterfaceStrDescriptor
 .text.CDC_DeInit_FS
                0x08001258        0x4 build/usbd_cdc_if.o
 .text.CDC_Control_FS
                0x0800125c        0x4 build/usbd_cdc_if.o
 .text.CDC_Receive_FS
                0x08001260       0x1c build/usbd_cdc_if.o
 .text.CDC_Init_FS
                0x0800127c       0x28 build/usbd_cdc_if.o
 .text.CDC_Transmit_FS
                0x080012a4       0x2c build/usbd_cdc_if.o
                0x080012a4                CDC_Transmit_FS
 .text.MX_USART2_UART_Init
                0x080012d0       0x34 build/usart.o
                0x080012d0                MX_USART2_UART_Init
 .text.HAL_UART_RxCpltCallback
                0x08001304       0x38 build/usart.o
                0x08001304                HAL_UART_RxCpltCallback
 .text.HAL_UART_TxCpltCallback
                0x0800133c       0x24 build/usart.o
                0x0800133c                HAL_UART_TxCpltCallback
 .text.MX_TIM3_Init
                0x08001360       0x6c build/tim.o
                0x08001360                MX_TIM3_Init
 .text.HAL_TIM_PeriodElapsedCallback
                0x080013cc       0x18 build/tim.o
                0x080013cc                HAL_TIM_PeriodElapsedCallback
 .text.TIM_TI1_ConfigInputStage
                0x080013e4       0x24 build/stm32f1xx_hal_tim.o
 .text.TIM_TI2_ConfigInputStage
                0x08001408       0x26 build/stm32f1xx_hal_tim.o
 .text.TIM_ITRx_SetConfig
                0x0800142e       0x10 build/stm32f1xx_hal_tim.o
 *fill*         0x0800143e        0x2 
 .text.HAL_TIM_Base_Start_IT
                0x08001440       0x78 build/stm32f1xx_hal_tim.o
                0x08001440                HAL_TIM_Base_Start_IT
 .text.HAL_TIM_Base_Stop_IT
                0x080014b8       0x32 build/stm32f1xx_hal_tim.o
                0x080014b8                HAL_TIM_Base_Stop_IT
 .text.HAL_TIM_OC_DelayElapsedCallback
                0x080014ea        0x2 build/stm32f1xx_hal_tim.o
                0x080014ea                HAL_TIM_OC_DelayElapsedCallback
 .text.HAL_TIM_IC_CaptureCallback
                0x080014ec        0x2 build/stm32f1xx_hal_tim.o
                0x080014ec                HAL_TIM_IC_CaptureCallback
 .text.HAL_TIM_PWM_PulseFinishedCallback
                0x080014ee        0x2 build/stm32f1xx_hal_tim.o
                0x080014ee                HAL_TIM_PWM_PulseFinishedCallback
 .text.HAL_TIM_TriggerCallback
                0x080014f0        0x2 build/stm32f1xx_hal_tim.o
                0x080014f0                HAL_TIM_TriggerCallback
 .text.HAL_TIM_IRQHandler
                0x080014f2      0x17a build/stm32f1xx_hal_tim.o
                0x080014f2                HAL_TIM_IRQHandler
 .text.TIM_Base_SetConfig
                0x0800166c       0x98 build/stm32f1xx_hal_tim.o
                0x0800166c                TIM_Base_SetConfig
 .text.HAL_TIM_Base_Init
                0x08001704       0x58 build/stm32f1xx_hal_tim.o
                0x08001704                HAL_TIM_Base_Init
 .text.TIM_ETR_SetConfig
                0x0800175c       0x18 build/stm32f1xx_hal_tim.o
                0x0800175c                TIM_ETR_SetConfig
 .text.HAL_TIM_ConfigClockSource
                0x08001774       0xda build/stm32f1xx_hal_tim.o
                0x08001774                HAL_TIM_ConfigClockSource
 *fill*         0x0800184e        0x2 
 .text.HAL_TIMEx_MasterConfigSynchronization
                0x08001850       0x7c build/stm32f1xx_hal_tim_ex.o
                0x08001850                HAL_TIMEx_MasterConfigSynchronization
 .text.HAL_TIMEx_CommutCallback
                0x080018cc        0x2 build/stm32f1xx_hal_tim_ex.o
                0x080018cc                HAL_TIMEx_CommutCallback
 .text.HAL_TIMEx_BreakCallback
                0x080018ce        0x2 build/stm32f1xx_hal_tim_ex.o
                0x080018ce                HAL_TIMEx_BreakCallback
 .text.HAL_InitTick
                0x080018d0       0x4c build/stm32f1xx_hal.o
                0x080018d0                HAL_InitTick
 .text.HAL_Init
                0x0800191c       0x24 build/stm32f1xx_hal.o
                0x0800191c                HAL_Init
 .text.HAL_IncTick
                0x08001940       0x18 build/stm32f1xx_hal.o
                0x08001940                HAL_IncTick
 .text.HAL_GetTick
                0x08001958        0xc build/stm32f1xx_hal.o
                0x08001958                HAL_GetTick
 .text.HAL_Delay
                0x08001964       0x28 build/stm32f1xx_hal.o
                0x08001964                HAL_Delay
 .text.RCC_Delay
                0x0800198c       0x2c build/stm32f1xx_hal_rcc.o
 .text.HAL_RCC_OscConfig
                0x080019b8      0x410 build/stm32f1xx_hal_rcc.o
                0x080019b8                HAL_RCC_OscConfig
 .text.HAL_RCC_GetSysClockFreq
                0x08001dc8       0x70 build/stm32f1xx_hal_rcc.o
                0x08001dc8                HAL_RCC_GetSysClockFreq
 .text.HAL_RCC_ClockConfig
                0x08001e38      0x16c build/stm32f1xx_hal_rcc.o
                0x08001e38                HAL_RCC_ClockConfig
 .text.HAL_RCC_GetHCLKFreq
                0x08001fa4        0xc build/stm32f1xx_hal_rcc.o
                0x08001fa4                HAL_RCC_GetHCLKFreq
 .text.HAL_RCC_GetPCLK1Freq
                0x08001fb0       0x20 build/stm32f1xx_hal_rcc.o
                0x08001fb0                HAL_RCC_GetPCLK1Freq
 .text.HAL_RCC_GetPCLK2Freq
                0x08001fd0       0x20 build/stm32f1xx_hal_rcc.o
                0x08001fd0                HAL_RCC_GetPCLK2Freq
 .text.HAL_RCCEx_PeriphCLKConfig
                0x08001ff0      0x118 build/stm32f1xx_hal_rcc_ex.o
                0x08001ff0                HAL_RCCEx_PeriphCLKConfig
 .text.HAL_GPIO_Init
                0x08002108      0x240 build/stm32f1xx_hal_gpio.o
                0x08002108                HAL_GPIO_Init
 .text.HAL_GPIO_WritePin
                0x08002348        0xc build/stm32f1xx_hal_gpio.o
                0x08002348                HAL_GPIO_WritePin
 .text.HAL_DMA_Abort
                0x08002354       0x44 build/stm32f1xx_hal_dma.o
                0x08002354                HAL_DMA_Abort
 .text.HAL_DMA_Abort_IT
                0x08002398      0x168 build/stm32f1xx_hal_dma.o
                0x08002398                HAL_DMA_Abort_IT
 .text.HAL_NVIC_SetPriorityGrouping
                0x08002500       0x24 build/stm32f1xx_hal_cortex.o
                0x08002500                HAL_NVIC_SetPriorityGrouping
 .text.HAL_NVIC_SetPriority
                0x08002524       0x70 build/stm32f1xx_hal_cortex.o
                0x08002524                HAL_NVIC_SetPriority
 .text.HAL_NVIC_EnableIRQ
                0x08002594       0x1c build/stm32f1xx_hal_cortex.o
                0x08002594                HAL_NVIC_EnableIRQ
 .text.HAL_SYSTICK_Config
                0x080025b0       0x28 build/stm32f1xx_hal_cortex.o
                0x080025b0                HAL_SYSTICK_Config
 .text.UART_EndRxTransfer
                0x080025d8       0x32 build/stm32f1xx_hal_uart.o
 .text.UART_Transmit_IT
                0x0800260a       0x60 build/stm32f1xx_hal_uart.o
 *fill*         0x0800266a        0x2 
 .text.UART_SetConfig
                0x0800266c       0x94 build/stm32f1xx_hal_uart.o
 .text.HAL_UART_Init
                0x08002700       0x5e build/stm32f1xx_hal_uart.o
                0x08002700                HAL_UART_Init
 .text.HAL_UART_Transmit_IT
                0x0800275e       0x4e build/stm32f1xx_hal_uart.o
                0x0800275e                HAL_UART_Transmit_IT
 .text.UART_EndTransmit_IT
                0x080027ac       0x1a build/stm32f1xx_hal_uart.o
 .text.HAL_UART_ErrorCallback
                0x080027c6        0x2 build/stm32f1xx_hal_uart.o
                0x080027c6                HAL_UART_ErrorCallback
 .text.UART_DMAAbortOnError
                0x080027c8       0x10 build/stm32f1xx_hal_uart.o
 .text.HAL_UART_AbortTransmitCpltCallback
                0x080027d8        0x2 build/stm32f1xx_hal_uart.o
                0x080027d8                HAL_UART_AbortTransmitCpltCallback
 *fill*         0x080027da        0x2 
 .text.HAL_UART_AbortTransmit_IT
                0x080027dc       0x60 build/stm32f1xx_hal_uart.o
                0x080027dc                HAL_UART_AbortTransmit_IT
 .text.UART_DMATxOnlyAbortCallback
                0x0800283c       0x14 build/stm32f1xx_hal_uart.o
 .text.HAL_UART_AbortReceiveCpltCallback
                0x08002850        0x2 build/stm32f1xx_hal_uart.o
                0x08002850                HAL_UART_AbortReceiveCpltCallback
 *fill*         0x08002852        0x2 
 .text.HAL_UART_AbortReceive_IT
                0x08002854       0x84 build/stm32f1xx_hal_uart.o
                0x08002854                HAL_UART_AbortReceive_IT
 .text.UART_DMARxOnlyAbortCallback
                0x080028d8       0x16 build/stm32f1xx_hal_uart.o
 .text.HAL_UARTEx_RxEventCallback
                0x080028ee        0x2 build/stm32f1xx_hal_uart.o
                0x080028ee                HAL_UARTEx_RxEventCallback
 .text.UART_Receive_IT
                0x080028f0       0xd4 build/stm32f1xx_hal_uart.o
 .text.HAL_UART_IRQHandler
                0x080029c4      0x204 build/stm32f1xx_hal_uart.o
                0x080029c4                HAL_UART_IRQHandler
 .text.UART_Start_Receive_IT
                0x08002bc8       0x36 build/stm32f1xx_hal_uart.o
                0x08002bc8                UART_Start_Receive_IT
 .text.HAL_UART_Receive_IT
                0x08002bfe       0x38 build/stm32f1xx_hal_uart.o
                0x08002bfe                HAL_UART_Receive_IT
 .text.HAL_PCD_EP_DB_Receive
                0x08002c36      0x11c build/stm32f1xx_hal_pcd.o
 .text.HAL_PCD_Init
                0x08002d52      0x118 build/stm32f1xx_hal_pcd.o
                0x08002d52                HAL_PCD_Init
 .text.HAL_PCD_Start
                0x08002e6a       0x32 build/stm32f1xx_hal_pcd.o
                0x08002e6a                HAL_PCD_Start
 .text.HAL_PCD_EP_DB_Transmit
                0x08002e9c      0x420 build/stm32f1xx_hal_pcd.o
 .text.PCD_EP_ISR_Handler
                0x080032bc      0x438 build/stm32f1xx_hal_pcd.o
 .text.HAL_PCD_SetAddress
                0x080036f4       0x28 build/stm32f1xx_hal_pcd.o
                0x080036f4                HAL_PCD_SetAddress
 .text.HAL_PCD_IRQHandler
                0x0800371c      0x1d4 build/stm32f1xx_hal_pcd.o
                0x0800371c                HAL_PCD_IRQHandler
 .text.HAL_PCD_EP_Open
                0x080038f0       0x84 build/stm32f1xx_hal_pcd.o
                0x080038f0                HAL_PCD_EP_Open
 .text.HAL_PCD_EP_Close
                0x08003974       0x64 build/stm32f1xx_hal_pcd.o
                0x08003974                HAL_PCD_EP_Close
 .text.HAL_PCD_EP_Receive
                0x080039d8       0x44 build/stm32f1xx_hal_pcd.o
                0x080039d8                HAL_PCD_EP_Receive
 .text.HAL_PCD_EP_GetRxCount
                0x08003a1c       0x12 build/stm32f1xx_hal_pcd.o
                0x08003a1c                HAL_PCD_EP_GetRxCount
 .text.HAL_PCD_EP_Transmit
                0x08003a2e       0x50 build/stm32f1xx_hal_pcd.o
                0x08003a2e                HAL_PCD_EP_Transmit
 .text.HAL_PCD_EP_SetStall
                0x08003a7e       0x78 build/stm32f1xx_hal_pcd.o
                0x08003a7e                HAL_PCD_EP_SetStall
 .text.HAL_PCD_EP_ClrStall
                0x08003af6       0x76 build/stm32f1xx_hal_pcd.o
                0x08003af6                HAL_PCD_EP_ClrStall
 .text.HAL_PCDEx_PMAConfig
                0x08003b6c       0x38 build/stm32f1xx_hal_pcd_ex.o
                0x08003b6c                HAL_PCDEx_PMAConfig
 .text.USB_CoreInit
                0x08003ba4        0xe build/stm32f1xx_ll_usb.o
                0x08003ba4                USB_CoreInit
 .text.USB_EnableGlobalInt
                0x08003bb2       0x12 build/stm32f1xx_ll_usb.o
                0x08003bb2                USB_EnableGlobalInt
 .text.USB_DisableGlobalInt
                0x08003bc4       0x14 build/stm32f1xx_ll_usb.o
                0x08003bc4                USB_DisableGlobalInt
 .text.USB_SetCurrentMode
                0x08003bd8        0x4 build/stm32f1xx_ll_usb.o
                0x08003bd8                USB_SetCurrentMode
 .text.USB_DevInit
                0x08003bdc       0x22 build/stm32f1xx_ll_usb.o
                0x08003bdc                USB_DevInit
 .text.USB_ActivateEndpoint
                0x08003bfe      0x378 build/stm32f1xx_ll_usb.o
                0x08003bfe                USB_ActivateEndpoint
 .text.USB_DeactivateEndpoint
                0x08003f76      0x1d6 build/stm32f1xx_ll_usb.o
                0x08003f76                USB_DeactivateEndpoint
 .text.USB_EPSetStall
                0x0800414c       0x4a build/stm32f1xx_ll_usb.o
                0x0800414c                USB_EPSetStall
 .text.USB_EPClearStall
                0x08004196       0xa2 build/stm32f1xx_ll_usb.o
                0x08004196                USB_EPClearStall
 .text.USB_SetDevAddress
                0x08004238        0xc build/stm32f1xx_ll_usb.o
                0x08004238                USB_SetDevAddress
 .text.USB_DevConnect
                0x08004244        0x4 build/stm32f1xx_ll_usb.o
                0x08004244                USB_DevConnect
 .text.USB_DevDisconnect
                0x08004248        0x4 build/stm32f1xx_ll_usb.o
                0x08004248                USB_DevDisconnect
 .text.USB_ReadInterrupts
                0x0800424c        0x8 build/stm32f1xx_ll_usb.o
                0x0800424c                USB_ReadInterrupts
 .text.USB_EP0_OutStart
                0x08004254        0x4 build/stm32f1xx_ll_usb.o
                0x08004254                USB_EP0_OutStart
 .text.USB_WritePMA
                0x08004258       0x28 build/stm32f1xx_ll_usb.o
                0x08004258                USB_WritePMA
 .text.USB_EPStartXfer
                0x08004280      0x8b2 build/stm32f1xx_ll_usb.o
                0x08004280                USB_EPStartXfer
 .text.USB_ReadPMA
                0x08004b32       0x30 build/stm32f1xx_ll_usb.o
                0x08004b32                USB_ReadPMA
 .text.USBD_Init
                0x08004b62       0x2e build/usbd_core.o
                0x08004b62                USBD_Init
 .text.USBD_RegisterClass
                0x08004b90        0xe build/usbd_core.o
                0x08004b90                USBD_RegisterClass
 .text.USBD_Start
                0x08004b9e        0xa build/usbd_core.o
                0x08004b9e                USBD_Start
 .text.USBD_SetClassConfig
                0x08004ba8       0x18 build/usbd_core.o
                0x08004ba8                USBD_SetClassConfig
 .text.USBD_ClrClassConfig
                0x08004bc0        0xe build/usbd_core.o
                0x08004bc0                USBD_ClrClassConfig
 .text.USBD_LL_SetupStage
                0x08004bce       0x5a build/usbd_core.o
                0x08004bce                USBD_LL_SetupStage
 .text.USBD_LL_DataOutStage
                0x08004c28       0x8c build/usbd_core.o
                0x08004c28                USBD_LL_DataOutStage
 .text.USBD_LL_DataInStage
                0x08004cb4       0xd0 build/usbd_core.o
                0x08004cb4                USBD_LL_DataInStage
 .text.USBD_LL_Reset
                0x08004d84       0x50 build/usbd_core.o
                0x08004d84                USBD_LL_Reset
 .text.USBD_LL_SetSpeed
                0x08004dd4        0x6 build/usbd_core.o
                0x08004dd4                USBD_LL_SetSpeed
 .text.USBD_LL_Suspend
                0x08004dda       0x12 build/usbd_core.o
                0x08004dda                USBD_LL_Suspend
 .text.USBD_LL_Resume
                0x08004dec       0x16 build/usbd_core.o
                0x08004dec                USBD_LL_Resume
 .text.USBD_LL_SOF
                0x08004e02       0x1c build/usbd_core.o
                0x08004e02                USBD_LL_SOF
 .text.USBD_GetLen
                0x08004e1e       0x14 build/usbd_ctlreq.o
 .text.USBD_SetFeature
                0x08004e32       0x14 build/usbd_ctlreq.o
 .text.USBD_ParseSetupRequest
                0x08004e46       0x28 build/usbd_ctlreq.o
                0x08004e46                USBD_ParseSetupRequest
 .text.USBD_CtlError
                0x08004e6e       0x14 build/usbd_ctlreq.o
                0x08004e6e                USBD_CtlError
 .text.USBD_GetDescriptor
                0x08004e82      0x186 build/usbd_ctlreq.o
 .text.USBD_SetAddress
                0x08005008       0x4e build/usbd_ctlreq.o
 *fill*         0x08005056        0x2 
 .text.USBD_SetConfig
                0x08005058       0xb0 build/usbd_ctlreq.o
 .text.USBD_GetConfig
                0x08005108       0x3e build/usbd_ctlreq.o
 .text.USBD_GetStatus
                0x08005146       0x38 build/usbd_ctlreq.o
 .text.USBD_ClrFeature
                0x0800517e       0x26 build/usbd_ctlreq.o
 .text.USBD_StdDevReq
                0x080051a4       0x68 build/usbd_ctlreq.o
                0x080051a4                USBD_StdDevReq
 .text.USBD_StdItfReq
                0x0800520c       0x60 build/usbd_ctlreq.o
                0x0800520c                USBD_StdItfReq
 .text.USBD_StdEPReq
                0x0800526c      0x1e2 build/usbd_ctlreq.o
                0x0800526c                USBD_StdEPReq
 .text.USBD_GetString
                0x0800544e       0x3a build/usbd_ctlreq.o
                0x0800544e                USBD_GetString
 .text.USBD_CtlSendData
                0x08005488       0x1a build/usbd_ioreq.o
                0x08005488                USBD_CtlSendData
 .text.USBD_CtlContinueSendData
                0x080054a2       0x10 build/usbd_ioreq.o
                0x080054a2                USBD_CtlContinueSendData
 .text.USBD_CtlPrepareRx
                0x080054b2       0x1e build/usbd_ioreq.o
                0x080054b2                USBD_CtlPrepareRx
 .text.USBD_CtlContinueRx
                0x080054d0       0x10 build/usbd_ioreq.o
                0x080054d0                USBD_CtlContinueRx
 .text.USBD_CtlSendStatus
                0x080054e0       0x16 build/usbd_ioreq.o
                0x080054e0                USBD_CtlSendStatus
 .text.USBD_CtlReceiveStatus
                0x080054f6       0x16 build/usbd_ioreq.o
                0x080054f6                USBD_CtlReceiveStatus
 .text.USBD_CDC_EP0_RxReady
                0x0800550c       0x28 build/usbd_cdc.o
 .text.USBD_CDC_GetFSCfgDesc
                0x08005534        0xc build/usbd_cdc.o
 .text.USBD_CDC_GetHSCfgDesc
                0x08005540        0xc build/usbd_cdc.o
 .text.USBD_CDC_GetOtherSpeedCfgDesc
                0x0800554c        0xc build/usbd_cdc.o
 .text.USBD_CDC_GetDeviceQualifierDescriptor
                0x08005558        0xc build/usbd_cdc.o
                0x08005558                USBD_CDC_GetDeviceQualifierDescriptor
 .text.USBD_CDC_DataOut
                0x08005564       0x2e build/usbd_cdc.o
 .text.USBD_CDC_DataIn
                0x08005592       0x4e build/usbd_cdc.o
 .text.USBD_CDC_Setup
                0x080055e0       0xd6 build/usbd_cdc.o
 .text.USBD_CDC_DeInit
                0x080056b6       0x42 build/usbd_cdc.o
 .text.USBD_CDC_Init
                0x080056f8       0xaa build/usbd_cdc.o
 .text.USBD_CDC_RegisterInterface
                0x080057a2        0xe build/usbd_cdc.o
                0x080057a2                USBD_CDC_RegisterInterface
 .text.USBD_CDC_SetTxBuffer
                0x080057b0       0x10 build/usbd_cdc.o
                0x080057b0                USBD_CDC_SetTxBuffer
 .text.USBD_CDC_SetRxBuffer
                0x080057c0        0xc build/usbd_cdc.o
                0x080057c0                USBD_CDC_SetRxBuffer
 .text.USBD_CDC_TransmitPacket
                0x080057cc       0x34 build/usbd_cdc.o
                0x080057cc                USBD_CDC_TransmitPacket
 .text.USBD_CDC_ReceivePacket
                0x08005800       0x30 build/usbd_cdc.o
                0x08005800                USBD_CDC_ReceivePacket
 .text.SystemInit
                0x08005830        0x2 build/system_stm32f1xx.o
                0x08005830                SystemInit
 *fill*         0x08005832        0x2 
 .text.eMBFuncReportSlaveID
                0x08005834       0x24 build/mbfuncother.o
                0x08005834                eMBFuncReportSlaveID
 .text.xMBUtilSetBits
                0x08005858       0x4a build/mbutils.o
                0x08005858                xMBUtilSetBits
 .text.prveMBError2Exception
                0x080058a2       0x18 build/mbutils.o
                0x080058a2                prveMBError2Exception
 *fill*         0x080058ba        0x2 
 .text.usMBCRC16
                0x080058bc       0x38 build/mbcrc.o
                0x080058bc                usMBCRC16
 .text.__critical_enter
                0x080058f4       0x10 build/portcritical.o
                0x080058f4                __critical_enter
 .text.__critical_exit
                0x08005904       0x14 build/portcritical.o
                0x08005904                __critical_exit
 .text.eMBMasterInit
                0x08005918       0xa4 build/mb_m.o
                0x08005918                eMBMasterInit
 .text.eMBMasterEnable
                0x080059bc       0x24 build/mb_m.o
                0x080059bc                eMBMasterEnable
 .text.vMBMasterSetCBRunInMasterMode
                0x080059e0        0xc build/mb_m.o
                0x080059e0                vMBMasterSetCBRunInMasterMode
 .text.ucMBMasterGetDestAddress
                0x080059ec        0xc build/mb_m.o
                0x080059ec                ucMBMasterGetDestAddress
 .text.vMBMasterSetDestAddress
                0x080059f8        0xc build/mb_m.o
                0x080059f8                vMBMasterSetDestAddress
 .text.eMBMasterGetErrorType
                0x08005a04        0xc build/mb_m.o
                0x08005a04                eMBMasterGetErrorType
 .text.vMBMasterSetErrorType
                0x08005a10        0xc build/mb_m.o
                0x08005a10                vMBMasterSetErrorType
 .text.eMBMasterPoll
                0x08005a1c      0x1e8 build/mb_m.o
                0x08005a1c                eMBMasterPoll
 .text.eMBMasterRTUInit
                0x08005c04       0x50 build/mbrtu_m.o
                0x08005c04                eMBMasterRTUInit
 .text.eMBMasterRTUStart
                0x08005c54       0x20 build/mbrtu_m.o
                0x08005c54                eMBMasterRTUStart
 .text.eMBMasterRTUStop
                0x08005c74       0x18 build/mbrtu_m.o
                0x08005c74                eMBMasterRTUStop
 .text.eMBMasterRTUReceive
                0x08005c8c       0x54 build/mbrtu_m.o
                0x08005c8c                eMBMasterRTUReceive
 .text.eMBMasterRTUSend
                0x08005ce0       0x9c build/mbrtu_m.o
                0x08005ce0                eMBMasterRTUSend
 .text.xMBMasterRTUReceiveFSM
                0x08005d7c       0x98 build/mbrtu_m.o
                0x08005d7c                xMBMasterRTUReceiveFSM
 .text.xMBMasterRTUTransmitFSM
                0x08005e14       0x80 build/mbrtu_m.o
                0x08005e14                xMBMasterRTUTransmitFSM
 .text.xMBMasterRTUTimerExpired
                0x08005e94       0x94 build/mbrtu_m.o
                0x08005e94                xMBMasterRTUTimerExpired
 .text.vMBMasterGetPDUSndBuf
                0x08005f28        0xc build/mbrtu_m.o
                0x08005f28                vMBMasterGetPDUSndBuf
 .text.vMBMasterSetPDUSndLength
                0x08005f34        0xc build/mbrtu_m.o
                0x08005f34                vMBMasterSetPDUSndLength
 .text.usMBMasterGetPDUSndLength
                0x08005f40        0xc build/mbrtu_m.o
                0x08005f40                usMBMasterGetPDUSndLength
 .text.vMBMasterSetCurTimerMode
                0x08005f4c        0xc build/mbrtu_m.o
                0x08005f4c                vMBMasterSetCurTimerMode
 .text.xMBMasterRequestIsBroadcast
                0x08005f58        0xc build/mbrtu_m.o
                0x08005f58                xMBMasterRequestIsBroadcast
 .text.eMBMasterRegInputCB
                0x08005f64       0x5c build/user_mb_app_m.o
                0x08005f64                eMBMasterRegInputCB
 .text.eMBMasterRegHoldingCB
                0x08005fc0       0x60 build/user_mb_app_m.o
                0x08005fc0                eMBMasterRegHoldingCB
 .text.eMBMasterRegCoilsCB
                0x08006020       0x78 build/user_mb_app_m.o
                0x08006020                eMBMasterRegCoilsCB
 .text.eMBMasterRegDiscreteCB
                0x08006098       0x78 build/user_mb_app_m.o
                0x08006098                eMBMasterRegDiscreteCB
 .text.eMBMasterFuncReadCoils
                0x08006110       0x6e build/mbfunccoils_m.o
                0x08006110                eMBMasterFuncReadCoils
 .text.eMBMasterFuncWriteCoil
                0x0800617e       0x60 build/mbfunccoils_m.o
                0x0800617e                eMBMasterFuncWriteCoil
 .text.eMBMasterFuncWriteMultipleCoils
                0x080061de       0x6a build/mbfunccoils_m.o
                0x080061de                eMBMasterFuncWriteMultipleCoils
 .text.eMBMasterFuncReadDiscreteInputs
                0x08006248       0x6c build/mbfuncdisc_m.o
                0x08006248                eMBMasterFuncReadDiscreteInputs
 .text.eMBMasterFuncWriteHoldingRegister
                0x080062b4       0x2c build/mbfuncholding_m.o
                0x080062b4                eMBMasterFuncWriteHoldingRegister
 .text.eMBMasterFuncWriteMultipleHoldingRegister
                0x080062e0       0x52 build/mbfuncholding_m.o
                0x080062e0                eMBMasterFuncWriteMultipleHoldingRegister
 .text.eMBMasterReqReadHoldingRegister
                0x08006332       0x5c build/mbfuncholding_m.o
                0x08006332                eMBMasterReqReadHoldingRegister
 .text.eMBMasterFuncReadHoldingRegister
                0x0800638e       0x5c build/mbfuncholding_m.o
                0x0800638e                eMBMasterFuncReadHoldingRegister
 .text.eMBMasterFuncReadWriteMultipleHoldingRegister
                0x080063ea       0x76 build/mbfuncholding_m.o
                0x080063ea                eMBMasterFuncReadWriteMultipleHoldingRegister
 .text.eMBMasterFuncReadInputRegister
                0x08006460       0x5a build/mbfuncinput_m.o
                0x08006460                eMBMasterFuncReadInputRegister
 *fill*         0x080064ba        0x2 
 .text.xMBMasterPortEventInit
                0x080064bc       0x10 build/portevent_m.o
                0x080064bc                xMBMasterPortEventInit
 .text.xMBMasterPortEventPost
                0x080064cc       0x18 build/portevent_m.o
                0x080064cc                xMBMasterPortEventPost
 .text.xMBMasterPortEventGet
                0x080064e4       0x20 build/portevent_m.o
                0x080064e4                xMBMasterPortEventGet
 .text.vMBMasterOsResInit
                0x08006504        0x2 build/portevent_m.o
                0x08006504                vMBMasterOsResInit
 .text.xMBMasterRunResTake
                0x08006506        0x4 build/portevent_m.o
                0x08006506                xMBMasterRunResTake
 *fill*         0x0800650a        0x2 
 .text.vMBMasterRunResRelease
                0x0800650c        0xc build/portevent_m.o
                0x0800650c                vMBMasterRunResRelease
 .text.vMBMasterErrorCBRespondTimeout
                0x08006518        0xa build/portevent_m.o
                0x08006518                vMBMasterErrorCBRespondTimeout
 .text.vMBMasterErrorCBReceiveData
                0x08006522        0xa build/portevent_m.o
                0x08006522                vMBMasterErrorCBReceiveData
 .text.vMBMasterErrorCBExecuteFunction
                0x0800652c        0xc build/portevent_m.o
                0x0800652c                vMBMasterErrorCBExecuteFunction
 .text.vMBMasterCBRequestScuuess
                0x08006538        0xa build/portevent_m.o
                0x08006538                vMBMasterCBRequestScuuess
 *fill*         0x08006542        0x2 
 .text.eMBMasterWaitRequestFinish
                0x08006544       0x5c build/portevent_m.o
                0x08006544                eMBMasterWaitRequestFinish
 .text.xMBMasterPortSerialInit
                0x080065a0        0xc build/portserial_m.o
                0x080065a0                xMBMasterPortSerialInit
 .text.vMBMasterPortSerialEnable
                0x080065ac       0x3c build/portserial_m.o
                0x080065ac                vMBMasterPortSerialEnable
 .text.xMBMasterPortSerialPutBytes
                0x080065e8       0x18 build/portserial_m.o
                0x080065e8                xMBMasterPortSerialPutBytes
 .text.xMBMasterPortSerialGetByte
                0x08006600       0x10 build/portserial_m.o
                0x08006600                xMBMasterPortSerialGetByte
 .text.MBmaster_uart_rx_handhler
                0x08006610       0x20 build/portserial_m.o
                0x08006610                MBmaster_uart_rx_handhler
 .text.MBmaster_uart_tx_handhler
                0x08006630       0x10 build/portserial_m.o
                0x08006630                MBmaster_uart_tx_handhler
 .text.xMBMasterPortTimersInit
                0x08006640       0x14 build/porttimer_m.o
                0x08006640                xMBMasterPortTimersInit
 .text.vMBMasterPortTimersT35Enable
                0x08006654       0x20 build/porttimer_m.o
                0x08006654                vMBMasterPortTimersT35Enable
 .text.vMBMasterPortTimersConvertDelayEnable
                0x08006674        0xa build/porttimer_m.o
                0x08006674                vMBMasterPortTimersConvertDelayEnable
 .text.vMBMasterPortTimersRespondTimeoutEnable
                0x0800667e        0xa build/porttimer_m.o
                0x0800667e                vMBMasterPortTimersRespondTimeoutEnable
 .text.vMBMasterPortTimersDisable
                0x08006688       0x10 build/porttimer_m.o
                0x08006688                vMBMasterPortTimersDisable
 .text.MBmaster_Timeout
                0x08006698       0x2c build/porttimer_m.o
                0x08006698                MBmaster_Timeout
 .text.Reset_Handler
                0x080066c4       0x48 build/startup_stm32f103xe.o
                0x080066c4                Reset_Handler
 .text.Default_Handler
                0x0800670c        0x2 build/startup_stm32f103xe.o
                0x0800670c                RTC_Alarm_IRQHandler
                0x0800670c                EXTI2_IRQHandler
                0x0800670c                TIM8_TRG_COM_IRQHandler
                0x0800670c                TIM8_CC_IRQHandler
                0x0800670c                TIM1_CC_IRQHandler
                0x0800670c                TIM6_IRQHandler
                0x0800670c                PVD_IRQHandler
                0x0800670c                SDIO_IRQHandler
                0x0800670c                EXTI3_IRQHandler
                0x0800670c                EXTI0_IRQHandler
                0x0800670c                I2C2_EV_IRQHandler
                0x0800670c                ADC1_2_IRQHandler
                0x0800670c                SPI1_IRQHandler
                0x0800670c                TAMPER_IRQHandler
                0x0800670c                TIM8_UP_IRQHandler
                0x0800670c                DMA2_Channel2_IRQHandler
                0x0800670c                DMA1_Channel4_IRQHandler
                0x0800670c                USART3_IRQHandler
                0x0800670c                RTC_IRQHandler
                0x0800670c                DMA1_Channel7_IRQHandler
                0x0800670c                CAN1_RX1_IRQHandler
                0x0800670c                UART5_IRQHandler
                0x0800670c                ADC3_IRQHandler
                0x0800670c                TIM4_IRQHandler
                0x0800670c                DMA2_Channel1_IRQHandler
                0x0800670c                I2C1_EV_IRQHandler
                0x0800670c                DMA1_Channel6_IRQHandler
                0x0800670c                UART4_IRQHandler
                0x0800670c                RCC_IRQHandler
                0x0800670c                TIM1_TRG_COM_IRQHandler
                0x0800670c                DMA1_Channel1_IRQHandler
                0x0800670c                Default_Handler
                0x0800670c                EXTI15_10_IRQHandler
                0x0800670c                TIM7_IRQHandler
                0x0800670c                TIM5_IRQHandler
                0x0800670c                EXTI9_5_IRQHandler
                0x0800670c                SPI2_IRQHandler
                0x0800670c                DMA1_Channel5_IRQHandler
                0x0800670c                EXTI4_IRQHandler
                0x0800670c                USB_HP_CAN1_TX_IRQHandler
                0x0800670c                DMA1_Channel3_IRQHandler
                0x0800670c                FSMC_IRQHandler
                0x0800670c                TIM1_UP_IRQHandler
                0x0800670c                WWDG_IRQHandler
                0x0800670c                TIM2_IRQHandler
                0x0800670c                TIM1_BRK_IRQHandler
                0x0800670c                EXTI1_IRQHandler
                0x0800670c                DMA2_Channel4_5_IRQHandler
                0x0800670c                I2C2_ER_IRQHandler
                0x0800670c                DMA1_Channel2_IRQHandler
                0x0800670c                TIM8_BRK_IRQHandler
                0x0800670c                CAN1_SCE_IRQHandler
                0x0800670c                FLASH_IRQHandler
                0x0800670c                USART1_IRQHandler
                0x0800670c                SPI3_IRQHandler
                0x0800670c                I2C1_ER_IRQHandler
                0x0800670c                USBWakeUp_IRQHandler
                0x0800670c                DMA2_Channel3_IRQHandler
 *fill*         0x0800670e        0x2 
 .text.__errno  0x08006710        0xc e:/gnu arm embedded toolchain/10 2021.10/bin/../lib/gcc/arm-none-eabi/10.3.1/../../../../arm-none-eabi/lib/thumb/v7-m/nofp\libc_nano.a(lib_a-errno.o)
                0x08006710                __errno
 .text.__libc_init_array
                0x0800671c       0x48 e:/gnu arm embedded toolchain/10 2021.10/bin/../lib/gcc/arm-none-eabi/10.3.1/../../../../arm-none-eabi/lib/thumb/v7-m/nofp\libc_nano.a(lib_a-init.o)
                0x0800671c                __libc_init_array
 .text.memcpy   0x08006764       0x1c e:/gnu arm embedded toolchain/10 2021.10/bin/../lib/gcc/arm-none-eabi/10.3.1/../../../../arm-none-eabi/lib/thumb/v7-m/nofp\libc_nano.a(lib_a-memcpy-stub.o)
                0x08006764                memcpy
 .text.memset   0x08006780       0x10 e:/gnu arm embedded toolchain/10 2021.10/bin/../lib/gcc/arm-none-eabi/10.3.1/../../../../arm-none-eabi/lib/thumb/v7-m/nofp\libc_nano.a(lib_a-memset.o)
                0x08006780                memset
 .text.__cvt    0x08006790       0xbe e:/gnu arm embedded toolchain/10 2021.10/bin/../lib/gcc/arm-none-eabi/10.3.1/../../../../arm-none-eabi/lib/thumb/v7-m/nofp\libc_nano.a(lib_a-nano-vfprintf_float.o)
                0x08006790                __cvt
 .text.__exponent
                0x0800684e       0x7c e:/gnu arm embedded toolchain/10 2021.10/bin/../lib/gcc/arm-none-eabi/10.3.1/../../../../arm-none-eabi/lib/thumb/v7-m/nofp\libc_nano.a(lib_a-nano-vfprintf_float.o)
                0x0800684e                __exponent
 *fill*         0x080068ca        0x2 
 .text._printf_float
                0x080068cc      0x458 e:/gnu arm embedded toolchain/10 2021.10/bin/../lib/gcc/arm-none-eabi/10.3.1/../../../../arm-none-eabi/lib/thumb/v7-m/nofp\libc_nano.a(lib_a-nano-vfprintf_float.o)
                0x080068cc                _printf_float
 .text._printf_common
                0x08006d24       0xde e:/gnu arm embedded toolchain/10 2021.10/bin/../lib/gcc/arm-none-eabi/10.3.1/../../../../arm-none-eabi/lib/thumb/v7-m/nofp\libc_nano.a(lib_a-nano-vfprintf_i.o)
                0x08006d24                _printf_common
 *fill*         0x08006e02        0x2 
 .text._printf_i
                0x08006e04      0x24c e:/gnu arm embedded toolchain/10 2021.10/bin/../lib/gcc/arm-none-eabi/10.3.1/../../../../arm-none-eabi/lib/thumb/v7-m/nofp\libc_nano.a(lib_a-nano-vfprintf_i.o)
                0x08006e04                _printf_i
 .text.printf   0x08007050       0x30 e:/gnu arm embedded toolchain/10 2021.10/bin/../lib/gcc/arm-none-eabi/10.3.1/../../../../arm-none-eabi/lib/thumb/v7-m/nofp\libc_nano.a(lib_a-printf.o)
                0x08007050                iprintf
                0x08007050                printf
 .text.__swbuf_r
                0x08007080       0xa4 e:/gnu arm embedded toolchain/10 2021.10/bin/../lib/gcc/arm-none-eabi/10.3.1/../../../../arm-none-eabi/lib/thumb/v7-m/nofp\libc_nano.a(lib_a-wbuf.o)
                0x08007080                __swbuf_r
 .text.__swsetup_r
                0x08007124       0xdc e:/gnu arm embedded toolchain/10 2021.10/bin/../lib/gcc/arm-none-eabi/10.3.1/../../../../arm-none-eabi/lib/thumb/v7-m/nofp\libc_nano.a(lib_a-wsetup.o)
                0x08007124                __swsetup_r
 .text.quorem   0x08007200      0x118 e:/gnu arm embedded toolchain/10 2021.10/bin/../lib/gcc/arm-none-eabi/10.3.1/../../../../arm-none-eabi/lib/thumb/v7-m/nofp\libc_nano.a(lib_a-dtoa.o)
 .text._dtoa_r  0x08007318      0xbdc e:/gnu arm embedded toolchain/10 2021.10/bin/../lib/gcc/arm-none-eabi/10.3.1/../../../../arm-none-eabi/lib/thumb/v7-m/nofp\libc_nano.a(lib_a-dtoa.o)
                0x08007318                _dtoa_r
 .text.__sflush_r
                0x08007ef4      0x104 e:/gnu arm embedded toolchain/10 2021.10/bin/../lib/gcc/arm-none-eabi/10.3.1/../../../../arm-none-eabi/lib/thumb/v7-m/nofp\libc_nano.a(lib_a-fflush.o)
                0x08007ef4                __sflush_r
 .text._fflush_r
                0x08007ff8       0x78 e:/gnu arm embedded toolchain/10 2021.10/bin/../lib/gcc/arm-none-eabi/10.3.1/../../../../arm-none-eabi/lib/thumb/v7-m/nofp\libc_nano.a(lib_a-fflush.o)
                0x08007ff8                _fflush_r
 .text.std      0x08008070       0x48 e:/gnu arm embedded toolchain/10 2021.10/bin/../lib/gcc/arm-none-eabi/10.3.1/../../../../arm-none-eabi/lib/thumb/v7-m/nofp\libc_nano.a(lib_a-findfp.o)
 .text._cleanup_r
                0x080080b8        0xc e:/gnu arm embedded toolchain/10 2021.10/bin/../lib/gcc/arm-none-eabi/10.3.1/../../../../arm-none-eabi/lib/thumb/v7-m/nofp\libc_nano.a(lib_a-findfp.o)
                0x080080b8                _cleanup_r
 .text.__sfmoreglue
                0x080080c4       0x2c e:/gnu arm embedded toolchain/10 2021.10/bin/../lib/gcc/arm-none-eabi/10.3.1/../../../../arm-none-eabi/lib/thumb/v7-m/nofp\libc_nano.a(lib_a-findfp.o)
                0x080080c4                __sfmoreglue
 .text.__sfp_lock_acquire
                0x080080f0        0xc e:/gnu arm embedded toolchain/10 2021.10/bin/../lib/gcc/arm-none-eabi/10.3.1/../../../../arm-none-eabi/lib/thumb/v7-m/nofp\libc_nano.a(lib_a-findfp.o)
                0x080080f0                __sfp_lock_acquire
 .text.__sfp_lock_release
                0x080080fc        0xc e:/gnu arm embedded toolchain/10 2021.10/bin/../lib/gcc/arm-none-eabi/10.3.1/../../../../arm-none-eabi/lib/thumb/v7-m/nofp\libc_nano.a(lib_a-findfp.o)
                0x080080fc                __sfp_lock_release
 .text.__sinit_lock_acquire
                0x08008108        0xc e:/gnu arm embedded toolchain/10 2021.10/bin/../lib/gcc/arm-none-eabi/10.3.1/../../../../arm-none-eabi/lib/thumb/v7-m/nofp\libc_nano.a(lib_a-findfp.o)
                0x08008108                __sinit_lock_acquire
 .text.__sinit_lock_release
                0x08008114        0xc e:/gnu arm embedded toolchain/10 2021.10/bin/../lib/gcc/arm-none-eabi/10.3.1/../../../../arm-none-eabi/lib/thumb/v7-m/nofp\libc_nano.a(lib_a-findfp.o)
                0x08008114                __sinit_lock_release
 .text.__sinit  0x08008120       0x70 e:/gnu arm embedded toolchain/10 2021.10/bin/../lib/gcc/arm-none-eabi/10.3.1/../../../../arm-none-eabi/lib/thumb/v7-m/nofp\libc_nano.a(lib_a-findfp.o)
                0x08008120                __sinit
 .text.__sfp    0x08008190       0x8c e:/gnu arm embedded toolchain/10 2021.10/bin/../lib/gcc/arm-none-eabi/10.3.1/../../../../arm-none-eabi/lib/thumb/v7-m/nofp\libc_nano.a(lib_a-findfp.o)
                0x08008190                __sfp
 .text._fwalk_reent
                0x0800821c       0x3e e:/gnu arm embedded toolchain/10 2021.10/bin/../lib/gcc/arm-none-eabi/10.3.1/../../../../arm-none-eabi/lib/thumb/v7-m/nofp\libc_nano.a(lib_a-fwalk.o)
                0x0800821c                _fwalk_reent
 *fill*         0x0800825a        0x2 
 .text._localeconv_r
                0x0800825c        0x8 e:/gnu arm embedded toolchain/10 2021.10/bin/../lib/gcc/arm-none-eabi/10.3.1/../../../../arm-none-eabi/lib/thumb/v7-m/nofp\libc_nano.a(lib_a-localeconv.o)
                0x0800825c                _localeconv_r
 .text.__retarget_lock_init_recursive
                0x08008264        0x2 e:/gnu arm embedded toolchain/10 2021.10/bin/../lib/gcc/arm-none-eabi/10.3.1/../../../../arm-none-eabi/lib/thumb/v7-m/nofp\libc_nano.a(lib_a-lock.o)
                0x08008264                __retarget_lock_init_recursive
 .text.__retarget_lock_acquire_recursive
                0x08008266        0x2 e:/gnu arm embedded toolchain/10 2021.10/bin/../lib/gcc/arm-none-eabi/10.3.1/../../../../arm-none-eabi/lib/thumb/v7-m/nofp\libc_nano.a(lib_a-lock.o)
                0x08008266                __retarget_lock_acquire_recursive
 .text.__retarget_lock_release_recursive
                0x08008268        0x2 e:/gnu arm embedded toolchain/10 2021.10/bin/../lib/gcc/arm-none-eabi/10.3.1/../../../../arm-none-eabi/lib/thumb/v7-m/nofp\libc_nano.a(lib_a-lock.o)
                0x08008268                __retarget_lock_release_recursive
 .text.__swhatbuf_r
                0x0800826a       0x4a e:/gnu arm embedded toolchain/10 2021.10/bin/../lib/gcc/arm-none-eabi/10.3.1/../../../../arm-none-eabi/lib/thumb/v7-m/nofp\libc_nano.a(lib_a-makebuf.o)
                0x0800826a                __swhatbuf_r
 .text.__smakebuf_r
                0x080082b4       0x80 e:/gnu arm embedded toolchain/10 2021.10/bin/../lib/gcc/arm-none-eabi/10.3.1/../../../../arm-none-eabi/lib/thumb/v7-m/nofp\libc_nano.a(lib_a-makebuf.o)
                0x080082b4                __smakebuf_r
 .text.malloc   0x08008334       0x10 e:/gnu arm embedded toolchain/10 2021.10/bin/../lib/gcc/arm-none-eabi/10.3.1/../../../../arm-none-eabi/lib/thumb/v7-m/nofp\libc_nano.a(lib_a-malloc.o)
                0x08008334                malloc
 .text.memchr   0x08008344       0x1c e:/gnu arm embedded toolchain/10 2021.10/bin/../lib/gcc/arm-none-eabi/10.3.1/../../../../arm-none-eabi/lib/thumb/v7-m/nofp\libc_nano.a(lib_a-memchr-stub.o)
                0x08008344                memchr
 .text._Balloc  0x08008360       0x80 e:/gnu arm embedded toolchain/10 2021.10/bin/../lib/gcc/arm-none-eabi/10.3.1/../../../../arm-none-eabi/lib/thumb/v7-m/nofp\libc_nano.a(lib_a-mprec.o)
                0x08008360                _Balloc
 .text._Bfree   0x080083e0       0x44 e:/gnu arm embedded toolchain/10 2021.10/bin/../lib/gcc/arm-none-eabi/10.3.1/../../../../arm-none-eabi/lib/thumb/v7-m/nofp\libc_nano.a(lib_a-mprec.o)
                0x080083e0                _Bfree
 .text.__multadd
                0x08008424       0x8c e:/gnu arm embedded toolchain/10 2021.10/bin/../lib/gcc/arm-none-eabi/10.3.1/../../../../arm-none-eabi/lib/thumb/v7-m/nofp\libc_nano.a(lib_a-mprec.o)
                0x08008424                __multadd
 .text.__hi0bits
                0x080084b0       0x40 e:/gnu arm embedded toolchain/10 2021.10/bin/../lib/gcc/arm-none-eabi/10.3.1/../../../../arm-none-eabi/lib/thumb/v7-m/nofp\libc_nano.a(lib_a-mprec.o)
                0x080084b0                __hi0bits
 .text.__lo0bits
                0x080084f0       0x5a e:/gnu arm embedded toolchain/10 2021.10/bin/../lib/gcc/arm-none-eabi/10.3.1/../../../../arm-none-eabi/lib/thumb/v7-m/nofp\libc_nano.a(lib_a-mprec.o)
                0x080084f0                __lo0bits
 *fill*         0x0800854a        0x2 
 .text.__i2b    0x0800854c       0x2c e:/gnu arm embedded toolchain/10 2021.10/bin/../lib/gcc/arm-none-eabi/10.3.1/../../../../arm-none-eabi/lib/thumb/v7-m/nofp\libc_nano.a(lib_a-mprec.o)
                0x0800854c                __i2b
 .text.__multiply
                0x08008578      0x150 e:/gnu arm embedded toolchain/10 2021.10/bin/../lib/gcc/arm-none-eabi/10.3.1/../../../../arm-none-eabi/lib/thumb/v7-m/nofp\libc_nano.a(lib_a-mprec.o)
                0x08008578                __multiply
 .text.__pow5mult
                0x080086c8       0xb4 e:/gnu arm embedded toolchain/10 2021.10/bin/../lib/gcc/arm-none-eabi/10.3.1/../../../../arm-none-eabi/lib/thumb/v7-m/nofp\libc_nano.a(lib_a-mprec.o)
                0x080086c8                __pow5mult
 .text.__lshift
                0x0800877c       0xe0 e:/gnu arm embedded toolchain/10 2021.10/bin/../lib/gcc/arm-none-eabi/10.3.1/../../../../arm-none-eabi/lib/thumb/v7-m/nofp\libc_nano.a(lib_a-mprec.o)
                0x0800877c                __lshift
 .text.__mcmp   0x0800885c       0x36 e:/gnu arm embedded toolchain/10 2021.10/bin/../lib/gcc/arm-none-eabi/10.3.1/../../../../arm-none-eabi/lib/thumb/v7-m/nofp\libc_nano.a(lib_a-mprec.o)
                0x0800885c                __mcmp
 *fill*         0x08008892        0x2 
 .text.__mdiff  0x08008894      0x118 e:/gnu arm embedded toolchain/10 2021.10/bin/../lib/gcc/arm-none-eabi/10.3.1/../../../../arm-none-eabi/lib/thumb/v7-m/nofp\libc_nano.a(lib_a-mprec.o)
                0x08008894                __mdiff
 .text.__d2b    0x080089ac       0xb8 e:/gnu arm embedded toolchain/10 2021.10/bin/../lib/gcc/arm-none-eabi/10.3.1/../../../../arm-none-eabi/lib/thumb/v7-m/nofp\libc_nano.a(lib_a-mprec.o)
                0x080089ac                __d2b
 .text._calloc_r
                0x08008a64       0x28 e:/gnu arm embedded toolchain/10 2021.10/bin/../lib/gcc/arm-none-eabi/10.3.1/../../../../arm-none-eabi/lib/thumb/v7-m/nofp\libc_nano.a(lib_a-nano-callocr.o)
                0x08008a64                _calloc_r
 .text._free_r  0x08008a8c       0x90 e:/gnu arm embedded toolchain/10 2021.10/bin/../lib/gcc/arm-none-eabi/10.3.1/../../../../arm-none-eabi/lib/thumb/v7-m/nofp\libc_nano.a(lib_a-nano-freer.o)
                0x08008a8c                _free_r
 .text.sbrk_aligned
                0x08008b1c       0x40 e:/gnu arm embedded toolchain/10 2021.10/bin/../lib/gcc/arm-none-eabi/10.3.1/../../../../arm-none-eabi/lib/thumb/v7-m/nofp\libc_nano.a(lib_a-nano-mallocr.o)
 .text._malloc_r
                0x08008b5c       0xe8 e:/gnu arm embedded toolchain/10 2021.10/bin/../lib/gcc/arm-none-eabi/10.3.1/../../../../arm-none-eabi/lib/thumb/v7-m/nofp\libc_nano.a(lib_a-nano-mallocr.o)
                0x08008b5c                _malloc_r
 .text.__sfputc_r
                0x08008c44       0x2a e:/gnu arm embedded toolchain/10 2021.10/bin/../lib/gcc/arm-none-eabi/10.3.1/../../../../arm-none-eabi/lib/thumb/v7-m/nofp\libc_nano.a(lib_a-nano-vfprintf.o)
 .text.__sfputs_r
                0x08008c6e       0x24 e:/gnu arm embedded toolchain/10 2021.10/bin/../lib/gcc/arm-none-eabi/10.3.1/../../../../arm-none-eabi/lib/thumb/v7-m/nofp\libc_nano.a(lib_a-nano-vfprintf.o)
                0x08008c6e                __sfputs_r
 *fill*         0x08008c92        0x2 
 .text._vfprintf_r
                0x08008c94      0x260 e:/gnu arm embedded toolchain/10 2021.10/bin/../lib/gcc/arm-none-eabi/10.3.1/../../../../arm-none-eabi/lib/thumb/v7-m/nofp\libc_nano.a(lib_a-nano-vfprintf.o)
                0x08008c94                _vfprintf_r
                0x08008c94                _vfiprintf_r
 .text._sbrk_r  0x08008ef4       0x20 e:/gnu arm embedded toolchain/10 2021.10/bin/../lib/gcc/arm-none-eabi/10.3.1/../../../../arm-none-eabi/lib/thumb/v7-m/nofp\libc_nano.a(lib_a-sbrkr.o)
                0x08008ef4                _sbrk_r
 .text.__sread  0x08008f14       0x22 e:/gnu arm embedded toolchain/10 2021.10/bin/../lib/gcc/arm-none-eabi/10.3.1/../../../../arm-none-eabi/lib/thumb/v7-m/nofp\libc_nano.a(lib_a-stdio.o)
                0x08008f14                __sread
 .text.__swrite
                0x08008f36       0x38 e:/gnu arm embedded toolchain/10 2021.10/bin/../lib/gcc/arm-none-eabi/10.3.1/../../../../arm-none-eabi/lib/thumb/v7-m/nofp\libc_nano.a(lib_a-stdio.o)
                0x08008f36                __swrite
 .text.__sseek  0x08008f6e       0x24 e:/gnu arm embedded toolchain/10 2021.10/bin/../lib/gcc/arm-none-eabi/10.3.1/../../../../arm-none-eabi/lib/thumb/v7-m/nofp\libc_nano.a(lib_a-stdio.o)
                0x08008f6e                __sseek
 .text.__sclose
                0x08008f92        0x8 e:/gnu arm embedded toolchain/10 2021.10/bin/../lib/gcc/arm-none-eabi/10.3.1/../../../../arm-none-eabi/lib/thumb/v7-m/nofp\libc_nano.a(lib_a-stdio.o)
                0x08008f92                __sclose
 *fill*         0x08008f9a        0x2 
 .text._write_r
                0x08008f9c       0x24 e:/gnu arm embedded toolchain/10 2021.10/bin/../lib/gcc/arm-none-eabi/10.3.1/../../../../arm-none-eabi/lib/thumb/v7-m/nofp\libc_nano.a(lib_a-writer.o)
                0x08008f9c                _write_r
 .text.__assert_func
                0x08008fc0       0x3c e:/gnu arm embedded toolchain/10 2021.10/bin/../lib/gcc/arm-none-eabi/10.3.1/../../../../arm-none-eabi/lib/thumb/v7-m/nofp\libc_nano.a(lib_a-assert.o)
                0x08008fc0                __assert_func
 .text._close_r
                0x08008ffc       0x20 e:/gnu arm embedded toolchain/10 2021.10/bin/../lib/gcc/arm-none-eabi/10.3.1/../../../../arm-none-eabi/lib/thumb/v7-m/nofp\libc_nano.a(lib_a-closer.o)
                0x08008ffc                _close_r
 .text.fprintf  0x0800901c       0x24 e:/gnu arm embedded toolchain/10 2021.10/bin/../lib/gcc/arm-none-eabi/10.3.1/../../../../arm-none-eabi/lib/thumb/v7-m/nofp\libc_nano.a(lib_a-fprintf.o)
                0x0800901c                fiprintf
                0x0800901c                fprintf
 .text._fstat_r
                0x08009040       0x24 e:/gnu arm embedded toolchain/10 2021.10/bin/../lib/gcc/arm-none-eabi/10.3.1/../../../../arm-none-eabi/lib/thumb/v7-m/nofp\libc_nano.a(lib_a-fstatr.o)
                0x08009040                _fstat_r
 .text._isatty_r
                0x08009064       0x20 e:/gnu arm embedded toolchain/10 2021.10/bin/../lib/gcc/arm-none-eabi/10.3.1/../../../../arm-none-eabi/lib/thumb/v7-m/nofp\libc_nano.a(lib_a-isattyr.o)
                0x08009064                _isatty_r
 .text._lseek_r
                0x08009084       0x24 e:/gnu arm embedded toolchain/10 2021.10/bin/../lib/gcc/arm-none-eabi/10.3.1/../../../../arm-none-eabi/lib/thumb/v7-m/nofp\libc_nano.a(lib_a-lseekr.o)
                0x08009084                _lseek_r
 .text.__ascii_mbtowc
                0x080090a8       0x24 e:/gnu arm embedded toolchain/10 2021.10/bin/../lib/gcc/arm-none-eabi/10.3.1/../../../../arm-none-eabi/lib/thumb/v7-m/nofp\libc_nano.a(lib_a-mbtowc_r.o)
                0x080090a8                __ascii_mbtowc
 .text.__malloc_lock
                0x080090cc        0xc e:/gnu arm embedded toolchain/10 2021.10/bin/../lib/gcc/arm-none-eabi/10.3.1/../../../../arm-none-eabi/lib/thumb/v7-m/nofp\libc_nano.a(lib_a-mlock.o)
                0x080090cc                __malloc_lock
 .text.__malloc_unlock
                0x080090d8        0xc e:/gnu arm embedded toolchain/10 2021.10/bin/../lib/gcc/arm-none-eabi/10.3.1/../../../../arm-none-eabi/lib/thumb/v7-m/nofp\libc_nano.a(lib_a-mlock.o)
                0x080090d8                __malloc_unlock
 .text._read_r  0x080090e4       0x24 e:/gnu arm embedded toolchain/10 2021.10/bin/../lib/gcc/arm-none-eabi/10.3.1/../../../../arm-none-eabi/lib/thumb/v7-m/nofp\libc_nano.a(lib_a-readr.o)
                0x080090e4                _read_r
 .text.__ascii_wctomb
                0x08009108       0x1a e:/gnu arm embedded toolchain/10 2021.10/bin/../lib/gcc/arm-none-eabi/10.3.1/../../../../arm-none-eabi/lib/thumb/v7-m/nofp\libc_nano.a(lib_a-wctomb_r.o)
                0x08009108                __ascii_wctomb
 .text.abort    0x08009122        0xe e:/gnu arm embedded toolchain/10 2021.10/bin/../lib/gcc/arm-none-eabi/10.3.1/../../../../arm-none-eabi/lib/thumb/v7-m/nofp\libc_nano.a(lib_a-abort.o)
                0x08009122                abort
 .text._raise_r
                0x08009130       0x50 e:/gnu arm embedded toolchain/10 2021.10/bin/../lib/gcc/arm-none-eabi/10.3.1/../../../../arm-none-eabi/lib/thumb/v7-m/nofp\libc_nano.a(lib_a-signal.o)
                0x08009130                _raise_r
 .text.raise    0x08009180       0x10 e:/gnu arm embedded toolchain/10 2021.10/bin/../lib/gcc/arm-none-eabi/10.3.1/../../../../arm-none-eabi/lib/thumb/v7-m/nofp\libc_nano.a(lib_a-signal.o)
                0x08009180                raise
 .text._kill_r  0x08009190       0x24 e:/gnu arm embedded toolchain/10 2021.10/bin/../lib/gcc/arm-none-eabi/10.3.1/../../../../arm-none-eabi/lib/thumb/v7-m/nofp\libc_nano.a(lib_a-signalr.o)
                0x08009190                _kill_r
 .text._getpid_r
                0x080091b4        0x4 e:/gnu arm embedded toolchain/10 2021.10/bin/../lib/gcc/arm-none-eabi/10.3.1/../../../../arm-none-eabi/lib/thumb/v7-m/nofp\libc_nano.a(lib_a-signalr.o)
                0x080091b4                _getpid_r
 .text._close   0x080091b8       0x10 e:/gnu arm embedded toolchain/10 2021.10/bin/../lib/gcc/arm-none-eabi/10.3.1/../../../../arm-none-eabi/lib/thumb/v7-m/nofp\libnosys.a(close.o)
                0x080091b8                _close
 .text._fstat   0x080091c8       0x10 e:/gnu arm embedded toolchain/10 2021.10/bin/../lib/gcc/arm-none-eabi/10.3.1/../../../../arm-none-eabi/lib/thumb/v7-m/nofp\libnosys.a(fstat.o)
                0x080091c8                _fstat
 .text._getpid  0x080091d8       0x10 e:/gnu arm embedded toolchain/10 2021.10/bin/../lib/gcc/arm-none-eabi/10.3.1/../../../../arm-none-eabi/lib/thumb/v7-m/nofp\libnosys.a(getpid.o)
                0x080091d8                _getpid
 .text._isatty  0x080091e8       0x10 e:/gnu arm embedded toolchain/10 2021.10/bin/../lib/gcc/arm-none-eabi/10.3.1/../../../../arm-none-eabi/lib/thumb/v7-m/nofp\libnosys.a(isatty.o)
                0x080091e8                _isatty
 .text._kill    0x080091f8       0x10 e:/gnu arm embedded toolchain/10 2021.10/bin/../lib/gcc/arm-none-eabi/10.3.1/../../../../arm-none-eabi/lib/thumb/v7-m/nofp\libnosys.a(kill.o)
                0x080091f8                _kill
 .text._lseek   0x08009208       0x10 e:/gnu arm embedded toolchain/10 2021.10/bin/../lib/gcc/arm-none-eabi/10.3.1/../../../../arm-none-eabi/lib/thumb/v7-m/nofp\libnosys.a(lseek.o)
                0x08009208                _lseek
 .text._read    0x08009218       0x10 e:/gnu arm embedded toolchain/10 2021.10/bin/../lib/gcc/arm-none-eabi/10.3.1/../../../../arm-none-eabi/lib/thumb/v7-m/nofp\libnosys.a(read.o)
                0x08009218                _read
 .text._sbrk    0x08009228       0x1c e:/gnu arm embedded toolchain/10 2021.10/bin/../lib/gcc/arm-none-eabi/10.3.1/../../../../arm-none-eabi/lib/thumb/v7-m/nofp\libnosys.a(sbrk.o)
                0x08009228                _sbrk
 .text._exit    0x08009244        0x4 e:/gnu arm embedded toolchain/10 2021.10/bin/../lib/gcc/arm-none-eabi/10.3.1/../../../../arm-none-eabi/lib/thumb/v7-m/nofp\libnosys.a(_exit.o)
                0x08009244                _exit
 *(.glue_7)
 .glue_7        0x08009248        0x0 linker stubs
 *(.glue_7t)
 .glue_7t       0x08009248        0x0 linker stubs
 *(.eh_frame)
 .eh_frame      0x08009248        0x0 e:/gnu arm embedded toolchain/10 2021.10/bin/../lib/gcc/arm-none-eabi/10.3.1/thumb/v7-m/nofp/crtbegin.o
 *(.init)
 .init          0x08009248        0x4 e:/gnu arm embedded toolchain/10 2021.10/bin/../lib/gcc/arm-none-eabi/10.3.1/thumb/v7-m/nofp/crti.o
                0x08009248                _init
 .init          0x0800924c        0x8 e:/gnu arm embedded toolchain/10 2021.10/bin/../lib/gcc/arm-none-eabi/10.3.1/thumb/v7-m/nofp/crtn.o
 *(.fini)
 .fini          0x08009254        0x4 e:/gnu arm embedded toolchain/10 2021.10/bin/../lib/gcc/arm-none-eabi/10.3.1/thumb/v7-m/nofp/crti.o
                0x08009254                _fini
 .fini          0x08009258        0x8 e:/gnu arm embedded toolchain/10 2021.10/bin/../lib/gcc/arm-none-eabi/10.3.1/thumb/v7-m/nofp/crtn.o
                0x08009260                . = ALIGN (0x4)
                0x08009260                _etext = .

.vfp11_veneer   0x08009260        0x0
 .vfp11_veneer  0x08009260        0x0 linker stubs

.v4_bx          0x08009260        0x0
 .v4_bx         0x08009260        0x0 linker stubs

.iplt           0x08009260        0x0
 .iplt          0x08009260        0x0 e:/gnu arm embedded toolchain/10 2021.10/bin/../lib/gcc/arm-none-eabi/10.3.1/thumb/v7-m/nofp/crtbegin.o

.rodata         0x08009260      0x72c
                0x08009260                . = ALIGN (0x4)
 *(.rodata)
 *(.rodata*)
 .rodata.main.str1.4
                0x08009260       0x17 build/main.o
 *fill*         0x08009277        0x1 
 .rodata.USBD_FS_ProductStrDescriptor.str1.4
                0x08009278       0x16 build/usbd_desc.o
 *fill*         0x0800928e        0x2 
 .rodata.USBD_FS_ManufacturerStrDescriptor.str1.4
                0x08009290       0x13 build/usbd_desc.o
 *fill*         0x080092a3        0x1 
 .rodata.USBD_FS_ConfigStrDescriptor.str1.4
                0x080092a4        0xb build/usbd_desc.o
 *fill*         0x080092af        0x1 
 .rodata.USBD_FS_InterfaceStrDescriptor.str1.4
                0x080092b0        0xe build/usbd_desc.o
 *fill*         0x080092be        0x2 
 .rodata.HAL_RCC_GetSysClockFreq.str1.4
                0x080092c0       0x11 build/stm32f1xx_hal_rcc.o
 *fill*         0x080092d1        0x3 
 .rodata.AHBPrescTable
                0x080092d4       0x10 build/system_stm32f1xx.o
                0x080092d4                AHBPrescTable
 .rodata.APBPrescTable
                0x080092e4        0x8 build/system_stm32f1xx.o
                0x080092e4                APBPrescTable
 .rodata.aucCRCHi
                0x080092ec      0x100 build/mbcrc.o
 .rodata.aucCRCLo
                0x080093ec      0x100 build/mbcrc.o
 .rodata.xMasterFuncHandlers
                0x080094ec       0x80 build/mb_m.o
 .rodata._global_impure_ptr
                0x0800956c        0x4 e:/gnu arm embedded toolchain/10 2021.10/bin/../lib/gcc/arm-none-eabi/10.3.1/../../../../arm-none-eabi/lib/thumb/v7-m/nofp\libc_nano.a(lib_a-impure.o)
                0x0800956c                _global_impure_ptr
 .rodata._printf_float.str1.1
                0x08009570       0x12 e:/gnu arm embedded toolchain/10 2021.10/bin/../lib/gcc/arm-none-eabi/10.3.1/../../../../arm-none-eabi/lib/thumb/v7-m/nofp\libc_nano.a(lib_a-nano-vfprintf_float.o)
 .rodata._printf_i.str1.1
                0x08009582       0x22 e:/gnu arm embedded toolchain/10 2021.10/bin/../lib/gcc/arm-none-eabi/10.3.1/../../../../arm-none-eabi/lib/thumb/v7-m/nofp\libc_nano.a(lib_a-nano-vfprintf_i.o)
 .rodata._dtoa_r.str1.1
                0x080095a4       0xb3 e:/gnu arm embedded toolchain/10 2021.10/bin/../lib/gcc/arm-none-eabi/10.3.1/../../../../arm-none-eabi/lib/thumb/v7-m/nofp\libc_nano.a(lib_a-dtoa.o)
                                 0xb5 (size before relaxing)
 *fill*         0x08009657        0x1 
 .rodata.__sf_fake_stderr
                0x08009658       0x20 e:/gnu arm embedded toolchain/10 2021.10/bin/../lib/gcc/arm-none-eabi/10.3.1/../../../../arm-none-eabi/lib/thumb/v7-m/nofp\libc_nano.a(lib_a-findfp.o)
                0x08009658                __sf_fake_stderr
 .rodata.__sf_fake_stdin
                0x08009678       0x20 e:/gnu arm embedded toolchain/10 2021.10/bin/../lib/gcc/arm-none-eabi/10.3.1/../../../../arm-none-eabi/lib/thumb/v7-m/nofp\libc_nano.a(lib_a-findfp.o)
                0x08009678                __sf_fake_stdin
 .rodata.__sf_fake_stdout
                0x08009698       0x20 e:/gnu arm embedded toolchain/10 2021.10/bin/../lib/gcc/arm-none-eabi/10.3.1/../../../../arm-none-eabi/lib/thumb/v7-m/nofp\libc_nano.a(lib_a-findfp.o)
                0x08009698                __sf_fake_stdout
 .rodata._Balloc.str1.1
                0x080096b8       0x7f e:/gnu arm embedded toolchain/10 2021.10/bin/../lib/gcc/arm-none-eabi/10.3.1/../../../../arm-none-eabi/lib/thumb/v7-m/nofp\libc_nano.a(lib_a-mprec.o)
                                 0x96 (size before relaxing)
 .rodata.__multadd.str1.1
                0x08009737       0x11 e:/gnu arm embedded toolchain/10 2021.10/bin/../lib/gcc/arm-none-eabi/10.3.1/../../../../arm-none-eabi/lib/thumb/v7-m/nofp\libc_nano.a(lib_a-mprec.o)
 *fill*         0x08009737        0x1 
 .rodata.__mprec_bigtens
                0x08009738       0x28 e:/gnu arm embedded toolchain/10 2021.10/bin/../lib/gcc/arm-none-eabi/10.3.1/../../../../arm-none-eabi/lib/thumb/v7-m/nofp\libc_nano.a(lib_a-mprec.o)
                0x08009738                __mprec_bigtens
 .rodata.__mprec_tens
                0x08009760       0xc8 e:/gnu arm embedded toolchain/10 2021.10/bin/../lib/gcc/arm-none-eabi/10.3.1/../../../../arm-none-eabi/lib/thumb/v7-m/nofp\libc_nano.a(lib_a-mprec.o)
                0x08009760                __mprec_tens
 .rodata.p05.0  0x08009828        0xc e:/gnu arm embedded toolchain/10 2021.10/bin/../lib/gcc/arm-none-eabi/10.3.1/../../../../arm-none-eabi/lib/thumb/v7-m/nofp\libc_nano.a(lib_a-mprec.o)
 .rodata._vfprintf_r.str1.1
                0x08009834       0x11 e:/gnu arm embedded toolchain/10 2021.10/bin/../lib/gcc/arm-none-eabi/10.3.1/../../../../arm-none-eabi/lib/thumb/v7-m/nofp\libc_nano.a(lib_a-nano-vfprintf.o)
 .rodata.__assert_func.str1.1
                0x08009845       0x3c e:/gnu arm embedded toolchain/10 2021.10/bin/../lib/gcc/arm-none-eabi/10.3.1/../../../../arm-none-eabi/lib/thumb/v7-m/nofp\libc_nano.a(lib_a-assert.o)
                                 0x3d (size before relaxing)
 .rodata._setlocale_r.str1.1
                0x08009881        0x8 e:/gnu arm embedded toolchain/10 2021.10/bin/../lib/gcc/arm-none-eabi/10.3.1/../../../../arm-none-eabi/lib/thumb/v7-m/nofp\libc_nano.a(lib_a-locale.o)
                                  0x9 (size before relaxing)
 .rodata.str1.1
                0x08009889        0x2 e:/gnu arm embedded toolchain/10 2021.10/bin/../lib/gcc/arm-none-eabi/10.3.1/../../../../arm-none-eabi/lib/thumb/v7-m/nofp\libc_nano.a(lib_a-locale.o)
 .rodata._ctype_
                0x0800988b      0x101 e:/gnu arm embedded toolchain/10 2021.10/bin/../lib/gcc/arm-none-eabi/10.3.1/../../../../arm-none-eabi/lib/thumb/v7-m/nofp\libc_nano.a(lib_a-ctype_.o)
                0x0800988b                _ctype_
                0x0800998c                . = ALIGN (0x4)

.rel.dyn        0x0800998c        0x0
 .rel.iplt      0x0800998c        0x0 e:/gnu arm embedded toolchain/10 2021.10/bin/../lib/gcc/arm-none-eabi/10.3.1/thumb/v7-m/nofp/crtbegin.o

.ARM.extab
 *(.ARM.extab* .gnu.linkonce.armextab.*)

.ARM            0x0800998c        0x0
                0x0800998c                __exidx_start = .
 *(.ARM.exidx*)
                0x0800998c                __exidx_end = .

.preinit_array  0x0800998c        0x0
                0x0800998c                PROVIDE (__preinit_array_start = .)
 *(.preinit_array*)
                0x0800998c                PROVIDE (__preinit_array_end = .)

.init_array     0x0800998c        0x4
                0x0800998c                PROVIDE (__init_array_start = .)
 *(SORT_BY_NAME(.init_array.*))
 *(.init_array*)
 .init_array    0x0800998c        0x4 e:/gnu arm embedded toolchain/10 2021.10/bin/../lib/gcc/arm-none-eabi/10.3.1/thumb/v7-m/nofp/crtbegin.o
                0x08009990                PROVIDE (__init_array_end = .)

.fini_array     0x08009990        0x4
                [!provide]                PROVIDE (__fini_array_start = .)
 *(SORT_BY_NAME(.fini_array.*))
 *(.fini_array*)
 .fini_array    0x08009990        0x4 e:/gnu arm embedded toolchain/10 2021.10/bin/../lib/gcc/arm-none-eabi/10.3.1/thumb/v7-m/nofp/crtbegin.o
                [!provide]                PROVIDE (__fini_array_end = .)
                0x08009994                _sidata = LOADADDR (.data)

.data           0x20000000      0x350 load address 0x08009994
                0x20000000                . = ALIGN (0x4)
                0x20000000                _sdata = .
 *(.data)
 *(.data*)
 .data.FS_Desc  0x20000000       0x1c build/usbd_desc.o
                0x20000000                FS_Desc
 .data.USBD_FS_DeviceDesc
                0x2000001c       0x12 build/usbd_desc.o
                0x2000001c                USBD_FS_DeviceDesc
 *fill*         0x2000002e        0x2 
 .data.USBD_LangIDDesc
                0x20000030        0x4 build/usbd_desc.o
                0x20000030                USBD_LangIDDesc
 .data.USBD_StringSerial
                0x20000034       0x1a build/usbd_desc.o
                0x20000034                USBD_StringSerial
 *fill*         0x2000004e        0x2 
 .data.USBD_Interface_fops_FS
                0x20000050       0x10 build/usbd_cdc_if.o
                0x20000050                USBD_Interface_fops_FS
 .data.uwTickFreq
                0x20000060        0x1 build/stm32f1xx_hal.o
                0x20000060                uwTickFreq
 *fill*         0x20000061        0x3 
 .data.uwTickPrio
                0x20000064        0x4 build/stm32f1xx_hal.o
                0x20000064                uwTickPrio
 .data.USBD_CDC
                0x20000068       0x38 build/usbd_cdc.o
                0x20000068                USBD_CDC
 .data.USBD_CDC_CfgFSDesc
                0x200000a0       0x43 build/usbd_cdc.o
                0x200000a0                USBD_CDC_CfgFSDesc
 *fill*         0x200000e3        0x1 
 .data.USBD_CDC_CfgHSDesc
                0x200000e4       0x43 build/usbd_cdc.o
                0x200000e4                USBD_CDC_CfgHSDesc
 *fill*         0x20000127        0x1 
 .data.USBD_CDC_DeviceQualifierDesc
                0x20000128        0xa build/usbd_cdc.o
 *fill*         0x20000132        0x2 
 .data.USBD_CDC_OtherSpeedCfgDesc
                0x20000134       0x43 build/usbd_cdc.o
                0x20000134                USBD_CDC_OtherSpeedCfgDesc
 *fill*         0x20000177        0x1 
 .data.SystemCoreClock
                0x20000178        0x4 build/system_stm32f1xx.o
                0x20000178                SystemCoreClock
 .data.eMBState
                0x2000017c        0x1 build/mb_m.o
 *fill*         0x2000017d        0x3 
 .data._impure_ptr
                0x20000180        0x4 e:/gnu arm embedded toolchain/10 2021.10/bin/../lib/gcc/arm-none-eabi/10.3.1/../../../../arm-none-eabi/lib/thumb/v7-m/nofp\libc_nano.a(lib_a-impure.o)
                0x20000180                _impure_ptr
 .data.impure_data
                0x20000184       0x60 e:/gnu arm embedded toolchain/10 2021.10/bin/../lib/gcc/arm-none-eabi/10.3.1/../../../../arm-none-eabi/lib/thumb/v7-m/nofp\libc_nano.a(lib_a-impure.o)
 .data.__global_locale
                0x200001e4      0x16c e:/gnu arm embedded toolchain/10 2021.10/bin/../lib/gcc/arm-none-eabi/10.3.1/../../../../arm-none-eabi/lib/thumb/v7-m/nofp\libc_nano.a(lib_a-locale.o)
                0x200001e4                __global_locale
                0x20000350                . = ALIGN (0x4)
                0x20000350                _edata = .

.igot.plt       0x20000350        0x0 load address 0x08009ce4
 .igot.plt      0x20000350        0x0 e:/gnu arm embedded toolchain/10 2021.10/bin/../lib/gcc/arm-none-eabi/10.3.1/thumb/v7-m/nofp/crtbegin.o
                0x20000350                . = ALIGN (0x4)

.bss            0x20000350     0x23f4 load address 0x08009ce4
                0x20000350                _sbss = .
                0x20000350                __bss_start__ = _sbss
 *(.bss)
 .bss           0x20000350       0x1c e:/gnu arm embedded toolchain/10 2021.10/bin/../lib/gcc/arm-none-eabi/10.3.1/thumb/v7-m/nofp/crtbegin.o
 *(.bss*)
 .bss.tick      0x2000036c        0x4 build/main.o
                0x2000036c                tick
 .bss.hUsbDeviceFS
                0x20000370      0x2c4 build/usb_device.o
                0x20000370                hUsbDeviceFS
 .bss.hpcd_USB_FS
                0x20000634      0x2ec build/usbd_conf.o
                0x20000634                hpcd_USB_FS
 .bss.mem.0     0x20000920      0x220 build/usbd_conf.o
 .bss.USBD_StrDesc
                0x20000b40      0x200 build/usbd_desc.o
                0x20000b40                USBD_StrDesc
 .bss.UserRxBufferFS
                0x20000d40      0x3e8 build/usbd_cdc_if.o
                0x20000d40                UserRxBufferFS
 .bss.UserTxBufferFS
                0x20001128      0x3e8 build/usbd_cdc_if.o
                0x20001128                UserTxBufferFS
 .bss.huart1    0x20001510       0x44 build/usart.o
                0x20001510                huart1
 .bss.huart2    0x20001554       0x44 build/usart.o
                0x20001554                huart2
 .bss.htim3     0x20001598       0x48 build/tim.o
                0x20001598                htim3
 .bss.uwTick    0x200015e0        0x4 build/stm32f1xx_hal.o
                0x200015e0                uwTick
 .bss.cfgidx.0  0x200015e4        0x1 build/usbd_ctlreq.o
 *fill*         0x200015e5        0x3 
 .bss.ucMBSlaveID
                0x200015e8       0x20 build/mbfuncother.o
 .bss.usMBSlaveIDLen
                0x20001608        0x2 build/mbfuncother.o
 *fill*         0x2000160a        0x2 
 .bss.lock_count
                0x2000160c        0x4 build/portcritical.o
 .bss.eException.0
                0x20001610        0x1 build/mb_m.o
 .bss.eMBMasterCurErrorType
                0x20001611        0x1 build/mb_m.o
 *fill*         0x20001612        0x2 
 .bss.peMBMasterFrameReceiveCur
                0x20001614        0x4 build/mb_m.o
 .bss.peMBMasterFrameSendCur
                0x20001618        0x4 build/mb_m.o
 .bss.pvMBMasterFrameCloseCur
                0x2000161c        0x4 build/mb_m.o
 .bss.pvMBMasterFrameStartCur
                0x20001620        0x4 build/mb_m.o
 .bss.pvMBMasterFrameStopCur
                0x20001624        0x4 build/mb_m.o
 .bss.pxMBMasterFrameCBByteReceived
                0x20001628        0x4 build/mb_m.o
                0x20001628                pxMBMasterFrameCBByteReceived
 .bss.pxMBMasterFrameCBTransmitterEmpty
                0x2000162c        0x4 build/mb_m.o
                0x2000162c                pxMBMasterFrameCBTransmitterEmpty
 .bss.pxMBMasterPortCBTimerExpired
                0x20001630        0x4 build/mb_m.o
                0x20001630                pxMBMasterPortCBTimerExpired
 .bss.ucFunctionCode.1
                0x20001634        0x1 build/mb_m.o
 *fill*         0x20001635        0x3 
 .bss.ucMBFrame.3
                0x20001638        0x4 build/mb_m.o
 .bss.ucMBMasterDestAddress
                0x2000163c        0x1 build/mb_m.o
 .bss.ucRcvAddress.4
                0x2000163d        0x1 build/mb_m.o
 .bss.usLength.2
                0x2000163e        0x2 build/mb_m.o
 .bss.xMBRunInMasterMode
                0x20001640        0x1 build/mb_m.o
 .bss.eMasterCurTimerMode
                0x20001641        0x1 build/mbrtu_m.o
 .bss.eRcvState
                0x20001642        0x1 build/mbrtu_m.o
 .bss.eSndState
                0x20001643        0x1 build/mbrtu_m.o
 .bss.pucMasterSndBufferCur
                0x20001644        0x4 build/mbrtu_m.o
 .bss.ucMasterRTURcvBuf
                0x20001648      0x100 build/mbrtu_m.o
 .bss.ucMasterRTUSndBuf
                0x20001748       0xfd build/mbrtu_m.o
 *fill*         0x20001845        0x1 
 .bss.usMasterRcvBufferPos
                0x20001846        0x2 build/mbrtu_m.o
 .bss.usMasterSendPDULength
                0x20001848        0x2 build/mbrtu_m.o
 .bss.usMasterSndBufferCount
                0x2000184a        0x2 build/mbrtu_m.o
 .bss.xFrameIsBroadcast
                0x2000184c        0x1 build/mbrtu_m.o
 *fill*         0x2000184d        0x3 
 .bss.ucMCoilBuf
                0x20001850       0x20 build/user_mb_app_m.o
                0x20001850                ucMCoilBuf
 .bss.ucMDiscInBuf
                0x20001870       0x20 build/user_mb_app_m.o
                0x20001870                ucMDiscInBuf
 .bss.usMCoilStart
                0x20001890        0x2 build/user_mb_app_m.o
                0x20001890                usMCoilStart
 .bss.usMDiscInStart
                0x20001892        0x2 build/user_mb_app_m.o
                0x20001892                usMDiscInStart
 .bss.usMRegHoldBuf
                0x20001894      0xc80 build/user_mb_app_m.o
                0x20001894                usMRegHoldBuf
 .bss.usMRegHoldStart
                0x20002514        0x2 build/user_mb_app_m.o
                0x20002514                usMRegHoldStart
 *fill*         0x20002516        0x2 
 .bss.usMRegInBuf
                0x20002518      0x200 build/user_mb_app_m.o
                0x20002518                usMRegInBuf
 .bss.usMRegInStart
                0x20002718        0x2 build/user_mb_app_m.o
                0x20002718                usMRegInStart
 .bss.eQueuedEvent
                0x2000271a        0x2 build/portevent_m.o
 .bss.xEventInQueue
                0x2000271c        0x1 build/portevent_m.o
 .bss.xNeedPoll
                0x2000271d        0x1 build/portevent_m.o
                0x2000271d                xNeedPoll
 .bss.singlechar_m
                0x2000271e        0x1 build/portserial_m.o
                0x2000271e                singlechar_m
 *fill*         0x2000271f        0x1 
 .bss.uart_m    0x20002720        0x4 build/portserial_m.o
                0x20002720                uart_m
 .bss.counter_m
                0x20002724        0x2 build/porttimer_m.o
                0x20002724                counter_m
 *fill*         0x20002726        0x2 
 .bss.tim_m     0x20002728        0x4 build/porttimer_m.o
                0x20002728                tim_m
 .bss.timeout_m
                0x2000272c        0x2 build/porttimer_m.o
 .bss.__lock___malloc_recursive_mutex
                0x2000272e        0x1 e:/gnu arm embedded toolchain/10 2021.10/bin/../lib/gcc/arm-none-eabi/10.3.1/../../../../arm-none-eabi/lib/thumb/v7-m/nofp\libc_nano.a(lib_a-lock.o)
                0x2000272e                __lock___malloc_recursive_mutex
 .bss.__lock___sfp_recursive_mutex
                0x2000272f        0x1 e:/gnu arm embedded toolchain/10 2021.10/bin/../lib/gcc/arm-none-eabi/10.3.1/../../../../arm-none-eabi/lib/thumb/v7-m/nofp\libc_nano.a(lib_a-lock.o)
                0x2000272f                __lock___sfp_recursive_mutex
 .bss.__lock___sinit_recursive_mutex
                0x20002730        0x1 e:/gnu arm embedded toolchain/10 2021.10/bin/../lib/gcc/arm-none-eabi/10.3.1/../../../../arm-none-eabi/lib/thumb/v7-m/nofp\libc_nano.a(lib_a-lock.o)
                0x20002730                __lock___sinit_recursive_mutex
 *fill*         0x20002731        0x3 
 .bss.__malloc_free_list
                0x20002734        0x4 e:/gnu arm embedded toolchain/10 2021.10/bin/../lib/gcc/arm-none-eabi/10.3.1/../../../../arm-none-eabi/lib/thumb/v7-m/nofp\libc_nano.a(lib_a-nano-mallocr.o)
                0x20002734                __malloc_free_list
 .bss.__malloc_sbrk_start
                0x20002738        0x4 e:/gnu arm embedded toolchain/10 2021.10/bin/../lib/gcc/arm-none-eabi/10.3.1/../../../../arm-none-eabi/lib/thumb/v7-m/nofp\libc_nano.a(lib_a-nano-mallocr.o)
                0x20002738                __malloc_sbrk_start
 .bss.errno     0x2000273c        0x4 e:/gnu arm embedded toolchain/10 2021.10/bin/../lib/gcc/arm-none-eabi/10.3.1/../../../../arm-none-eabi/lib/thumb/v7-m/nofp\libc_nano.a(lib_a-reent.o)
                0x2000273c                errno
 .bss.heap_end.0
                0x20002740        0x4 e:/gnu arm embedded toolchain/10 2021.10/bin/../lib/gcc/arm-none-eabi/10.3.1/../../../../arm-none-eabi/lib/thumb/v7-m/nofp\libnosys.a(sbrk.o)
 *(COMMON)
                0x20002744                . = ALIGN (0x4)
                0x20002744                _ebss = .
                0x20002744                __bss_end__ = _ebss

._user_heap_stack
                0x20002744      0x604 load address 0x08009ce4
                0x20002748                . = ALIGN (0x8)
 *fill*         0x20002744        0x4 
                0x20002748                PROVIDE (end = .)
                [!provide]                PROVIDE (_end = .)
                0x20002948                . = (. + _Min_Heap_Size)
 *fill*         0x20002748      0x200 
                0x20002d48                . = (. + _Min_Stack_Size)
 *fill*         0x20002948      0x400 
                0x20002d48                . = ALIGN (0x8)

/DISCARD/
 libc.a(*)
 libm.a(*)
 libgcc.a(*)

.ARM.attributes
                0x00000000       0x29
 *(.ARM.attributes)
 .ARM.attributes
                0x00000000       0x1d e:/gnu arm embedded toolchain/10 2021.10/bin/../lib/gcc/arm-none-eabi/10.3.1/thumb/v7-m/nofp/crti.o
 .ARM.attributes
                0x0000001d       0x2d e:/gnu arm embedded toolchain/10 2021.10/bin/../lib/gcc/arm-none-eabi/10.3.1/thumb/v7-m/nofp/crtbegin.o
 .ARM.attributes
                0x0000004a       0x2d build/main.o
 .ARM.attributes
                0x00000077       0x2d build/stm32f1xx_it.o
 .ARM.attributes
                0x000000a4       0x2d build/stm32f1xx_hal_msp.o
 .ARM.attributes
                0x000000d1       0x2d build/usb_device.o
 .ARM.attributes
                0x000000fe       0x2d build/usbd_conf.o
 .ARM.attributes
                0x0000012b       0x2d build/usbd_desc.o
 .ARM.attributes
                0x00000158       0x2d build/usbd_cdc_if.o
 .ARM.attributes
                0x00000185       0x2d build/usart.o
 .ARM.attributes
                0x000001b2       0x2d build/tim.o
 .ARM.attributes
                0x000001df       0x2d build/stm32f1xx_hal_tim.o
 .ARM.attributes
                0x0000020c       0x2d build/stm32f1xx_hal_tim_ex.o
 .ARM.attributes
                0x00000239       0x2d build/stm32f1xx_hal.o
 .ARM.attributes
                0x00000266       0x2d build/stm32f1xx_hal_rcc.o
 .ARM.attributes
                0x00000293       0x2d build/stm32f1xx_hal_rcc_ex.o
 .ARM.attributes
                0x000002c0       0x2d build/stm32f1xx_hal_gpio.o
 .ARM.attributes
                0x000002ed       0x2d build/stm32f1xx_hal_dma.o
 .ARM.attributes
                0x0000031a       0x2d build/stm32f1xx_hal_cortex.o
 .ARM.attributes
                0x00000347       0x2d build/stm32f1xx_hal_uart.o
 .ARM.attributes
                0x00000374       0x2d build/stm32f1xx_hal_pcd.o
 .ARM.attributes
                0x000003a1       0x2d build/stm32f1xx_hal_pcd_ex.o
 .ARM.attributes
                0x000003ce       0x2d build/stm32f1xx_ll_usb.o
 .ARM.attributes
                0x000003fb       0x2d build/usbd_core.o
 .ARM.attributes
                0x00000428       0x2d build/usbd_ctlreq.o
 .ARM.attributes
                0x00000455       0x2d build/usbd_ioreq.o
 .ARM.attributes
                0x00000482       0x2d build/usbd_cdc.o
 .ARM.attributes
                0x000004af       0x2d build/system_stm32f1xx.o
 .ARM.attributes
                0x000004dc       0x2d build/mbfuncother.o
 .ARM.attributes
                0x00000509       0x2d build/mbutils.o
 .ARM.attributes
                0x00000536       0x2d build/mbcrc.o
 .ARM.attributes
                0x00000563       0x2d build/portcritical.o
 .ARM.attributes
                0x00000590       0x2d build/mb_m.o
 .ARM.attributes
                0x000005bd       0x2d build/mbrtu_m.o
 .ARM.attributes
                0x000005ea       0x2d build/user_mb_app_m.o
 .ARM.attributes
                0x00000617       0x2d build/mbfunccoils_m.o
 .ARM.attributes
                0x00000644       0x2d build/mbfuncdisc_m.o
 .ARM.attributes
                0x00000671       0x2d build/mbfuncholding_m.o
 .ARM.attributes
                0x0000069e       0x2d build/mbfuncinput_m.o
 .ARM.attributes
                0x000006cb       0x2d build/portevent_m.o
 .ARM.attributes